Archive member included to satisfy reference by file (symbol)

f:/stm32/win-dev-tools/gcc-arm-none-eabi/bin/../lib/gcc/arm-none-eabi/10.3.1/../../../../arm-none-eabi/lib/thumb/v7e-m+fp/hard\libc_nano.a(lib_a-errno.o)
                              build/syscalls.o (__errno)
f:/stm32/win-dev-tools/gcc-arm-none-eabi/bin/../lib/gcc/arm-none-eabi/10.3.1/../../../../arm-none-eabi/lib/thumb/v7e-m+fp/hard\libc_nano.a(lib_a-exit.o)
                              f:/stm32/win-dev-tools/gcc-arm-none-eabi/bin/../lib/gcc/arm-none-eabi/10.3.1/../../../../arm-none-eabi/lib/thumb/v7e-m+fp/hard/crt0.o (exit)
f:/stm32/win-dev-tools/gcc-arm-none-eabi/bin/../lib/gcc/arm-none-eabi/10.3.1/../../../../arm-none-eabi/lib/thumb/v7e-m+fp/hard\libc_nano.a(lib_a-impure.o)
                              f:/stm32/win-dev-tools/gcc-arm-none-eabi/bin/../lib/gcc/arm-none-eabi/10.3.1/../../../../arm-none-eabi/lib/thumb/v7e-m+fp/hard\libc_nano.a(lib_a-exit.o) (_global_impure_ptr)
f:/stm32/win-dev-tools/gcc-arm-none-eabi/bin/../lib/gcc/arm-none-eabi/10.3.1/../../../../arm-none-eabi/lib/thumb/v7e-m+fp/hard\libc_nano.a(lib_a-init.o)
                              f:/stm32/win-dev-tools/gcc-arm-none-eabi/bin/../lib/gcc/arm-none-eabi/10.3.1/../../../../arm-none-eabi/lib/thumb/v7e-m+fp/hard/crt0.o (__libc_init_array)
f:/stm32/win-dev-tools/gcc-arm-none-eabi/bin/../lib/gcc/arm-none-eabi/10.3.1/../../../../arm-none-eabi/lib/thumb/v7e-m+fp/hard\libc_nano.a(lib_a-malloc.o)
                              build/lorawan_node_driver.o (malloc)
f:/stm32/win-dev-tools/gcc-arm-none-eabi/bin/../lib/gcc/arm-none-eabi/10.3.1/../../../../arm-none-eabi/lib/thumb/v7e-m+fp/hard\libc_nano.a(lib_a-memcpy-stub.o)
                              build/lorawan_node_driver.o (memcpy)
f:/stm32/win-dev-tools/gcc-arm-none-eabi/bin/../lib/gcc/arm-none-eabi/10.3.1/../../../../arm-none-eabi/lib/thumb/v7e-m+fp/hard\libc_nano.a(lib_a-memset.o)
                              f:/stm32/win-dev-tools/gcc-arm-none-eabi/bin/../lib/gcc/arm-none-eabi/10.3.1/../../../../arm-none-eabi/lib/thumb/v7e-m+fp/hard/crt0.o (memset)
f:/stm32/win-dev-tools/gcc-arm-none-eabi/bin/../lib/gcc/arm-none-eabi/10.3.1/../../../../arm-none-eabi/lib/thumb/v7e-m+fp/hard\libc_nano.a(lib_a-nano-freer.o)
                              f:/stm32/win-dev-tools/gcc-arm-none-eabi/bin/../lib/gcc/arm-none-eabi/10.3.1/../../../../arm-none-eabi/lib/thumb/v7e-m+fp/hard\libc_nano.a(lib_a-malloc.o) (_free_r)
f:/stm32/win-dev-tools/gcc-arm-none-eabi/bin/../lib/gcc/arm-none-eabi/10.3.1/../../../../arm-none-eabi/lib/thumb/v7e-m+fp/hard\libc_nano.a(lib_a-nano-mallocr.o)
                              f:/stm32/win-dev-tools/gcc-arm-none-eabi/bin/../lib/gcc/arm-none-eabi/10.3.1/../../../../arm-none-eabi/lib/thumb/v7e-m+fp/hard\libc_nano.a(lib_a-malloc.o) (_malloc_r)
f:/stm32/win-dev-tools/gcc-arm-none-eabi/bin/../lib/gcc/arm-none-eabi/10.3.1/../../../../arm-none-eabi/lib/thumb/v7e-m+fp/hard\libc_nano.a(lib_a-nano-vfprintf_float.o)
                              (_printf_float)
f:/stm32/win-dev-tools/gcc-arm-none-eabi/bin/../lib/gcc/arm-none-eabi/10.3.1/../../../../arm-none-eabi/lib/thumb/v7e-m+fp/hard\libc_nano.a(lib_a-nano-vfprintf_i.o)
                              f:/stm32/win-dev-tools/gcc-arm-none-eabi/bin/../lib/gcc/arm-none-eabi/10.3.1/../../../../arm-none-eabi/lib/thumb/v7e-m+fp/hard\libc_nano.a(lib_a-nano-vfprintf_float.o) (_printf_common)
f:/stm32/win-dev-tools/gcc-arm-none-eabi/bin/../lib/gcc/arm-none-eabi/10.3.1/../../../../arm-none-eabi/lib/thumb/v7e-m+fp/hard\libc_nano.a(lib_a-nano-vfscanf_float.o)
                              (_scanf_float)
f:/stm32/win-dev-tools/gcc-arm-none-eabi/bin/../lib/gcc/arm-none-eabi/10.3.1/../../../../arm-none-eabi/lib/thumb/v7e-m+fp/hard\libc_nano.a(lib_a-sbrkr.o)
                              f:/stm32/win-dev-tools/gcc-arm-none-eabi/bin/../lib/gcc/arm-none-eabi/10.3.1/../../../../arm-none-eabi/lib/thumb/v7e-m+fp/hard\libc_nano.a(lib_a-nano-mallocr.o) (_sbrk_r)
f:/stm32/win-dev-tools/gcc-arm-none-eabi/bin/../lib/gcc/arm-none-eabi/10.3.1/../../../../arm-none-eabi/lib/thumb/v7e-m+fp/hard\libc_nano.a(lib_a-sf_nan.o)
                              f:/stm32/win-dev-tools/gcc-arm-none-eabi/bin/../lib/gcc/arm-none-eabi/10.3.1/../../../../arm-none-eabi/lib/thumb/v7e-m+fp/hard\libc_nano.a(lib_a-nano-vfscanf_float.o) (nanf)
f:/stm32/win-dev-tools/gcc-arm-none-eabi/bin/../lib/gcc/arm-none-eabi/10.3.1/../../../../arm-none-eabi/lib/thumb/v7e-m+fp/hard\libc_nano.a(lib_a-sprintf.o)
                              build/Sample-CLI-commands.o (sprintf)
f:/stm32/win-dev-tools/gcc-arm-none-eabi/bin/../lib/gcc/arm-none-eabi/10.3.1/../../../../arm-none-eabi/lib/thumb/v7e-m+fp/hard\libc_nano.a(lib_a-strcpy.o)
                              build/UARTCommandConsole.o (strcpy)
f:/stm32/win-dev-tools/gcc-arm-none-eabi/bin/../lib/gcc/arm-none-eabi/10.3.1/../../../../arm-none-eabi/lib/thumb/v7e-m+fp/hard\libc_nano.a(lib_a-strlen.o)
[...]
Memory Configuration

Name             Origin             Length             Attributes
RAM              0x20000000         0x00018000         xrw
RAM2             0x10000000         0x00008000         xrw
FLASH            0x08000000         0x00100000         xr
*default*        0x00000000         0xffffffff

Linker script and memory map

LOAD f:/stm32/win-dev-tools/gcc-arm-none-eabi/bin/../lib/gcc/arm-none-eabi/10.3.1/thumb/v7e-m+fp/hard/crti.o
LOAD f:/stm32/win-dev-tools/gcc-arm-none-eabi/bin/../lib/gcc/arm-none-eabi/10.3.1/thumb/v7e-m+fp/hard/crtbegin.o
LOAD f:/stm32/win-dev-tools/gcc-arm-none-eabi/bin/../lib/gcc/arm-none-eabi/10.3.1/../../../../arm-none-eabi/lib/thumb/v7e-m+fp/hard/crt0.o
LOAD build/main.o
LOAD build/gpio.o
LOAD build/freertos.o
LOAD build/dma.o
LOAD build/i2c.o
LOAD build/usart.o
LOAD build/rtc.o
LOAD build/tim.o
LOAD build/stm32l4xx_it.o
LOAD build/stm32l4xx_hal_msp.o
LOAD build/printf.o
LOAD build/syscalls.o
LOAD build/common.o
LOAD build/key.o
LOAD build/lorawan_node_driver.o
LOAD build/sensors_test.o
LOAD build/hdc1000.o
LOAD build/max7q.o
LOAD build/mma8451.o
LOAD build/mpl3115.o
LOAD build/MX25L128.o
LOAD build/opt3001.o
LOAD build/ST7789v.o
LOAD build/XPT2046.o
LOAD build/FreeRTOS_CLI.o
LOAD build/Sample-CLI-commands.o
LOAD build/serial.o
LOAD build/UARTCommandConsole.o
LOAD build/app.o
LOAD build/stm32l4xx_hal.o
LOAD build/stm32l4xx_hal_rcc.o
LOAD build/stm32l4xx_hal_rcc_ex.o
LOAD build/stm32l4xx_hal_flash.o
LOAD build/stm32l4xx_hal_flash_ex.o
LOAD build/stm32l4xx_hal_flash_ramfunc.o
LOAD build/stm32l4xx_hal_gpio.o
LOAD build/stm32l4xx_hal_i2c.o
LOAD build/stm32l4xx_hal_i2c_ex.o
LOAD build/stm32l4xx_hal_dma.o
LOAD build/stm32l4xx_hal_dma_ex.o
LOAD build/stm32l4xx_hal_pwr.o
LOAD build/stm32l4xx_hal_pwr_ex.o
LOAD build/stm32l4xx_hal_cortex.o
LOAD build/stm32l4xx_hal_exti.o
LOAD build/stm32l4xx_hal_uart.o
LOAD build/stm32l4xx_hal_uart_ex.o
LOAD build/stm32l4xx_hal_rtc.o
LOAD build/stm32l4xx_hal_rtc_ex.o
LOAD build/stm32l4xx_hal_tim.o
LOAD build/stm32l4xx_hal_tim_ex.o
LOAD build/system_stm32l4xx.o
LOAD build/croutine.o
LOAD build/event_groups.o
LOAD build/list.o
LOAD build/queue.o
LOAD build/stream_buffer.o
LOAD build/tasks.o
LOAD build/timers.o
LOAD build/cmsis_os2.o
LOAD build/heap_4.o
LOAD build/port.o
LOAD build/stm32l4xx_hal_timebase_tim.o
LOAD build/startup_stm32l476xx.o
LOAD f:/stm32/win-dev-tools/gcc-arm-none-eabi/bin/../lib/gcc/arm-none-eabi/10.3.1/../../../../arm-none-eabi/lib/thumb/v7e-m+fp/hard\libc_nano.a
LOAD f:/stm32/win-dev-tools/gcc-arm-none-eabi/bin/../lib/gcc/arm-none-eabi/10.3.1/../../../../arm-none-eabi/lib/thumb/v7e-m+fp/hard\libm.a
LOAD f:/stm32/win-dev-tools/gcc-arm-none-eabi/bin/../lib/gcc/arm-none-eabi/10.3.1/../../../../arm-none-eabi/lib/thumb/v7e-m+fp/hard\libnosys.a
START GROUP
LOAD f:/stm32/win-dev-tools/gcc-arm-none-eabi/bin/../lib/gcc/arm-none-eabi/10.3.1/thumb/v7e-m+fp/hard\libgcc.a
LOAD f:/stm32/win-dev-tools/gcc-arm-none-eabi/bin/../lib/gcc/arm-none-eabi/10.3.1/../../../../arm-none-eabi/lib/thumb/v7e-m+fp/hard\libc_nano.a
END GROUP
START GROUP
LOAD f:/stm32/win-dev-tools/gcc-arm-none-eabi/bin/../lib/gcc/arm-none-eabi/10.3.1/thumb/v7e-m+fp/hard\libgcc.a
LOAD f:/stm32/win-dev-tools/gcc-arm-none-eabi/bin/../lib/gcc/arm-none-eabi/10.3.1/../../../../arm-none-eabi/lib/thumb/v7e-m+fp/hard\libc_nano.a
END GROUP
LOAD f:/stm32/win-dev-tools/gcc-arm-none-eabi/bin/../lib/gcc/arm-none-eabi/10.3.1/thumb/v7e-m+fp/hard/crtend.o
LOAD f:/stm32/win-dev-tools/gcc-arm-none-eabi/bin/../lib/gcc/arm-none-eabi/10.3.1/thumb/v7e-m+fp/hard/crtn.o
                0x20018000                _estack = (ORIGIN (RAM) + LENGTH (RAM))
                0x00001000                _Min_Heap_Size = 0x1000
                0x00002000                _Min_Stack_Size = 0x2000

.isr_vector     0x08000000      0x188
                0x08000000                . = ALIGN (0x8)
 *(.isr_vector)
 .isr_vector    0x08000000      0x188 build/startup_stm32l476xx.o
                0x08000000                g_pfnVectors
                0x08000188                . = ALIGN (0x8)

.text           0x08000190     0xe720
                0x08000190                . = ALIGN (0x8)
 *(.text)
 .text          0x08000190       0x40 f:/stm32/win-dev-tools/gcc-arm-none-eabi/bin/../lib/gcc/arm-none-eabi/10.3.1/thumb/v7e-m+fp/hard/crtbegin.o
 .text          0x080001d0       0x10 f:/stm32/win-dev-tools/gcc-arm-none-eabi/bin/../lib/gcc/arm-none-eabi/10.3.1/../../../../arm-none-eabi/lib/thumb/v7e-m+fp/hard\libc_nano.a(lib_a-strlen.o)
                0x080001d0                strlen
 .text          0x080001e0       0xa0 f:/stm32/win-dev-tools/gcc-arm-none-eabi/bin/../lib/gcc/arm-none-eabi/10.3.1/../../../../arm-none-eabi/lib/thumb/v7e-m+fp/hard\libc_nano.a(lib_a-memchr.o)
                0x080001e0                memchr
 .text          0x08000280      0x378 f:/stm32/win-dev-tools/gcc-arm-none-eabi/bin/../lib/gcc/arm-none-eabi/10.3.1/thumb/v7e-m+fp/hard\libgcc.a(_arm_addsubdf3.o)
                0x08000280                __aeabi_drsub
                0x08000288                __aeabi_dsub
                0x08000288                __subdf3
                0x0800028c                __aeabi_dadd
                0x0800028c                __adddf3
                0x08000504                __floatunsidf
                0x08000504                __aeabi_ui2d
                0x08000524                __floatsidf
                0x08000524                __aeabi_i2d
                0x08000548                __aeabi_f2d
                0x08000548                __extendsfdf2
                0x0800058c                __floatundidf
                0x0800058c                __aeabi_ul2d
                0x0800059c                __floatdidf
                0x0800059c                __aeabi_l2d
 .text          0x080005f8      0x424 f:/stm32/win-dev-tools/gcc-arm-none-eabi/bin/../lib/gcc/arm-none-eabi/10.3.1/thumb/v7e-m+fp/hard\libgcc.a(_arm_muldivdf3.o)
                0x080005f8                __aeabi_dmul
                0x080005f8                __muldf3
                0x0800084c                __divdf3
                0x0800084c                __aeabi_ddiv
 .text          0x08000a1c      0x110 f:/stm32/win-dev-tools/gcc-arm-none-eabi/bin/../lib/gcc/arm-none-eabi/10.3.1/thumb/v7e-m+fp/hard\libgcc.a(_arm_cmpdf2.o)
                0x08000a1c                __gtdf2
                0x08000a1c                __gedf2
                0x08000a24                __ltdf2
                0x08000a24                __ledf2
                0x08000a2c                __nedf2
                0x08000a2c                __eqdf2
                0x08000a2c                __cmpdf2
                0x08000aa8                __aeabi_cdrcmple
                0x08000ab8                __aeabi_cdcmpeq
                0x08000ab8                __aeabi_cdcmple
                0x08000ac8                __aeabi_dcmpeq
                0x08000adc                __aeabi_dcmplt
                0x08000af0                __aeabi_dcmple
                0x08000b04                __aeabi_dcmpge
                0x08000b18                __aeabi_dcmpgt
 .text          0x08000b2c       0x2c f:/stm32/win-dev-tools/gcc-arm-none-eabi/bin/../lib/gcc/arm-none-eabi/10.3.1/thumb/v7e-m+fp/hard\libgcc.a(_arm_unorddf2.o)
                0x08000b2c                __unorddf2
                0x08000b2c                __aeabi_dcmpun
 .text          0x08000b58       0x50 f:/stm32/win-dev-tools/gcc-arm-none-eabi/bin/../lib/gcc/arm-none-eabi/10.3.1/thumb/v7e-m+fp/hard\libgcc.a(_arm_fixdfsi.o)
                0x08000b58                __aeabi_d2iz
                0x08000b58                __fixdfsi
 .text          0x08000ba8       0x40 f:/stm32/win-dev-tools/gcc-arm-none-eabi/bin/../lib/gcc/arm-none-eabi/10.3.1/thumb/v7e-m+fp/hard\libgcc.a(_arm_fixunsdfsi.o)
                0x08000ba8                __aeabi_d2uiz
                0x08000ba8                __fixunsdfsi
 .text          0x08000be8       0xa0 f:/stm32/win-dev-tools/gcc-arm-none-eabi/bin/../lib/gcc/arm-none-eabi/10.3.1/thumb/v7e-m+fp/hard\libgcc.a(_arm_truncdfsf2.o)
                0x08000be8                __truncdfsf2
                0x08000be8                __aeabi_d2f
 .text          0x08000c88       0x30 f:/stm32/win-dev-tools/gcc-arm-none-eabi/bin/../lib/gcc/arm-none-eabi/10.3.1/thumb/v7e-m+fp/hard\libgcc.a(_aeabi_uldivmod.o)
                0x08000c88                __aeabi_uldivmod
 .text          0x08000cb8       0x30 f:/stm32/win-dev-tools/gcc-arm-none-eabi/bin/../lib/gcc/arm-none-eabi/10.3.1/thumb/v7e-m+fp/hard\libgcc.a(_fixdfdi.o)
                0x08000cb8                __fixdfdi
                0x08000cb8                __aeabi_d2lz
 .text          0x08000ce8       0x3c f:/stm32/win-dev-tools/gcc-arm-none-eabi/bin/../lib/gcc/arm-none-eabi/10.3.1/thumb/v7e-m+fp/hard\libgcc.a(_fixunsdfdi.o)
                0x08000ce8                __fixunsdfdi
                0x08000ce8                __aeabi_d2ulz
 .text          0x08000d24      0x2d0 f:/stm32/win-dev-tools/gcc-arm-none-eabi/bin/../lib/gcc/arm-none-eabi/10.3.1/thumb/v7e-m+fp/hard\libgcc.a(_udivmoddi4.o)
                0x08000d24                __udivmoddi4
 .text          0x08000ff4        0x4 f:/stm32/win-dev-tools/gcc-arm-none-eabi/bin/../lib/gcc/arm-none-eabi/10.3.1/thumb/v7e-m+fp/hard\libgcc.a(_dvmd_tls.o)
                0x08000ff4                __aeabi_idiv0
                0x08000ff4                __aeabi_ldiv0
 *(.text*)
 .text.HAL_TIM_PeriodElapsedCallback
                0x08000ff8       0x18 build/main.o
                0x08000ff8                HAL_TIM_PeriodElapsedCallback
 .text.Error_Handler
                0x08001010        0x4 build/main.o
                0x08001010                Error_Handler
 .text.SystemClock_Config
                0x08001014       0xb4 build/main.o
                0x08001014                SystemClock_Config
 .text.main     0x080010c8       0x7a build/main.o
                0x080010c8                main
 *fill*         0x08001142        0x2 
 .text.MX_GPIO_Init
                0x08001144      0x30c build/gpio.o
                0x08001144                MX_GPIO_Init
 .text.StartDefaultTask
                0x08001450        0xa build/freertos.o
                0x08001450                StartDefaultTask
 .text.StartTempTask
                0x0800145a        0xa build/freertos.o
                0x0800145a                StartTempTask
 .text.StartLoraWTask
                0x08001464        0xe build/freertos.o
                0x08001464                StartLoraWTask
 *fill*         0x08001472        0x2 
 .text.StartLEDTask
                0x08001474       0x30 build/freertos.o
                0x08001474                StartLEDTask
 .text.MX_FREERTOS_Init
                0x080014a4       0x84 build/freertos.o
                0x080014a4                MX_FREERTOS_Init
 .text.MX_DMA_Init
                0x08001528       0x64 build/dma.o
                0x08001528                MX_DMA_Init
 .text.MX_I2C1_Init
                0x0800158c       0x50 build/i2c.o
                0x0800158c                MX_I2C1_Init
 .text.HAL_I2C_MspInit
                0x080015dc       0x60 build/i2c.o
                0x080015dc                HAL_I2C_MspInit
 .text.MX_LPUART1_Init
                0x0800163c       0x34 build/usart.o
                0x0800163c                MX_LPUART1_Init
 .text.MX_USART2_Init
                0x08001670       0x38 build/usart.o
                0x08001670                MX_USART2_Init
 .text.HAL_UART_MspInit
                0x080016a8      0x1f8 build/usart.o
                0x080016a8                HAL_UART_MspInit
 .text.usart2_send_byte
                0x080018a0       0x20 build/usart.o
                0x080018a0                usart2_send_byte
 .text.usart2_send_data
                0x080018c0       0x18 build/usart.o
                0x080018c0                usart2_send_data
 .text.usart2_send_string
                0x080018d8       0x2c build/usart.o
                0x080018d8                usart2_send_string
 .text.USART2_Clear_IT
                0x08001904       0x38 build/usart.o
                0x08001904                USART2_Clear_IT
 .text.Usart1Receive_IDLE
                0x0800193c        0x2 build/usart.o
                0x0800193c                Usart1Receive_IDLE
 *fill*         0x0800193e        0x2 
 .text.Clear_UART1_IT
                0x08001940       0x38 build/usart.o
                0x08001940                Clear_UART1_IT
 .text.lpusart1_send_byte
                0x08001978       0x20 build/usart.o
                0x08001978                lpusart1_send_byte
 .text.lpusart1_send_data
                0x08001998       0x18 build/usart.o
                0x08001998                lpusart1_send_data
 .text.lpusart1_send_string
                0x080019b0       0x14 build/usart.o
                0x080019b0                lpusart1_send_string
 .text.lpusart1_receive_idle
                0x080019c4       0x4c build/usart.o
                0x080019c4                lpusart1_receive_idle
 .text.LPUART1_Clear_IT
                0x08001a10       0x38 build/usart.o
                0x08001a10                LPUART1_Clear_IT
 .text.debug_printf
                0x08001a48       0x2e build/usart.o
                0x08001a48                debug_printf
 *fill*         0x08001a76        0x2 
 .text.MX_RTC_Init
                0x08001a78       0x88 build/rtc.o
                0x08001a78                MX_RTC_Init
 .text.HAL_RTC_MspInit
                0x08001b00       0x60 build/rtc.o
                0x08001b00                HAL_RTC_MspInit
 .text.HAL_TIM_Base_MspInit
                0x08001b60       0x40 build/tim.o
                0x08001b60                HAL_TIM_Base_MspInit
 .text.HAL_TIM_MspPostInit
                0x08001ba0       0x54 build/tim.o
                0x08001ba0                HAL_TIM_MspPostInit
 .text.MX_TIM15_Init
                0x08001bf4       0xb4 build/tim.o
                0x08001bf4                MX_TIM15_Init
 .text.NMI_Handler
                0x08001ca8        0x2 build/stm32l4xx_it.o
                0x08001ca8                NMI_Handler
 .text.HardFault_Handler
                0x08001caa        0x2 build/stm32l4xx_it.o
                0x08001caa                HardFault_Handler
 .text.MemManage_Handler
                0x08001cac        0x2 build/stm32l4xx_it.o
                0x08001cac                MemManage_Handler
 .text.BusFault_Handler
                0x08001cae        0x2 build/stm32l4xx_it.o
                0x08001cae                BusFault_Handler
 .text.UsageFault_Handler
                0x08001cb0        0x2 build/stm32l4xx_it.o
                0x08001cb0                UsageFault_Handler
 .text.DebugMon_Handler
                0x08001cb2        0x2 build/stm32l4xx_it.o
                0x08001cb2                DebugMon_Handler
 .text.RTC_WKUP_IRQHandler
                0x08001cb4       0x10 build/stm32l4xx_it.o
                0x08001cb4                RTC_WKUP_IRQHandler
 .text.FLASH_IRQHandler
                0x08001cc4        0x8 build/stm32l4xx_it.o
                0x08001cc4                FLASH_IRQHandler
 .text.EXTI0_IRQHandler
                0x08001ccc        0xa build/stm32l4xx_it.o
                0x08001ccc                EXTI0_IRQHandler
 .text.EXTI4_IRQHandler
                0x08001cd6        0xa build/stm32l4xx_it.o
                0x08001cd6                EXTI4_IRQHandler
 .text.DMA1_Channel5_IRQHandler
                0x08001ce0       0x10 build/stm32l4xx_it.o
                0x08001ce0                DMA1_Channel5_IRQHandler
 .text.DMA1_Channel6_IRQHandler
                0x08001cf0       0x10 build/stm32l4xx_it.o
                0x08001cf0                DMA1_Channel6_IRQHandler
 .text.EXTI9_5_IRQHandler
                0x08001d00       0x10 build/stm32l4xx_it.o
                0x08001d00                EXTI9_5_IRQHandler
 .text.USART1_IRQHandler
                0x08001d10       0x14 build/stm32l4xx_it.o
                0x08001d10                USART1_IRQHandler
 .text.USART2_IRQHandler
                0x08001d24        0x8 build/stm32l4xx_it.o
                0x08001d24                USART2_IRQHandler
 .text.EXTI15_10_IRQHandler
                0x08001d2c        0xc build/stm32l4xx_it.o
                0x08001d2c                EXTI15_10_IRQHandler
 .text.TIM6_DAC_IRQHandler
                0x08001d38       0x10 build/stm32l4xx_it.o
                0x08001d38                TIM6_DAC_IRQHandler
 .text.TIM7_IRQHandler
                0x08001d48       0x10 build/stm32l4xx_it.o
                0x08001d48                TIM7_IRQHandler
 .text.DMA2_Channel7_IRQHandler
                0x08001d58       0x10 build/stm32l4xx_it.o
                0x08001d58                DMA2_Channel7_IRQHandler
 .text.LPUART1_IRQHandler
                0x08001d68       0x14 build/stm32l4xx_it.o
                0x08001d68                LPUART1_IRQHandler
 .text.HAL_MspInit
                0x08001d7c       0x50 build/stm32l4xx_hal_msp.o
                0x08001d7c                HAL_MspInit
 .text._getpid  0x08001dcc        0x4 build/syscalls.o
                0x08001dcc                _getpid
 .text._kill    0x08001dd0       0x10 build/syscalls.o
                0x08001dd0                _kill
 .text._exit    0x08001de0        0xc build/syscalls.o
                0x08001de0                _exit
 .text._read    0x08001dec       0x20 build/syscalls.o
                0x08001dec                _read
 .text._write   0x08001e0c       0x46 build/syscalls.o
                0x08001e0c                _write
 *fill*         0x08001e52        0x2 
 .text._sbrk    0x08001e54       0x3c build/syscalls.o
                0x08001e54                _sbrk
 .text._close   0x08001e90        0x6 build/syscalls.o
                0x08001e90                _close
 .text._fstat   0x08001e96        0xa build/syscalls.o
                0x08001e96                _fstat
 .text._isatty  0x08001ea0        0x4 build/syscalls.o
                0x08001ea0                _isatty
 .text._lseek   0x08001ea4        0x4 build/syscalls.o
                0x08001ea4                _lseek
 .text.system_delay_ms
                0x08001ea8       0x16 build/common.o
                0x08001ea8                system_delay_ms
 *fill*         0x08001ebe        0x2 
 .text.time_out_break_ms
                0x08001ec0       0x54 build/common.o
                0x08001ec0                time_out_break_ms
 .text.lower2upper_and_remove_spaces
                0x08001f14       0x26 build/common.o
                0x08001f14                lower2upper_and_remove_spaces
 .text.find_string
                0x08001f3a       0x30 build/common.o
                0x08001f3a                find_string
 .text.match_string
                0x08001f6a       0x66 build/common.o
                0x08001f6a                match_string
 .text.htoi     0x08001fd0       0x5a build/common.o
                0x08001fd0                htoi
 .text.KEY_DO   0x0800202a       0x5c build/key.o
                0x0800202a                KEY_DO
 *fill*         0x08002086        0x2 
 .text.HAL_GPIO_EXTI_Callback
                0x08002088      0x124 build/key.o
                0x08002088                HAL_GPIO_EXTI_Callback
 .text.node_gpio_read
                0x080021ac       0x28 build/lorawan_node_driver.o
 .text.node_gpio_set
                0x080021d4       0x98 build/lorawan_node_driver.o
 .text.node_hard_reset
                0x0800226c       0x3c build/lorawan_node_driver.o
 .text.commResultPrint
                0x080022a8       0x9c build/lorawan_node_driver.o
 .text.nodePinBusyStatusHolding
                0x08002344       0x2c build/lorawan_node_driver.o
 .text.transfer_inquire_command
                0x08002370       0xf0 build/lorawan_node_driver.o
 .text.node_block_join
                0x08002460       0xe0 build/lorawan_node_driver.o
 .text.free_down_info_list
                0x08002540       0x64 build/lorawan_node_driver.o
 .text.transfer_node_data
                0x080025a4       0x14 build/lorawan_node_driver.o
 .text.down_data_process
                0x080025b8       0x84 build/lorawan_node_driver.o
 .text.handle_cmd_return_data
                0x0800263c       0x2c build/lorawan_node_driver.o
 .text.nodeGpioConfig
                0x08002668        0x8 build/lorawan_node_driver.o
                0x08002668                nodeGpioConfig
 .text.Node_Hard_Reset
                0x08002670        0x8 build/lorawan_node_driver.o
                0x08002670                Node_Hard_Reset
 .text.nodeJoinNet
                0x08002678        0x8 build/lorawan_node_driver.o
                0x08002678                nodeJoinNet
 .text.nodeResetJoin
                0x08002680       0x2c build/lorawan_node_driver.o
                0x08002680                nodeResetJoin
 .text.node_block_send
                0x080026ac      0x190 build/lorawan_node_driver.o
 .text.nodeDataCommunicate
                0x0800283c       0x44 build/lorawan_node_driver.o
                0x0800283c                nodeDataCommunicate
 .text.I2Cx_Init
                0x08002880       0x40 build/hdc1000.o
                0x08002880                I2Cx_Init
 .text.HDC1000_IO_Init
                0x080028c0       0x10 build/hdc1000.o
                0x080028c0                HDC1000_IO_Init
 .text.Get_HDC1000_Handler
                0x080028d0        0x8 build/hdc1000.o
                0x080028d0                Get_HDC1000_Handler
 .text.HDC1000_Write_Buffer
                0x080028d8       0x7c build/hdc1000.o
 .text.HDC1000_Soft_Reset
                0x08002954       0x20 build/hdc1000.o
 .text.HDC1000_Set_Mode
                0x08002974       0x1e build/hdc1000.o
 .text.HDC1000_Init
                0x08002992       0x1c build/hdc1000.o
                0x08002992                HDC1000_Init
 *fill*         0x080029ae        0x2 
 .text.HDC1000_Read_Buffer
                0x080029b0       0x90 build/hdc1000.o
 .text.HDC1000_Read_Temper
                0x08002a40       0x20 build/hdc1000.o
                0x08002a40                HDC1000_Read_Temper
 .text.MMA8451_IO_Init
                0x08002a60       0x10 build/mma8451.o
                0x08002a60                MMA8451_IO_Init
 .text.Get_MMA8451_Handler
                0x08002a70        0x8 build/mma8451.o
                0x08002a70                Get_MMA8451_Handler
 .text.MMA8451_Read_Buffer
                0x08002a78       0x54 build/mma8451.o
 .text.MMA8451_Write_Buffer
                0x08002acc       0x58 build/mma8451.o
 .text.MMA8451_Init
                0x08002b24       0x7a build/mma8451.o
                0x08002b24                MMA8451_Init
 *fill*         0x08002b9e        0x2 
 .text.MPL3115_IO_Init
                0x08002ba0       0x10 build/mpl3115.o
                0x08002ba0                MPL3115_IO_Init
 .text.Get_MPL3115_Handler
                0x08002bb0        0x8 build/mpl3115.o
                0x08002bb0                Get_MPL3115_Handler
 .text.MPL3115_Write_Buffer
                0x08002bb8       0x58 build/mpl3115.o
 .text.MPL3115_SetMode
                0x08002c10       0x7a build/mpl3115.o
                0x08002c10                MPL3115_SetMode
 .text.MPL3115_Init
                0x08002c8a       0x18 build/mpl3115.o
                0x08002c8a                MPL3115_Init
 *fill*         0x08002ca2        0x2 
 .text.OPT3001_IO_Init
                0x08002ca4       0x10 build/opt3001.o
                0x08002ca4                OPT3001_IO_Init
 .text.Get_OPT3001_Handler
                0x08002cb4        0x8 build/opt3001.o
                0x08002cb4                Get_OPT3001_Handler
 .text.OPT3001_Read_Buffer
                0x08002cbc       0x78 build/opt3001.o
 .text.OPT3001_Write_Buffer
                0x08002d34       0x4c build/opt3001.o
 .text.OPT3001_Configure
                0x08002d80       0x50 build/opt3001.o
 .text.OPT3001_Init
                0x08002dd0       0x14 build/opt3001.o
                0x08002dd0                OPT3001_Init
 .text.LCD_WriteCommand
                0x08002de4       0x68 build/ST7789v.o
                0x08002de4                LCD_WriteCommand
 .text.LCD_WriteData_8bit
                0x08002e4c       0x68 build/ST7789v.o
                0x08002e4c                LCD_WriteData_8bit
 .text.ST7789V_INIT
                0x08002eb4      0x250 build/ST7789v.o
                0x08002eb4                ST7789V_INIT
 .text.LCDOpenWindows
                0x08003104       0x86 build/ST7789v.o
                0x08003104                LCDOpenWindows
 *fill*         0x0800318a        0x2 
 .text.LCD_WriteData_16bit
                0x0800318c       0x88 build/ST7789v.o
                0x0800318c                LCD_WriteData_16bit
 .text.LCD_DrawPoint
                0x08003214       0x4c build/ST7789v.o
                0x08003214                LCD_DrawPoint
 .text.LCD_ShowChar
                0x08003260       0x58 build/ST7789v.o
                0x08003260                LCD_ShowChar
 .text.LCD_Clear
                0x080032b8       0x54 build/ST7789v.o
                0x080032b8                LCD_Clear
 .text.LCD_ShowString
                0x0800330c       0x44 build/ST7789v.o
                0x0800330c                LCD_ShowString
 .text.LCD_Fill
                0x08003350       0x5c build/ST7789v.o
                0x08003350                LCD_Fill
 .text.LCD_ST7789_DrawPicture
                0x080033ac       0xd4 build/ST7789v.o
                0x080033ac                LCD_ST7789_DrawPicture
 .text.LCD_Test
                0x08003480       0x3c build/ST7789v.o
                0x08003480                LCD_Test
 .text.LCD_Init
                0x080034bc       0x68 build/ST7789v.o
                0x080034bc                LCD_Init
 .text.XPT2046_init
                0x08003524       0x28 build/XPT2046.o
                0x08003524                XPT2046_init
 .text.XPT2046_write
                0x0800354c       0x4e build/XPT2046.o
                0x0800354c                XPT2046_write
 .text.Delay_us
                0x0800359a       0x1c build/XPT2046.o
                0x0800359a                Delay_us
 .text.XPT2046_read
                0x080035b6       0x90 build/XPT2046.o
                0x080035b6                XPT2046_read
 *fill*         0x08003646        0x2 
 .text.ADS_Read_XY
                0x08003648       0x98 build/XPT2046.o
                0x08003648                ADS_Read_XY
 .text.Read_ADS
                0x080036e0       0x2c build/XPT2046.o
                0x080036e0                Read_ADS
 .text.Read_ADS2
                0x0800370c       0x8c build/XPT2046.o
                0x0800370c                Read_ADS2
 .text.prvGetNumberOfParameters
                0x08003798       0x28 build/FreeRTOS_CLI.o
 .text.prvRegisterCommand
                0x080037c0       0x4c build/FreeRTOS_CLI.o
 .text.prvHelpCommand
                0x0800380c       0x34 build/FreeRTOS_CLI.o
 .text.FreeRTOS_CLIRegisterCommand
                0x08003840       0x3e build/FreeRTOS_CLI.o
                0x08003840                FreeRTOS_CLIRegisterCommand
 *fill*         0x0800387e        0x2 
 .text.FreeRTOS_CLIProcessCommand
                0x08003880       0xc8 build/FreeRTOS_CLI.o
                0x08003880                FreeRTOS_CLIProcessCommand
 .text.FreeRTOS_CLIGetOutputBuffer
                0x08003948        0x8 build/FreeRTOS_CLI.o
                0x08003948                FreeRTOS_CLIGetOutputBuffer
 .text.FreeRTOS_CLIGetParameter
                0x08003950       0x50 build/FreeRTOS_CLI.o
                0x08003950                FreeRTOS_CLIGetParameter
 .text.prvParameterEchoCommand
                0x080039a0       0xa8 build/Sample-CLI-commands.o
 .text.prvThreeParameterEchoCommand
                0x08003a48       0xbc build/Sample-CLI-commands.o
 .text.prvTaskStatsCommand
                0x08003b04       0x54 build/Sample-CLI-commands.o
 .text.vRegisterSampleCLICommands
                0x08003b58       0x24 build/Sample-CLI-commands.o
                0x08003b58                vRegisterSampleCLICommands
 .text.xSerialPortInitMinimal
                0x08003b7c       0x40 build/serial.o
                0x08003b7c                xSerialPortInitMinimal
 .text.xSerialGetChar
                0x08003bbc       0x14 build/serial.o
                0x08003bbc                xSerialGetChar
 .text.xSerialPutChar
                0x08003bd0       0x60 build/serial.o
                0x08003bd0                xSerialPutChar
 .text.vSerialPutString
                0x08003c30       0x1c build/serial.o
                0x08003c30                vSerialPutString
 .text.vUARTInterruptHandler
                0x08003c4c       0x94 build/serial.o
                0x08003c4c                vUARTInterruptHandler
 .text.prvUARTCommandConsoleTask
                0x08003ce0      0x120 build/UARTCommandConsole.o
 .text.vUARTCommandConsoleStart
                0x08003e00       0x48 build/UARTCommandConsole.o
                0x08003e00                vUARTCommandConsoleStart
 .text.LoRaWAN_Func_Process
                0x08003e48      0x14c build/app.o
                0x08003e48                LoRaWAN_Func_Process
 .text.LoRaWAN_Borad_Info_Print
                0x08003f94       0x6c build/app.o
                0x08003f94                LoRaWAN_Borad_Info_Print
 .text.HAL_Init
                0x08004000       0x1e build/stm32l4xx_hal.o
                0x08004000                HAL_Init
 *fill*         0x0800401e        0x2 
 .text.HAL_IncTick
                0x08004020       0x18 build/stm32l4xx_hal.o
                0x08004020                HAL_IncTick
 .text.HAL_GetTick
                0x08004038        0xc build/stm32l4xx_hal.o
                0x08004038                HAL_GetTick
 .text.HAL_Delay
                0x08004044       0x28 build/stm32l4xx_hal.o
                0x08004044                HAL_Delay
 .text.RCC_SetFlashLatencyFromMSIRange
                0x0800406c       0x90 build/stm32l4xx_hal_rcc.o
 .text.HAL_RCC_GetSysClockFreq
                0x080040fc       0xb4 build/stm32l4xx_hal_rcc.o
                0x080040fc                HAL_RCC_GetSysClockFreq
 .text.HAL_RCC_OscConfig
                0x080041b0      0x61c build/stm32l4xx_hal_rcc.o
                0x080041b0                HAL_RCC_OscConfig
 .text.HAL_RCC_ClockConfig
                0x080047cc      0x188 build/stm32l4xx_hal_rcc.o
                0x080047cc                HAL_RCC_ClockConfig
 .text.HAL_RCC_GetHCLKFreq
                0x08004954        0xc build/stm32l4xx_hal_rcc.o
                0x08004954                HAL_RCC_GetHCLKFreq
 .text.HAL_RCC_GetPCLK1Freq
                0x08004960       0x24 build/stm32l4xx_hal_rcc.o
                0x08004960                HAL_RCC_GetPCLK1Freq
 .text.HAL_RCC_GetPCLK2Freq
                0x08004984       0x24 build/stm32l4xx_hal_rcc.o
                0x08004984                HAL_RCC_GetPCLK2Freq
 .text.HAL_RCC_GetClockConfig
                0x080049a8       0x3c build/stm32l4xx_hal_rcc.o
                0x080049a8                HAL_RCC_GetClockConfig
 .text.RCCEx_PLLSAI1_Config
                0x080049e4      0x170 build/stm32l4xx_hal_rcc_ex.o
 .text.RCCEx_PLLSAI2_Config
                0x08004b54      0x14c build/stm32l4xx_hal_rcc_ex.o
 .text.HAL_RCCEx_PeriphCLKConfig
                0x08004ca0      0x454 build/stm32l4xx_hal_rcc_ex.o
                0x08004ca0                HAL_RCCEx_PeriphCLKConfig
 .text.HAL_FLASH_EndOfOperationCallback
                0x080050f4        0x2 build/stm32l4xx_hal_flash.o
                0x080050f4                HAL_FLASH_EndOfOperationCallback
 .text.HAL_FLASH_OperationErrorCallback
                0x080050f6        0x2 build/stm32l4xx_hal_flash.o
                0x080050f6                HAL_FLASH_OperationErrorCallback
 .text.HAL_FLASH_IRQHandler
                0x080050f8      0x130 build/stm32l4xx_hal_flash.o
                0x080050f8                HAL_FLASH_IRQHandler
 .text.FLASH_PageErase
                0x08005228       0x44 build/stm32l4xx_hal_flash_ex.o
                0x08005228                FLASH_PageErase
 .text.FLASH_FlushCaches
                0x0800526c       0x64 build/stm32l4xx_hal_flash_ex.o
                0x0800526c                FLASH_FlushCaches
 .text.HAL_GPIO_Init
                0x080052d0      0x200 build/stm32l4xx_hal_gpio.o
                0x080052d0                HAL_GPIO_Init
 .text.HAL_GPIO_ReadPin
                0x080054d0        0xe build/stm32l4xx_hal_gpio.o
                0x080054d0                HAL_GPIO_ReadPin
 .text.HAL_GPIO_WritePin
                0x080054de        0xa build/stm32l4xx_hal_gpio.o
                0x080054de                HAL_GPIO_WritePin
 .text.HAL_GPIO_TogglePin
                0x080054e8       0x12 build/stm32l4xx_hal_gpio.o
                0x080054e8                HAL_GPIO_TogglePin
 *fill*         0x080054fa        0x2 
 .text.HAL_GPIO_EXTI_IRQHandler
                0x080054fc       0x1c build/stm32l4xx_hal_gpio.o
                0x080054fc                HAL_GPIO_EXTI_IRQHandler
 .text.I2C_Flush_TXDR
                0x08005518       0x22 build/stm32l4xx_hal_i2c.o
 .text.I2C_TransferConfig
                0x0800553a       0x3c build/stm32l4xx_hal_i2c.o
 .text.I2C_IsErrorOccurred
                0x08005576      0x114 build/stm32l4xx_hal_i2c.o
 .text.I2C_WaitOnTXISFlagUntilTimeout
                0x0800568a       0x60 build/stm32l4xx_hal_i2c.o
 .text.I2C_WaitOnFlagUntilTimeout
                0x080056ea       0x7c build/stm32l4xx_hal_i2c.o
 *fill*         0x08005766        0x2 
 .text.I2C_RequestMemoryRead
                0x08005768       0x78 build/stm32l4xx_hal_i2c.o
 .text.I2C_WaitOnSTOPFlagUntilTimeout
                0x080057e0       0x5e build/stm32l4xx_hal_i2c.o
 .text.I2C_WaitOnRXNEFlagUntilTimeout
                0x0800583e       0xaa build/stm32l4xx_hal_i2c.o
 .text.HAL_I2C_Init
                0x080058e8       0xc8 build/stm32l4xx_hal_i2c.o
                0x080058e8                HAL_I2C_Init
 .text.HAL_I2C_Master_Transmit
                0x080059b0      0x1a4 build/stm32l4xx_hal_i2c.o
                0x080059b0                HAL_I2C_Master_Transmit
 .text.HAL_I2C_Master_Receive
                0x08005b54      0x17c build/stm32l4xx_hal_i2c.o
                0x08005b54                HAL_I2C_Master_Receive
 .text.HAL_I2C_Mem_Read
                0x08005cd0      0x1b0 build/stm32l4xx_hal_i2c.o
                0x08005cd0                HAL_I2C_Mem_Read
 .text.HAL_I2C_GetState
                0x08005e80        0x6 build/stm32l4xx_hal_i2c.o
                0x08005e80                HAL_I2C_GetState
 .text.HAL_I2C_GetError
                0x08005e86        0x4 build/stm32l4xx_hal_i2c.o
                0x08005e86                HAL_I2C_GetError
 .text.HAL_I2CEx_ConfigAnalogFilter
                0x08005e8a       0x5c build/stm32l4xx_hal_i2c_ex.o
                0x08005e8a                HAL_I2CEx_ConfigAnalogFilter
 .text.DMA_SetConfig
                0x08005ee6       0x32 build/stm32l4xx_hal_dma.o
 .text.HAL_DMA_Init
                0x08005f18      0x108 build/stm32l4xx_hal_dma.o
                0x08005f18                HAL_DMA_Init
 .text.HAL_DMA_Start_IT
                0x08006020       0x76 build/stm32l4xx_hal_dma.o
                0x08006020                HAL_DMA_Start_IT
 .text.HAL_DMA_Abort
                0x08006096       0x4a build/stm32l4xx_hal_dma.o
                0x08006096                HAL_DMA_Abort
 .text.HAL_DMA_Abort_IT
                0x080060e0       0x50 build/stm32l4xx_hal_dma.o
                0x080060e0                HAL_DMA_Abort_IT
 .text.HAL_DMA_IRQHandler
                0x08006130       0xc4 build/stm32l4xx_hal_dma.o
                0x08006130                HAL_DMA_IRQHandler
 .text.HAL_DMA_GetError
                0x080061f4        0x4 build/stm32l4xx_hal_dma.o
                0x080061f4                HAL_DMA_GetError
 .text.HAL_PWREx_GetVoltageRange
                0x080061f8       0x10 build/stm32l4xx_hal_pwr_ex.o
                0x080061f8                HAL_PWREx_GetVoltageRange
 .text.HAL_PWREx_ControlVoltageScaling
                0x08006208       0x90 build/stm32l4xx_hal_pwr_ex.o
                0x08006208                HAL_PWREx_ControlVoltageScaling
 .text.HAL_NVIC_SetPriorityGrouping
                0x08006298       0x24 build/stm32l4xx_hal_cortex.o
                0x08006298                HAL_NVIC_SetPriorityGrouping
 .text.HAL_NVIC_SetPriority
                0x080062bc       0x70 build/stm32l4xx_hal_cortex.o
                0x080062bc                HAL_NVIC_SetPriority
 .text.HAL_NVIC_EnableIRQ
                0x0800632c       0x1c build/stm32l4xx_hal_cortex.o
                0x0800632c                HAL_NVIC_EnableIRQ
 .text.HAL_NVIC_DisableIRQ
                0x08006348       0x24 build/stm32l4xx_hal_cortex.o
                0x08006348                HAL_NVIC_DisableIRQ
 .text.UART_EndTxTransfer
                0x0800636c       0x18 build/stm32l4xx_hal_uart.o
 .text.UART_EndRxTransfer
                0x08006384       0x52 build/stm32l4xx_hal_uart.o
 .text.HAL_UART_DMAStop
                0x080063d6       0xac build/stm32l4xx_hal_uart.o
                0x080063d6                HAL_UART_DMAStop
 .text.HAL_UART_TxCpltCallback
                0x08006482        0x2 build/stm32l4xx_hal_uart.o
                0x08006482                HAL_UART_TxCpltCallback
 .text.UART_EndTransmit_IT
                0x08006484       0x22 build/stm32l4xx_hal_uart.o
 .text.HAL_UART_RxCpltCallback
                0x080064a6        0x2 build/stm32l4xx_hal_uart.o
                0x080064a6                HAL_UART_RxCpltCallback
 .text.HAL_UART_RxHalfCpltCallback
                0x080064a8        0x2 build/stm32l4xx_hal_uart.o
                0x080064a8                HAL_UART_RxHalfCpltCallback
 .text.HAL_UART_ErrorCallback
                0x080064aa        0x2 build/stm32l4xx_hal_uart.o
                0x080064aa                HAL_UART_ErrorCallback
 .text.UART_DMAError
                0x080064ac       0x56 build/stm32l4xx_hal_uart.o
 .text.UART_DMAAbortOnError
                0x08006502       0x14 build/stm32l4xx_hal_uart.o
 .text.HAL_UARTEx_RxEventCallback
                0x08006516        0x2 build/stm32l4xx_hal_uart.o
                0x08006516                HAL_UARTEx_RxEventCallback
 .text.HAL_UART_IRQHandler
                0x08006518      0x30c build/stm32l4xx_hal_uart.o
                0x08006518                HAL_UART_IRQHandler
 .text.UART_DMARxHalfCplt
                0x08006824       0x20 build/stm32l4xx_hal_uart.o
 .text.UART_DMAReceiveCplt
                0x08006844       0x92 build/stm32l4xx_hal_uart.o
 .text.HAL_UART_GetState
                0x080068d6        0xa build/stm32l4xx_hal_uart.o
                0x080068d6                HAL_UART_GetState
 .text.UART_SetConfig
                0x080068e0      0x328 build/stm32l4xx_hal_uart.o
                0x080068e0                UART_SetConfig
 .text.UART_AdvFeatureConfig
                0x08006c08       0xca build/stm32l4xx_hal_uart.o
                0x08006c08                UART_AdvFeatureConfig
 .text.UART_WaitOnFlagUntilTimeout
                0x08006cd2       0xa2 build/stm32l4xx_hal_uart.o
                0x08006cd2                UART_WaitOnFlagUntilTimeout
 .text.HAL_UART_Transmit
                0x08006d74       0xc8 build/stm32l4xx_hal_uart.o
                0x08006d74                HAL_UART_Transmit
 .text.UART_CheckIdleState
                0x08006e3c       0xc6 build/stm32l4xx_hal_uart.o
                0x08006e3c                UART_CheckIdleState
 .text.HAL_UART_Init
                0x08006f02       0x62 build/stm32l4xx_hal_uart.o
                0x08006f02                HAL_UART_Init
 .text.UART_Start_Receive_DMA
                0x08006f64       0xa8 build/stm32l4xx_hal_uart.o
                0x08006f64                UART_Start_Receive_DMA
 .text.HAL_UART_Receive_DMA
                0x0800700c       0x4c build/stm32l4xx_hal_uart.o
                0x0800700c                HAL_UART_Receive_DMA
 .text.HAL_UARTEx_WakeupCallback
                0x08007058        0x2 build/stm32l4xx_hal_uart_ex.o
                0x08007058                HAL_UARTEx_WakeupCallback
 *fill*         0x0800705a        0x2 
 .text.HAL_RTC_WaitForSynchro
                0x0800705c       0x34 build/stm32l4xx_hal_rtc.o
                0x0800705c                HAL_RTC_WaitForSynchro
 .text.RTC_EnterInitMode
                0x08007090       0x44 build/stm32l4xx_hal_rtc.o
                0x08007090                RTC_EnterInitMode
 .text.RTC_ExitInitMode
                0x080070d4       0x50 build/stm32l4xx_hal_rtc.o
                0x080070d4                RTC_ExitInitMode
 .text.HAL_RTC_Init
                0x08007124       0xa6 build/stm32l4xx_hal_rtc.o
                0x08007124                HAL_RTC_Init
 .text.HAL_RTCEx_WakeUpTimerEventCallback
                0x080071ca        0x2 build/stm32l4xx_hal_rtc_ex.o
                0x080071ca                HAL_RTCEx_WakeUpTimerEventCallback
 .text.HAL_RTCEx_WakeUpTimerIRQHandler
                0x080071cc       0x34 build/stm32l4xx_hal_rtc_ex.o
                0x080071cc                HAL_RTCEx_WakeUpTimerIRQHandler
 .text.HAL_RTCEx_BKUPWrite
                0x08007200       0x18 build/stm32l4xx_hal_rtc_ex.o
                0x08007200                HAL_RTCEx_BKUPWrite
 .text.HAL_RTCEx_BKUPRead
                0x08007218        0xa build/stm32l4xx_hal_rtc_ex.o
                0x08007218                HAL_RTCEx_BKUPRead
 *fill*         0x08007222        0x2 
 .text.TIM_OC1_SetConfig
                0x08007224       0xa0 build/stm32l4xx_hal_tim.o
 .text.TIM_OC3_SetConfig
                0x080072c4       0x8c build/stm32l4xx_hal_tim.o
 .text.TIM_OC4_SetConfig
                0x08007350       0x6c build/stm32l4xx_hal_tim.o
 .text.TIM_OC5_SetConfig
                0x080073bc       0x68 build/stm32l4xx_hal_tim.o
 .text.TIM_OC6_SetConfig
                0x08007424       0x6c build/stm32l4xx_hal_tim.o
 .text.HAL_TIM_Base_Start_IT
                0x08007490       0x8c build/stm32l4xx_hal_tim.o
                0x08007490                HAL_TIM_Base_Start_IT
 .text.HAL_TIM_PWM_MspInit
                0x0800751c        0x2 build/stm32l4xx_hal_tim.o
                0x0800751c                HAL_TIM_PWM_MspInit
 .text.HAL_TIM_OC_DelayElapsedCallback
                0x0800751e        0x2 build/stm32l4xx_hal_tim.o
                0x0800751e                HAL_TIM_OC_DelayElapsedCallback
 .text.HAL_TIM_IC_CaptureCallback
                0x08007520        0x2 build/stm32l4xx_hal_tim.o
                0x08007520                HAL_TIM_IC_CaptureCallback
 .text.HAL_TIM_PWM_PulseFinishedCallback
                0x08007522        0x2 build/stm32l4xx_hal_tim.o
                0x08007522                HAL_TIM_PWM_PulseFinishedCallback
 .text.HAL_TIM_TriggerCallback
                0x08007524        0x2 build/stm32l4xx_hal_tim.o
                0x08007524                HAL_TIM_TriggerCallback
 .text.HAL_TIM_IRQHandler
                0x08007526      0x17a build/stm32l4xx_hal_tim.o
                0x08007526                HAL_TIM_IRQHandler
 .text.TIM_Base_SetConfig
                0x080076a0       0xd8 build/stm32l4xx_hal_tim.o
                0x080076a0                TIM_Base_SetConfig
 .text.HAL_TIM_Base_Init
                0x08007778       0x60 build/stm32l4xx_hal_tim.o
                0x08007778                HAL_TIM_Base_Init
 .text.HAL_TIM_PWM_Init
                0x080077d8       0x60 build/stm32l4xx_hal_tim.o
                0x080077d8                HAL_TIM_PWM_Init
 .text.TIM_OC2_SetConfig
                0x08007838       0x8c build/stm32l4xx_hal_tim.o
                0x08007838                TIM_OC2_SetConfig
 .text.HAL_TIM_PWM_ConfigChannel
                0x080078c4      0x13a build/stm32l4xx_hal_tim.o
                0x080078c4                HAL_TIM_PWM_ConfigChannel
 .text.TIM_CCxChannelCmd
                0x080079fe       0x1e build/stm32l4xx_hal_tim.o
                0x080079fe                TIM_CCxChannelCmd
 .text.HAL_TIM_PWM_Start
                0x08007a1c      0x160 build/stm32l4xx_hal_tim.o
                0x08007a1c                HAL_TIM_PWM_Start
 .text.HAL_TIMEx_MasterConfigSynchronization
                0x08007b7c       0x98 build/stm32l4xx_hal_tim_ex.o
                0x08007b7c                HAL_TIMEx_MasterConfigSynchronization
 .text.HAL_TIMEx_ConfigBreakDeadTime
                0x08007c14       0x90 build/stm32l4xx_hal_tim_ex.o
                0x08007c14                HAL_TIMEx_ConfigBreakDeadTime
 .text.HAL_TIMEx_CommutCallback
                0x08007ca4        0x2 build/stm32l4xx_hal_tim_ex.o
                0x08007ca4                HAL_TIMEx_CommutCallback
 .text.HAL_TIMEx_BreakCallback
                0x08007ca6        0x2 build/stm32l4xx_hal_tim_ex.o
                0x08007ca6                HAL_TIMEx_BreakCallback
 .text.HAL_TIMEx_Break2Callback
                0x08007ca8        0x2 build/stm32l4xx_hal_tim_ex.o
                0x08007ca8                HAL_TIMEx_Break2Callback
 *fill*         0x08007caa        0x2 
 .text.SystemInit
                0x08007cac       0x14 build/system_stm32l4xx.o
                0x08007cac                SystemInit
 .text.vListInitialise
                0x08007cc0       0x16 build/list.o
                0x08007cc0                vListInitialise
 .text.vListInitialiseItem
                0x08007cd6        0x6 build/list.o
                0x08007cd6                vListInitialiseItem
 .text.vListInsertEnd
                0x08007cdc       0x16 build/list.o
                0x08007cdc                vListInsertEnd
 .text.vListInsert
                0x08007cf2       0x32 build/list.o
                0x08007cf2                vListInsert
 .text.uxListRemove
                0x08007d24       0x26 build/list.o
                0x08007d24                uxListRemove
 .text.prvGetDisinheritPriorityAfterTimeout
                0x08007d4a       0x10 build/queue.o
 .text.prvIsQueueFull
                0x08007d5a       0x1e build/queue.o
 .text.prvIsQueueEmpty
                0x08007d78       0x1a build/queue.o
 .text.prvCopyDataToQueue
                0x08007d92       0x76 build/queue.o
 .text.prvCopyDataFromQueue
                0x08007e08       0x24 build/queue.o
 .text.prvUnlockQueue
                0x08007e2c       0x6e build/queue.o
 .text.xQueueGenericReset
                0x08007e9a       0x84 build/queue.o
                0x08007e9a                xQueueGenericReset
 .text.prvInitialiseNewQueue
                0x08007f1e       0x22 build/queue.o
 .text.xQueueGenericCreateStatic
                0x08007f40       0x94 build/queue.o
                0x08007f40                xQueueGenericCreateStatic
 .text.xQueueGenericCreate
                0x08007fd4       0x48 build/queue.o
                0x08007fd4                xQueueGenericCreate
 .text.xQueueGenericSend
                0x0800801c      0x188 build/queue.o
                0x0800801c                xQueueGenericSend
 .text.prvInitialiseMutex
                0x080081a4       0x18 build/queue.o
 .text.xQueueCreateMutex
                0x080081bc       0x16 build/queue.o
                0x080081bc                xQueueCreateMutex
 .text.xQueueGenericSendFromISR
                0x080081d2       0xce build/queue.o
                0x080081d2                xQueueGenericSendFromISR
 .text.xQueueReceive
                0x080082a0      0x15e build/queue.o
                0x080082a0                xQueueReceive
 .text.xQueueSemaphoreTake
                0x080083fe      0x1a6 build/queue.o
                0x080083fe                xQueueSemaphoreTake
 .text.vQueueAddToRegistry
                0x080085a4       0x28 build/queue.o
                0x080085a4                vQueueAddToRegistry
 .text.vQueueWaitForMessageRestricted
                0x080085cc       0x52 build/queue.o
                0x080085cc                vQueueWaitForMessageRestricted
 *fill*         0x0800861e        0x2 
 .text.prvResetNextTaskUnblockTime
                0x08008620       0x2c build/tasks.o
 .text.prvInitialiseNewTask
                0x0800864c       0xa6 build/tasks.o
 *fill*         0x080086f2        0x2 
 .text.prvInitialiseTaskLists
                0x080086f4       0x68 build/tasks.o
 .text.prvAddNewTaskToReadyList
                0x0800875c       0xac build/tasks.o
 .text.prvDeleteTCB
                0x08008808       0x38 build/tasks.o
 .text.prvCheckTasksWaitingTermination
                0x08008840       0x4c build/tasks.o
 .text.prvIdleTask
                0x0800888c       0x28 build/tasks.o
 .text.prvAddCurrentTaskToDelayedList
                0x080088b4       0x7c build/tasks.o
 .text.xTaskCreateStatic
                0x08008930       0x76 build/tasks.o
                0x08008930                xTaskCreateStatic
 .text.xTaskCreate
                0x080089a6       0x68 build/tasks.o
                0x080089a6                xTaskCreate
 *fill*         0x08008a0e        0x2 
 .text.vTaskStartScheduler
                0x08008a10       0x9c build/tasks.o
                0x08008a10                vTaskStartScheduler
 .text.vTaskSuspendAll
                0x08008aac       0x10 build/tasks.o
                0x08008aac                vTaskSuspendAll
 .text.xTaskGetTickCount
                0x08008abc        0xc build/tasks.o
                0x08008abc                xTaskGetTickCount
 .text.xTaskIncrementTick
                0x08008ac8      0x118 build/tasks.o
                0x08008ac8                xTaskIncrementTick
 .text.xTaskResumeAll
                0x08008be0       0xf8 build/tasks.o
                0x08008be0                xTaskResumeAll
 .text.vTaskDelay
                0x08008cd8       0x4c build/tasks.o
                0x08008cd8                vTaskDelay
 .text.vTaskSwitchContext
                0x08008d24       0x94 build/tasks.o
                0x08008d24                vTaskSwitchContext
 .text.vTaskPlaceOnEventList
                0x08008db8       0x30 build/tasks.o
                0x08008db8                vTaskPlaceOnEventList
 .text.vTaskPlaceOnEventListRestricted
                0x08008de8       0x38 build/tasks.o
                0x08008de8                vTaskPlaceOnEventListRestricted
 .text.xTaskRemoveFromEventList
                0x08008e20       0x8c build/tasks.o
                0x08008e20                xTaskRemoveFromEventList
 .text.vTaskInternalSetTimeOutState
                0x08008eac       0x18 build/tasks.o
                0x08008eac                vTaskInternalSetTimeOutState
 .text.xTaskCheckForTimeOut
                0x08008ec4       0x84 build/tasks.o
                0x08008ec4                xTaskCheckForTimeOut
 .text.vTaskMissedYield
                0x08008f48        0xc build/tasks.o
                0x08008f48                vTaskMissedYield
 .text.xTaskGetSchedulerState
                0x08008f54       0x20 build/tasks.o
                0x08008f54                xTaskGetSchedulerState
 .text.xTaskPriorityInherit
                0x08008f74       0x98 build/tasks.o
                0x08008f74                xTaskPriorityInherit
 .text.xTaskPriorityDisinherit
                0x0800900c       0x90 build/tasks.o
                0x0800900c                xTaskPriorityDisinherit
 .text.vTaskPriorityDisinheritAfterTimeout
                0x0800909c       0xa0 build/tasks.o
                0x0800909c                vTaskPriorityDisinheritAfterTimeout
 .text.pvTaskIncrementMutexHeldCount
                0x0800913c       0x1c build/tasks.o
                0x0800913c                pvTaskIncrementMutexHeldCount
 .text.prvGetNextExpireTime
                0x08009158       0x20 build/timers.o
 .text.prvInsertTimerInActiveList
                0x08009178       0x48 build/timers.o
 .text.prvCheckForValidListAndQueue
                0x080091c0       0x70 build/timers.o
 .text.xTimerCreateTimerTask
                0x08009230       0x64 build/timers.o
                0x08009230                xTimerCreateTimerTask
 .text.xTimerGenericCommand
                0x08009294       0x6c build/timers.o
                0x08009294                xTimerGenericCommand
 .text.prvSwitchTimerLists
                0x08009300       0x7c build/timers.o
 .text.prvSampleTimeNow
                0x0800937c       0x2c build/timers.o
 .text.prvProcessExpiredTimer
                0x080093a8       0x6c build/timers.o
 .text.prvProcessTimerOrBlockTask
                0x08009414       0x74 build/timers.o
 .text.prvProcessReceivedCommands
                0x08009488      0x10c build/timers.o
 .text.prvTimerTask
                0x08009594       0x16 build/timers.o
 .text.SysTick_Handler
                0x080095aa       0x18 build/cmsis_os2.o
                0x080095aa                SysTick_Handler
 *fill*         0x080095c2        0x2 
 .text.osKernelInitialize
                0x080095c4       0x24 build/cmsis_os2.o
                0x080095c4                osKernelInitialize
 .text.osKernelStart
                0x080095e8       0x38 build/cmsis_os2.o
                0x080095e8                osKernelStart
 .text.osThreadNew
                0x08009620       0xbc build/cmsis_os2.o
                0x08009620                osThreadNew
 .text.osDelay  0x080096dc       0x1c build/cmsis_os2.o
                0x080096dc                osDelay
 .text.osMessageQueueNew
                0x080096f8       0x96 build/cmsis_os2.o
                0x080096f8                osMessageQueueNew
 *fill*         0x0800978e        0x2 
 .text.vApplicationGetIdleTaskMemory
                0x08009790       0x18 build/cmsis_os2.o
                0x08009790                vApplicationGetIdleTaskMemory
 .text.vApplicationGetTimerTaskMemory
                0x080097a8       0x18 build/cmsis_os2.o
                0x080097a8                vApplicationGetTimerTaskMemory
 .text.prvHeapInit
                0x080097c0       0x68 build/heap_4.o
 .text.prvInsertBlockIntoFreeList
                0x08009828       0x64 build/heap_4.o
 .text.pvPortMalloc
                0x0800988c       0xfc build/heap_4.o
                0x0800988c                pvPortMalloc
 .text.vPortFree
                0x08009988       0x7c build/heap_4.o
                0x08009988                vPortFree
 .text.prvTaskExitError
                0x08009a04       0x40 build/port.o
 .text.prvPortStartFirstTask
                0x08009a44       0x28 build/port.o
 .text.vPortEnableVFP
                0x08009a6c       0x14 build/port.o
 .text.pxPortInitialiseStack
                0x08009a80       0x2c build/port.o
                0x08009a80                pxPortInitialiseStack
 *fill*         0x08009aac        0x4 
 .text.SVC_Handler
                0x08009ab0       0x24 build/port.o
                0x08009ab0                SVC_Handler
 .text.vPortEnterCritical
                0x08009ad4       0x44 build/port.o
                0x08009ad4                vPortEnterCritical
 .text.vPortExitCritical
                0x08009b18       0x2c build/port.o
                0x08009b18                vPortExitCritical
 *fill*         0x08009b44        0xc 
 .text.PendSV_Handler
                0x08009b50       0x64 build/port.o
                0x08009b50                PendSV_Handler
 .text.xPortSysTickHandler
                0x08009bb4       0x2c build/port.o
                0x08009bb4                xPortSysTickHandler
 .text.vPortSetupTimerInterrupt
                0x08009be0       0x28 build/port.o
                0x08009be0                vPortSetupTimerInterrupt
 .text.xPortStartScheduler
                0x08009c08      0x118 build/port.o
                0x08009c08                xPortStartScheduler
 .text.vPortValidateInterruptPriority
                0x08009d20       0x5c build/port.o
                0x08009d20                vPortValidateInterruptPriority
 .text.HAL_InitTick
                0x08009d7c       0xa0 build/stm32l4xx_hal_timebase_tim.o
                0x08009d7c                HAL_InitTick
 .text.Reset_Handler
                0x08009e1c       0x50 build/startup_stm32l476xx.o
                0x08009e1c                Reset_Handler
 .text.Default_Handler
                0x08009e6c        0x2 build/startup_stm32l476xx.o
                0x08009e6c                RTC_Alarm_IRQHandler
                0x08009e6c                EXTI2_IRQHandler
                0x08009e6c                TIM8_TRG_COM_IRQHandler
                0x08009e6c                TIM8_CC_IRQHandler
                0x08009e6c                TIM1_CC_IRQHandler
                0x08009e6c                TSC_IRQHandler
                0x08009e6c                TAMP_STAMP_IRQHandler
                0x08009e6c                EXTI3_IRQHandler
                0x08009e6c                LPTIM2_IRQHandler
                0x08009e6c                DFSDM1_FLT1_IRQHandler
                0x08009e6c                I2C3_ER_IRQHandler
                0x08009e6c                DFSDM1_FLT2_IRQHandler
                0x08009e6c                I2C2_EV_IRQHandler
                0x08009e6c                CAN1_RX0_IRQHandler
                0x08009e6c                FPU_IRQHandler
                0x08009e6c                TIM1_UP_TIM16_IRQHandler
                0x08009e6c                ADC1_2_IRQHandler
                0x08009e6c                SPI1_IRQHandler
                0x08009e6c                TIM8_UP_IRQHandler
                0x08009e6c                DMA2_Channel2_IRQHandler
                0x08009e6c                DMA1_Channel4_IRQHandler
                0x08009e6c                SAI2_IRQHandler
                0x08009e6c                DFSDM1_FLT3_IRQHandler
                0x08009e6c                USART3_IRQHandler
                0x08009e6c                DMA1_Channel7_IRQHandler
                0x08009e6c                CAN1_RX1_IRQHandler
                0x08009e6c                LCD_IRQHandler
                0x08009e6c                UART5_IRQHandler
                0x08009e6c                ADC3_IRQHandler
                0x08009e6c                TIM4_IRQHandler
                0x08009e6c                DMA2_Channel1_IRQHandler
                0x08009e6c                QUADSPI_IRQHandler
                0x08009e6c                I2C1_EV_IRQHandler
                0x08009e6c                UART4_IRQHandler
                0x08009e6c                DMA2_Channel4_IRQHandler
                0x08009e6c                TIM3_IRQHandler
                0x08009e6c                RCC_IRQHandler
                0x08009e6c                DMA1_Channel1_IRQHandler
                0x08009e6c                Default_Handler
                0x08009e6c                SDMMC1_IRQHandler
                0x08009e6c                TIM5_IRQHandler
                0x08009e6c                I2C3_EV_IRQHandler
                0x08009e6c                PVD_PVM_IRQHandler
                0x08009e6c                SPI2_IRQHandler
                0x08009e6c                CAN1_TX_IRQHandler
                0x08009e6c                DMA2_Channel5_IRQHandler
                0x08009e6c                RNG_IRQHandler
                0x08009e6c                TIM1_TRG_COM_TIM17_IRQHandler
                0x08009e6c                DMA1_Channel3_IRQHandler
                0x08009e6c                COMP_IRQHandler
                0x08009e6c                WWDG_IRQHandler
                0x08009e6c                DMA2_Channel6_IRQHandler
                0x08009e6c                TIM2_IRQHandler
                0x08009e6c                EXTI1_IRQHandler
                0x08009e6c                DFSDM1_FLT0_IRQHandler
                0x08009e6c                I2C2_ER_IRQHandler
                0x08009e6c                DMA1_Channel2_IRQHandler
                0x08009e6c                TIM8_BRK_IRQHandler
                0x08009e6c                CAN1_SCE_IRQHandler
                0x08009e6c                OTG_FS_IRQHandler
                0x08009e6c                SPI3_IRQHandler
                0x08009e6c                I2C1_ER_IRQHandler
                0x08009e6c                FMC_IRQHandler
                0x08009e6c                SWPMI1_IRQHandler
                0x08009e6c                LPTIM1_IRQHandler
                0x08009e6c                SAI1_IRQHandler
                0x08009e6c                DMA2_Channel3_IRQHandler
                0x08009e6c                TIM1_BRK_TIM15_IRQHandler
 *fill*         0x08009e6e        0x2 
 .text.__errno  0x08009e70        0xc f:/stm32/win-dev-tools/gcc-arm-none-eabi/bin/../lib/gcc/arm-none-eabi/10.3.1/../../../../arm-none-eabi/lib/thumb/v7e-m+fp/hard\libc_nano.a(lib_a-errno.o)
                0x08009e70                __errno
 .text.__libc_init_array
                0x08009e7c       0x48 f:/stm32/win-dev-tools/gcc-arm-none-eabi/bin/../lib/gcc/arm-none-eabi/10.3.1/../../../../arm-none-eabi/lib/thumb/v7e-m+fp/hard\libc_nano.a(lib_a-init.o)
                0x08009e7c                __libc_init_array
 .text.malloc   0x08009ec4       0x10 f:/stm32/win-dev-tools/gcc-arm-none-eabi/bin/../lib/gcc/arm-none-eabi/10.3.1/../../../../arm-none-eabi/lib/thumb/v7e-m+fp/hard\libc_nano.a(lib_a-malloc.o)
                0x08009ec4                malloc
 .text.free     0x08009ed4       0x10 f:/stm32/win-dev-tools/gcc-arm-none-eabi/bin/../lib/gcc/arm-none-eabi/10.3.1/../../../../arm-none-eabi/lib/thumb/v7e-m+fp/hard\libc_nano.a(lib_a-malloc.o)
                0x08009ed4                free
 .text.memcpy   0x08009ee4       0x1c f:/stm32/win-dev-tools/gcc-arm-none-eabi/bin/../lib/gcc/arm-none-eabi/10.3.1/../../../../arm-none-eabi/lib/thumb/v7e-m+fp/hard\libc_nano.a(lib_a-memcpy-stub.o)
                0x08009ee4                memcpy
 .text.memset   0x08009f00       0x10 f:/stm32/win-dev-tools/gcc-arm-none-eabi/bin/../lib/gcc/arm-none-eabi/10.3.1/../../../../arm-none-eabi/lib/thumb/v7e-m+fp/hard\libc_nano.a(lib_a-memset.o)
                0x08009f00                memset
 .text._free_r  0x08009f10       0x98 f:/stm32/win-dev-tools/gcc-arm-none-eabi/bin/../lib/gcc/arm-none-eabi/10.3.1/../../../../arm-none-eabi/lib/thumb/v7e-m+fp/hard\libc_nano.a(lib_a-nano-freer.o)
                0x08009f10                _free_r
 .text.sbrk_aligned
                0x08009fa8       0x40 f:/stm32/win-dev-tools/gcc-arm-none-eabi/bin/../lib/gcc/arm-none-eabi/10.3.1/../../../../arm-none-eabi/lib/thumb/v7e-m+fp/hard\libc_nano.a(lib_a-nano-mallocr.o)
 .text._malloc_r
                0x08009fe8       0xe8 f:/stm32/win-dev-tools/gcc-arm-none-eabi/bin/../lib/gcc/arm-none-eabi/10.3.1/../../../../arm-none-eabi/lib/thumb/v7e-m+fp/hard\libc_nano.a(lib_a-nano-mallocr.o)
                0x08009fe8                _malloc_r
 .text.__cvt    0x0800a0d0       0xc4 f:/stm32/win-dev-tools/gcc-arm-none-eabi/bin/../lib/gcc/arm-none-eabi/10.3.1/../../../../arm-none-eabi/lib/thumb/v7e-m+fp/hard\libc_nano.a(lib_a-nano-vfprintf_float.o)
                0x0800a0d0                __cvt
 .text.__exponent
                0x0800a194       0x7c f:/stm32/win-dev-tools/gcc-arm-none-eabi/bin/../lib/gcc/arm-none-eabi/10.3.1/../../../../arm-none-eabi/lib/thumb/v7e-m+fp/hard\libc_nano.a(lib_a-nano-vfprintf_float.o)
                0x0800a194                __exponent
 .text._printf_float
                0x0800a210      0x46c f:/stm32/win-dev-tools/gcc-arm-none-eabi/bin/../lib/gcc/arm-none-eabi/10.3.1/../../../../arm-none-eabi/lib/thumb/v7e-m+fp/hard\libc_nano.a(lib_a-nano-vfprintf_float.o)
                0x0800a210                _printf_float
 .text._printf_common
                0x0800a67c       0xda f:/stm32/win-dev-tools/gcc-arm-none-eabi/bin/../lib/gcc/arm-none-eabi/10.3.1/../../../../arm-none-eabi/lib/thumb/v7e-m+fp/hard\libc_nano.a(lib_a-nano-vfprintf_i.o)
                0x0800a67c                _printf_common
 *fill*         0x0800a756        0x2 
 .text._printf_i
                0x0800a758      0x24c f:/stm32/win-dev-tools/gcc-arm-none-eabi/bin/../lib/gcc/arm-none-eabi/10.3.1/../../../../arm-none-eabi/lib/thumb/v7e-m+fp/hard\libc_nano.a(lib_a-nano-vfprintf_i.o)
                0x0800a758                _printf_i
 .text._scanf_float
                0x0800a9a4      0x420 f:/stm32/win-dev-tools/gcc-arm-none-eabi/bin/../lib/gcc/arm-none-eabi/10.3.1/../../../../arm-none-eabi/lib/thumb/v7e-m+fp/hard\libc_nano.a(lib_a-nano-vfscanf_float.o)
                0x0800a9a4                _scanf_float
 .text._sbrk_r  0x0800adc4       0x20 f:/stm32/win-dev-tools/gcc-arm-none-eabi/bin/../lib/gcc/arm-none-eabi/10.3.1/../../../../arm-none-eabi/lib/thumb/v7e-m+fp/hard\libc_nano.a(lib_a-sbrkr.o)
                0x0800adc4                _sbrk_r
 .text.nanf     0x0800ade4        0xc f:/stm32/win-dev-tools/gcc-arm-none-eabi/bin/../lib/gcc/arm-none-eabi/10.3.1/../../../../arm-none-eabi/lib/thumb/v7e-m+fp/hard\libc_nano.a(lib_a-sf_nan.o)
                0x0800ade4                nanf
 .text.sprintf  0x0800adf0       0x40 f:/stm32/win-dev-tools/gcc-arm-none-eabi/bin/../lib/gcc/arm-none-eabi/10.3.1/../../../../arm-none-eabi/lib/thumb/v7e-m+fp/hard\libc_nano.a(lib_a-sprintf.o)
                0x0800adf0                siprintf
                0x0800adf0                sprintf
 .text.strcpy   0x0800ae30       0x10 f:/stm32/win-dev-tools/gcc-arm-none-eabi/bin/../lib/gcc/arm-none-eabi/10.3.1/../../../../arm-none-eabi/lib/thumb/v7e-m+fp/hard\libc_nano.a(lib_a-strcpy.o)
                0x0800ae30                strcpy
 .text.strncat  0x0800ae40       0x26 f:/stm32/win-dev-tools/gcc-arm-none-eabi/bin/../lib/gcc/arm-none-eabi/10.3.1/../../../../arm-none-eabi/lib/thumb/v7e-m+fp/hard\libc_nano.a(lib_a-strncat.o)
                0x0800ae40                strncat
 .text.strncmp  0x0800ae66       0x28 f:/stm32/win-dev-tools/gcc-arm-none-eabi/bin/../lib/gcc/arm-none-eabi/10.3.1/../../../../arm-none-eabi/lib/thumb/v7e-m+fp/hard\libc_nano.a(lib_a-strncmp.o)
                0x0800ae66                strncmp
 .text.strncpy  0x0800ae8e       0x26 f:/stm32/win-dev-tools/gcc-arm-none-eabi/bin/../lib/gcc/arm-none-eabi/10.3.1/../../../../arm-none-eabi/lib/thumb/v7e-m+fp/hard\libc_nano.a(lib_a-strncpy.o)
                0x0800ae8e                strncpy
 .text.sulp     0x0800aeb4       0x38 f:/stm32/win-dev-tools/gcc-arm-none-eabi/bin/../lib/gcc/arm-none-eabi/10.3.1/../../../../arm-none-eabi/lib/thumb/v7e-m+fp/hard\libc_nano.a(lib_a-strtod.o)
 *fill*         0x0800aeec        0x4 
 .text._strtod_l
                0x0800aef0      0xc0c f:/stm32/win-dev-tools/gcc-arm-none-eabi/bin/../lib/gcc/arm-none-eabi/10.3.1/../../../../arm-none-eabi/lib/thumb/v7e-m+fp/hard\libc_nano.a(lib_a-strtod.o)
                0x0800aef0                _strtod_l
 .text._strtod_r
                0x0800bafc        0xc f:/stm32/win-dev-tools/gcc-arm-none-eabi/bin/../lib/gcc/arm-none-eabi/10.3.1/../../../../arm-none-eabi/lib/thumb/v7e-m+fp/hard\libc_nano.a(lib_a-strtod.o)
                0x0800bafc                _strtod_r
 .text._strtol_l.constprop.0
                0x0800bb08      0x104 f:/stm32/win-dev-tools/gcc-arm-none-eabi/bin/../lib/gcc/arm-none-eabi/10.3.1/../../../../arm-none-eabi/lib/thumb/v7e-m+fp/hard\libc_nano.a(lib_a-strtol.o)
 .text._strtol_r
                0x0800bc0c        0x4 f:/stm32/win-dev-tools/gcc-arm-none-eabi/bin/../lib/gcc/arm-none-eabi/10.3.1/../../../../arm-none-eabi/lib/thumb/v7e-m+fp/hard\libc_nano.a(lib_a-strtol.o)
                0x0800bc0c                _strtol_r
 .text._vsnprintf_r
                0x0800bc10       0x56 f:/stm32/win-dev-tools/gcc-arm-none-eabi/bin/../lib/gcc/arm-none-eabi/10.3.1/../../../../arm-none-eabi/lib/thumb/v7e-m+fp/hard\libc_nano.a(lib_a-vsnprintf.o)
                0x0800bc10                _vsniprintf_r
                0x0800bc10                _vsnprintf_r
 *fill*         0x0800bc66        0x2 
 .text.vsnprintf
                0x0800bc68       0x1c f:/stm32/win-dev-tools/gcc-arm-none-eabi/bin/../lib/gcc/arm-none-eabi/10.3.1/../../../../arm-none-eabi/lib/thumb/v7e-m+fp/hard\libc_nano.a(lib_a-vsnprintf.o)
                0x0800bc68                vsniprintf
                0x0800bc68                vsnprintf
 .text.quorem   0x0800bc84      0x116 f:/stm32/win-dev-tools/gcc-arm-none-eabi/bin/../lib/gcc/arm-none-eabi/10.3.1/../../../../arm-none-eabi/lib/thumb/v7e-m+fp/hard\libc_nano.a(lib_a-dtoa.o)
 *fill*         0x0800bd9a        0x6 
 .text._dtoa_r  0x0800bda0      0xbdc f:/stm32/win-dev-tools/gcc-arm-none-eabi/bin/../lib/gcc/arm-none-eabi/10.3.1/../../../../arm-none-eabi/lib/thumb/v7e-m+fp/hard\libc_nano.a(lib_a-dtoa.o)
                0x0800bda0                _dtoa_r
 .text.rshift   0x0800c97c       0xa4 f:/stm32/win-dev-tools/gcc-arm-none-eabi/bin/../lib/gcc/arm-none-eabi/10.3.1/../../../../arm-none-eabi/lib/thumb/v7e-m+fp/hard\libc_nano.a(lib_a-gdtoa-gethex.o)
 .text.__hexdig_fun
                0x0800ca20       0x2a f:/stm32/win-dev-tools/gcc-arm-none-eabi/bin/../lib/gcc/arm-none-eabi/10.3.1/../../../../arm-none-eabi/lib/thumb/v7e-m+fp/hard\libc_nano.a(lib_a-gdtoa-gethex.o)
                0x0800ca20                __hexdig_fun
 *fill*         0x0800ca4a        0x2 
 .text.__gethex
                0x0800ca4c      0x48c f:/stm32/win-dev-tools/gcc-arm-none-eabi/bin/../lib/gcc/arm-none-eabi/10.3.1/../../../../arm-none-eabi/lib/thumb/v7e-m+fp/hard\libc_nano.a(lib_a-gdtoa-gethex.o)
                0x0800ca4c                __gethex
 .text.L_shift  0x0800ced8       0x24 f:/stm32/win-dev-tools/gcc-arm-none-eabi/bin/../lib/gcc/arm-none-eabi/10.3.1/../../../../arm-none-eabi/lib/thumb/v7e-m+fp/hard\libc_nano.a(lib_a-gdtoa-hexnan.o)
 .text.__match  0x0800cefc       0x28 f:/stm32/win-dev-tools/gcc-arm-none-eabi/bin/../lib/gcc/arm-none-eabi/10.3.1/../../../../arm-none-eabi/lib/thumb/v7e-m+fp/hard\libc_nano.a(lib_a-gdtoa-hexnan.o)
                0x0800cefc                __match
 .text.__hexnan
                0x0800cf24      0x138 f:/stm32/win-dev-tools/gcc-arm-none-eabi/bin/../lib/gcc/arm-none-eabi/10.3.1/../../../../arm-none-eabi/lib/thumb/v7e-m+fp/hard\libc_nano.a(lib_a-gdtoa-hexnan.o)
                0x0800cf24                __hexnan
 .text._localeconv_r
                0x0800d05c        0x8 f:/stm32/win-dev-tools/gcc-arm-none-eabi/bin/../lib/gcc/arm-none-eabi/10.3.1/../../../../arm-none-eabi/lib/thumb/v7e-m+fp/hard\libc_nano.a(lib_a-localeconv.o)
                0x0800d05c                _localeconv_r
 .text.__ascii_mbtowc
                0x0800d064       0x24 f:/stm32/win-dev-tools/gcc-arm-none-eabi/bin/../lib/gcc/arm-none-eabi/10.3.1/../../../../arm-none-eabi/lib/thumb/v7e-m+fp/hard\libc_nano.a(lib_a-mbtowc_r.o)
                0x0800d064                __ascii_mbtowc
 .text.__malloc_lock
                0x0800d088        0xc f:/stm32/win-dev-tools/gcc-arm-none-eabi/bin/../lib/gcc/arm-none-eabi/10.3.1/../../../../arm-none-eabi/lib/thumb/v7e-m+fp/hard\libc_nano.a(lib_a-mlock.o)
                0x0800d088                __malloc_lock
 .text.__malloc_unlock
                0x0800d094        0xc f:/stm32/win-dev-tools/gcc-arm-none-eabi/bin/../lib/gcc/arm-none-eabi/10.3.1/../../../../arm-none-eabi/lib/thumb/v7e-m+fp/hard\libc_nano.a(lib_a-mlock.o)
                0x0800d094                __malloc_unlock
 .text._Balloc  0x0800d0a0       0x80 f:/stm32/win-dev-tools/gcc-arm-none-eabi/bin/../lib/gcc/arm-none-eabi/10.3.1/../../../../arm-none-eabi/lib/thumb/v7e-m+fp/hard\libc_nano.a(lib_a-mprec.o)
                0x0800d0a0                _Balloc
 .text._Bfree   0x0800d120       0x44 f:/stm32/win-dev-tools/gcc-arm-none-eabi/bin/../lib/gcc/arm-none-eabi/10.3.1/../../../../arm-none-eabi/lib/thumb/v7e-m+fp/hard\libc_nano.a(lib_a-mprec.o)
                0x0800d120                _Bfree
 .text.__multadd
                0x0800d164       0x8c f:/stm32/win-dev-tools/gcc-arm-none-eabi/bin/../lib/gcc/arm-none-eabi/10.3.1/../../../../arm-none-eabi/lib/thumb/v7e-m+fp/hard\libc_nano.a(lib_a-mprec.o)
                0x0800d164                __multadd
 .text.__s2b    0x0800d1f0       0x94 f:/stm32/win-dev-tools/gcc-arm-none-eabi/bin/../lib/gcc/arm-none-eabi/10.3.1/../../../../arm-none-eabi/lib/thumb/v7e-m+fp/hard\libc_nano.a(lib_a-mprec.o)
                0x0800d1f0                __s2b
 .text.__hi0bits
                0x0800d284       0x40 f:/stm32/win-dev-tools/gcc-arm-none-eabi/bin/../lib/gcc/arm-none-eabi/10.3.1/../../../../arm-none-eabi/lib/thumb/v7e-m+fp/hard\libc_nano.a(lib_a-mprec.o)
                0x0800d284                __hi0bits
 .text.__lo0bits
                0x0800d2c4       0x5e f:/stm32/win-dev-tools/gcc-arm-none-eabi/bin/../lib/gcc/arm-none-eabi/10.3.1/../../../../arm-none-eabi/lib/thumb/v7e-m+fp/hard\libc_nano.a(lib_a-mprec.o)
                0x0800d2c4                __lo0bits
 *fill*         0x0800d322        0x2 
 .text.__i2b    0x0800d324       0x2c f:/stm32/win-dev-tools/gcc-arm-none-eabi/bin/../lib/gcc/arm-none-eabi/10.3.1/../../../../arm-none-eabi/lib/thumb/v7e-m+fp/hard\libc_nano.a(lib_a-mprec.o)
                0x0800d324                __i2b
 .text.__multiply
                0x0800d350      0x154 f:/stm32/win-dev-tools/gcc-arm-none-eabi/bin/../lib/gcc/arm-none-eabi/10.3.1/../../../../arm-none-eabi/lib/thumb/v7e-m+fp/hard\libc_nano.a(lib_a-mprec.o)
                0x0800d350                __multiply
 .text.__pow5mult
                0x0800d4a4       0xb4 f:/stm32/win-dev-tools/gcc-arm-none-eabi/bin/../lib/gcc/arm-none-eabi/10.3.1/../../../../arm-none-eabi/lib/thumb/v7e-m+fp/hard\libc_nano.a(lib_a-mprec.o)
                0x0800d4a4                __pow5mult
 .text.__lshift
                0x0800d558       0xe0 f:/stm32/win-dev-tools/gcc-arm-none-eabi/bin/../lib/gcc/arm-none-eabi/10.3.1/../../../../arm-none-eabi/lib/thumb/v7e-m+fp/hard\libc_nano.a(lib_a-mprec.o)
                0x0800d558                __lshift
 .text.__mcmp   0x0800d638       0x38 f:/stm32/win-dev-tools/gcc-arm-none-eabi/bin/../lib/gcc/arm-none-eabi/10.3.1/../../../../arm-none-eabi/lib/thumb/v7e-m+fp/hard\libc_nano.a(lib_a-mprec.o)
                0x0800d638                __mcmp
 .text.__mdiff  0x0800d670      0x114 f:/stm32/win-dev-tools/gcc-arm-none-eabi/bin/../lib/gcc/arm-none-eabi/10.3.1/../../../../arm-none-eabi/lib/thumb/v7e-m+fp/hard\libc_nano.a(lib_a-mprec.o)
                0x0800d670                __mdiff
 .text.__ulp    0x0800d784       0x58 f:/stm32/win-dev-tools/gcc-arm-none-eabi/bin/../lib/gcc/arm-none-eabi/10.3.1/../../../../arm-none-eabi/lib/thumb/v7e-m+fp/hard\libc_nano.a(lib_a-mprec.o)
                0x0800d784                __ulp
 .text.__b2d    0x0800d7dc       0xa0 f:/stm32/win-dev-tools/gcc-arm-none-eabi/bin/../lib/gcc/arm-none-eabi/10.3.1/../../../../arm-none-eabi/lib/thumb/v7e-m+fp/hard\libc_nano.a(lib_a-mprec.o)
                0x0800d7dc                __b2d
 .text.__d2b    0x0800d87c       0xb8 f:/stm32/win-dev-tools/gcc-arm-none-eabi/bin/../lib/gcc/arm-none-eabi/10.3.1/../../../../arm-none-eabi/lib/thumb/v7e-m+fp/hard\libc_nano.a(lib_a-mprec.o)
                0x0800d87c                __d2b
 .text.__ratio  0x0800d934       0x66 f:/stm32/win-dev-tools/gcc-arm-none-eabi/bin/../lib/gcc/arm-none-eabi/10.3.1/../../../../arm-none-eabi/lib/thumb/v7e-m+fp/hard\libc_nano.a(lib_a-mprec.o)
                0x0800d934                __ratio
 .text.__copybits
                0x0800d99a       0x46 f:/stm32/win-dev-tools/gcc-arm-none-eabi/bin/../lib/gcc/arm-none-eabi/10.3.1/../../../../arm-none-eabi/lib/thumb/v7e-m+fp/hard\libc_nano.a(lib_a-mprec.o)
                0x0800d99a                __copybits
 .text.__any_on
                0x0800d9e0       0x42 f:/stm32/win-dev-tools/gcc-arm-none-eabi/bin/../lib/gcc/arm-none-eabi/10.3.1/../../../../arm-none-eabi/lib/thumb/v7e-m+fp/hard\libc_nano.a(lib_a-mprec.o)
                0x0800d9e0                __any_on
 .text._calloc_r
                0x0800da22       0x2c f:/stm32/win-dev-tools/gcc-arm-none-eabi/bin/../lib/gcc/arm-none-eabi/10.3.1/../../../../arm-none-eabi/lib/thumb/v7e-m+fp/hard\libc_nano.a(lib_a-nano-callocr.o)
                0x0800da22                _calloc_r
 .text.__ssputs_r
                0x0800da4e       0xb6 f:/stm32/win-dev-tools/gcc-arm-none-eabi/bin/../lib/gcc/arm-none-eabi/10.3.1/../../../../arm-none-eabi/lib/thumb/v7e-m+fp/hard\libc_nano.a(lib_a-nano-svfprintf.o)
                0x0800da4e                __ssputs_r
 .text._svfprintf_r
                0x0800db04      0x200 f:/stm32/win-dev-tools/gcc-arm-none-eabi/bin/../lib/gcc/arm-none-eabi/10.3.1/../../../../arm-none-eabi/lib/thumb/v7e-m+fp/hard\libc_nano.a(lib_a-nano-svfprintf.o)
                0x0800db04                _svfiprintf_r
                0x0800db04                _svfprintf_r
 *fill*         0x0800dd04        0x4 
 .text.nan      0x0800dd08       0x10 f:/stm32/win-dev-tools/gcc-arm-none-eabi/bin/../lib/gcc/arm-none-eabi/10.3.1/../../../../arm-none-eabi/lib/thumb/v7e-m+fp/hard\libc_nano.a(lib_a-s_nan.o)
                0x0800dd08                nan
 .text.__ascii_wctomb
                0x0800dd18       0x1a f:/stm32/win-dev-tools/gcc-arm-none-eabi/bin/../lib/gcc/arm-none-eabi/10.3.1/../../../../arm-none-eabi/lib/thumb/v7e-m+fp/hard\libc_nano.a(lib_a-wctomb_r.o)
                0x0800dd18                __ascii_wctomb
 *fill*         0x0800dd32        0x2 
 .text.__assert_func
                0x0800dd34       0x3c f:/stm32/win-dev-tools/gcc-arm-none-eabi/bin/../lib/gcc/arm-none-eabi/10.3.1/../../../../arm-none-eabi/lib/thumb/v7e-m+fp/hard\libc_nano.a(lib_a-assert.o)
                0x0800dd34                __assert_func
 .text.fprintf  0x0800dd70       0x24 f:/stm32/win-dev-tools/gcc-arm-none-eabi/bin/../lib/gcc/arm-none-eabi/10.3.1/../../../../arm-none-eabi/lib/thumb/v7e-m+fp/hard\libc_nano.a(lib_a-fprintf.o)
                0x0800dd70                fiprintf
                0x0800dd70                fprintf
 .text.__retarget_lock_init_recursive
                0x0800dd94        0x2 f:/stm32/win-dev-tools/gcc-arm-none-eabi/bin/../lib/gcc/arm-none-eabi/10.3.1/../../../../arm-none-eabi/lib/thumb/v7e-m+fp/hard\libc_nano.a(lib_a-lock.o)
                0x0800dd94                __retarget_lock_init_recursive
 .text.__retarget_lock_acquire_recursive
                0x0800dd96        0x2 f:/stm32/win-dev-tools/gcc-arm-none-eabi/bin/../lib/gcc/arm-none-eabi/10.3.1/../../../../arm-none-eabi/lib/thumb/v7e-m+fp/hard\libc_nano.a(lib_a-lock.o)
                0x0800dd96                __retarget_lock_acquire_recursive
 .text.__retarget_lock_release_recursive
                0x0800dd98        0x2 f:/stm32/win-dev-tools/gcc-arm-none-eabi/bin/../lib/gcc/arm-none-eabi/10.3.1/../../../../arm-none-eabi/lib/thumb/v7e-m+fp/hard\libc_nano.a(lib_a-lock.o)
                0x0800dd98                __retarget_lock_release_recursive
 .text.memmove  0x0800dd9a       0x34 f:/stm32/win-dev-tools/gcc-arm-none-eabi/bin/../lib/gcc/arm-none-eabi/10.3.1/../../../../arm-none-eabi/lib/thumb/v7e-m+fp/hard\libc_nano.a(lib_a-memmove.o)
                0x0800dd9a                memmove
 .text._realloc_r
                0x0800ddce       0x5e f:/stm32/win-dev-tools/gcc-arm-none-eabi/bin/../lib/gcc/arm-none-eabi/10.3.1/../../../../arm-none-eabi/lib/thumb/v7e-m+fp/hard\libc_nano.a(lib_a-nano-reallocr.o)
                0x0800ddce                _realloc_r
 .text.__sfputc_r
                0x0800de2c       0x2e f:/stm32/win-dev-tools/gcc-arm-none-eabi/bin/../lib/gcc/arm-none-eabi/10.3.1/../../../../arm-none-eabi/lib/thumb/v7e-m+fp/hard\libc_nano.a(lib_a-nano-vfprintf.o)
 .text.__sfputs_r
                0x0800de5a       0x24 f:/stm32/win-dev-tools/gcc-arm-none-eabi/bin/../lib/gcc/arm-none-eabi/10.3.1/../../../../arm-none-eabi/lib/thumb/v7e-m+fp/hard\libc_nano.a(lib_a-nano-vfprintf.o)
                0x0800de5a                __sfputs_r
 *fill*         0x0800de7e        0x2 
 .text._vfprintf_r
                0x0800de80      0x260 f:/stm32/win-dev-tools/gcc-arm-none-eabi/bin/../lib/gcc/arm-none-eabi/10.3.1/../../../../arm-none-eabi/lib/thumb/v7e-m+fp/hard\libc_nano.a(lib_a-nano-vfprintf.o)
                0x0800de80                _vfprintf_r
                0x0800de80                _vfiprintf_r
 .text.__swbuf_r
                0x0800e0e0       0xa4 f:/stm32/win-dev-tools/gcc-arm-none-eabi/bin/../lib/gcc/arm-none-eabi/10.3.1/../../../../arm-none-eabi/lib/thumb/v7e-m+fp/hard\libc_nano.a(lib_a-wbuf.o)
                0x0800e0e0                __swbuf_r
 .text.__swsetup_r
                0x0800e184       0xdc f:/stm32/win-dev-tools/gcc-arm-none-eabi/bin/../lib/gcc/arm-none-eabi/10.3.1/../../../../arm-none-eabi/lib/thumb/v7e-m+fp/hard\libc_nano.a(lib_a-wsetup.o)
                0x0800e184                __swsetup_r
 .text.abort    0x0800e260        0xe f:/stm32/win-dev-tools/gcc-arm-none-eabi/bin/../lib/gcc/arm-none-eabi/10.3.1/../../../../arm-none-eabi/lib/thumb/v7e-m+fp/hard\libc_nano.a(lib_a-abort.o)
                0x0800e260                abort
 *fill*         0x0800e26e        0x2 
 .text.__sflush_r
                0x0800e270      0x10c f:/stm32/win-dev-tools/gcc-arm-none-eabi/bin/../lib/gcc/arm-none-eabi/10.3.1/../../../../arm-none-eabi/lib/thumb/v7e-m+fp/hard\libc_nano.a(lib_a-fflush.o)
                0x0800e270                __sflush_r
 .text._fflush_r
                0x0800e37c       0x78 f:/stm32/win-dev-tools/gcc-arm-none-eabi/bin/../lib/gcc/arm-none-eabi/10.3.1/../../../../arm-none-eabi/lib/thumb/v7e-m+fp/hard\libc_nano.a(lib_a-fflush.o)
                0x0800e37c                _fflush_r
 .text.std      0x0800e3f4       0x48 f:/stm32/win-dev-tools/gcc-arm-none-eabi/bin/../lib/gcc/arm-none-eabi/10.3.1/../../../../arm-none-eabi/lib/thumb/v7e-m+fp/hard\libc_nano.a(lib_a-findfp.o)
 .text._cleanup_r
                0x0800e43c        0xc f:/stm32/win-dev-tools/gcc-arm-none-eabi/bin/../lib/gcc/arm-none-eabi/10.3.1/../../../../arm-none-eabi/lib/thumb/v7e-m+fp/hard\libc_nano.a(lib_a-findfp.o)
                0x0800e43c                _cleanup_r
 .text.__sfmoreglue
                0x0800e448       0x2c f:/stm32/win-dev-tools/gcc-arm-none-eabi/bin/../lib/gcc/arm-none-eabi/10.3.1/../../../../arm-none-eabi/lib/thumb/v7e-m+fp/hard\libc_nano.a(lib_a-findfp.o)
                0x0800e448                __sfmoreglue
 .text.__sfp_lock_acquire
                0x0800e474        0xc f:/stm32/win-dev-tools/gcc-arm-none-eabi/bin/../lib/gcc/arm-none-eabi/10.3.1/../../../../arm-none-eabi/lib/thumb/v7e-m+fp/hard\libc_nano.a(lib_a-findfp.o)
                0x0800e474                __sfp_lock_acquire
 .text.__sfp_lock_release
                0x0800e480        0xc f:/stm32/win-dev-tools/gcc-arm-none-eabi/bin/../lib/gcc/arm-none-eabi/10.3.1/../../../../arm-none-eabi/lib/thumb/v7e-m+fp/hard\libc_nano.a(lib_a-findfp.o)
                0x0800e480                __sfp_lock_release
 .text.__sinit_lock_acquire
                0x0800e48c        0xc f:/stm32/win-dev-tools/gcc-arm-none-eabi/bin/../lib/gcc/arm-none-eabi/10.3.1/../../../../arm-none-eabi/lib/thumb/v7e-m+fp/hard\libc_nano.a(lib_a-findfp.o)
                0x0800e48c                __sinit_lock_acquire
 .text.__sinit_lock_release
                0x0800e498        0xc f:/stm32/win-dev-tools/gcc-arm-none-eabi/bin/../lib/gcc/arm-none-eabi/10.3.1/../../../../arm-none-eabi/lib/thumb/v7e-m+fp/hard\libc_nano.a(lib_a-findfp.o)
                0x0800e498                __sinit_lock_release
 .text.__sinit  0x0800e4a4       0x70 f:/stm32/win-dev-tools/gcc-arm-none-eabi/bin/../lib/gcc/arm-none-eabi/10.3.1/../../../../arm-none-eabi/lib/thumb/v7e-m+fp/hard\libc_nano.a(lib_a-findfp.o)
                0x0800e4a4                __sinit
 .text.__sfp    0x0800e514       0x8c f:/stm32/win-dev-tools/gcc-arm-none-eabi/bin/../lib/gcc/arm-none-eabi/10.3.1/../../../../arm-none-eabi/lib/thumb/v7e-m+fp/hard\libc_nano.a(lib_a-findfp.o)
                0x0800e514                __sfp
 .text._fwalk_reent
                0x0800e5a0       0x3e f:/stm32/win-dev-tools/gcc-arm-none-eabi/bin/../lib/gcc/arm-none-eabi/10.3.1/../../../../arm-none-eabi/lib/thumb/v7e-m+fp/hard\libc_nano.a(lib_a-fwalk.o)
                0x0800e5a0                _fwalk_reent
 .text.__swhatbuf_r
                0x0800e5de       0x4a f:/stm32/win-dev-tools/gcc-arm-none-eabi/bin/../lib/gcc/arm-none-eabi/10.3.1/../../../../arm-none-eabi/lib/thumb/v7e-m+fp/hard\libc_nano.a(lib_a-makebuf.o)
                0x0800e5de                __swhatbuf_r
 .text.__smakebuf_r
                0x0800e628       0x80 f:/stm32/win-dev-tools/gcc-arm-none-eabi/bin/../lib/gcc/arm-none-eabi/10.3.1/../../../../arm-none-eabi/lib/thumb/v7e-m+fp/hard\libc_nano.a(lib_a-makebuf.o)
                0x0800e628                __smakebuf_r
 .text._malloc_usable_size_r
                0x0800e6a8       0x10 f:/stm32/win-dev-tools/gcc-arm-none-eabi/bin/../lib/gcc/arm-none-eabi/10.3.1/../../../../arm-none-eabi/lib/thumb/v7e-m+fp/hard\libc_nano.a(lib_a-nano-msizer.o)
                0x0800e6a8                _malloc_usable_size_r
 .text._raise_r
                0x0800e6b8       0x50 f:/stm32/win-dev-tools/gcc-arm-none-eabi/bin/../lib/gcc/arm-none-eabi/10.3.1/../../../../arm-none-eabi/lib/thumb/v7e-m+fp/hard\libc_nano.a(lib_a-signal.o)
                0x0800e6b8                _raise_r
 .text.raise    0x0800e708       0x10 f:/stm32/win-dev-tools/gcc-arm-none-eabi/bin/../lib/gcc/arm-none-eabi/10.3.1/../../../../arm-none-eabi/lib/thumb/v7e-m+fp/hard\libc_nano.a(lib_a-signal.o)
                0x0800e708                raise
 .text._kill_r  0x0800e718       0x24 f:/stm32/win-dev-tools/gcc-arm-none-eabi/bin/../lib/gcc/arm-none-eabi/10.3.1/../../../../arm-none-eabi/lib/thumb/v7e-m+fp/hard\libc_nano.a(lib_a-signalr.o)
                0x0800e718                _kill_r
 .text._getpid_r
                0x0800e73c        0x4 f:/stm32/win-dev-tools/gcc-arm-none-eabi/bin/../lib/gcc/arm-none-eabi/10.3.1/../../../../arm-none-eabi/lib/thumb/v7e-m+fp/hard\libc_nano.a(lib_a-signalr.o)
                0x0800e73c                _getpid_r
 .text.__sread  0x0800e740       0x22 f:/stm32/win-dev-tools/gcc-arm-none-eabi/bin/../lib/gcc/arm-none-eabi/10.3.1/../../../../arm-none-eabi/lib/thumb/v7e-m+fp/hard\libc_nano.a(lib_a-stdio.o)
                0x0800e740                __sread
 .text.__swrite
                0x0800e762       0x38 f:/stm32/win-dev-tools/gcc-arm-none-eabi/bin/../lib/gcc/arm-none-eabi/10.3.1/../../../../arm-none-eabi/lib/thumb/v7e-m+fp/hard\libc_nano.a(lib_a-stdio.o)
                0x0800e762                __swrite
 .text.__sseek  0x0800e79a       0x24 f:/stm32/win-dev-tools/gcc-arm-none-eabi/bin/../lib/gcc/arm-none-eabi/10.3.1/../../../../arm-none-eabi/lib/thumb/v7e-m+fp/hard\libc_nano.a(lib_a-stdio.o)
                0x0800e79a                __sseek
 .text.__sclose
                0x0800e7be        0x8 f:/stm32/win-dev-tools/gcc-arm-none-eabi/bin/../lib/gcc/arm-none-eabi/10.3.1/../../../../arm-none-eabi/lib/thumb/v7e-m+fp/hard\libc_nano.a(lib_a-stdio.o)
                0x0800e7be                __sclose
 *fill*         0x0800e7c6        0x2 
 .text._write_r
                0x0800e7c8       0x24 f:/stm32/win-dev-tools/gcc-arm-none-eabi/bin/../lib/gcc/arm-none-eabi/10.3.1/../../../../arm-none-eabi/lib/thumb/v7e-m+fp/hard\libc_nano.a(lib_a-writer.o)
                0x0800e7c8                _write_r
 .text._close_r
                0x0800e7ec       0x20 f:/stm32/win-dev-tools/gcc-arm-none-eabi/bin/../lib/gcc/arm-none-eabi/10.3.1/../../../../arm-none-eabi/lib/thumb/v7e-m+fp/hard\libc_nano.a(lib_a-closer.o)
                0x0800e7ec                _close_r
 .text._fstat_r
                0x0800e80c       0x24 f:/stm32/win-dev-tools/gcc-arm-none-eabi/bin/../lib/gcc/arm-none-eabi/10.3.1/../../../../arm-none-eabi/lib/thumb/v7e-m+fp/hard\libc_nano.a(lib_a-fstatr.o)
                0x0800e80c                _fstat_r
 .text._isatty_r
                0x0800e830       0x20 f:/stm32/win-dev-tools/gcc-arm-none-eabi/bin/../lib/gcc/arm-none-eabi/10.3.1/../../../../arm-none-eabi/lib/thumb/v7e-m+fp/hard\libc_nano.a(lib_a-isattyr.o)
                0x0800e830                _isatty_r
 .text._lseek_r
                0x0800e850       0x24 f:/stm32/win-dev-tools/gcc-arm-none-eabi/bin/../lib/gcc/arm-none-eabi/10.3.1/../../../../arm-none-eabi/lib/thumb/v7e-m+fp/hard\libc_nano.a(lib_a-lseekr.o)
                0x0800e850                _lseek_r
 .text._read_r  0x0800e874       0x24 f:/stm32/win-dev-tools/gcc-arm-none-eabi/bin/../lib/gcc/arm-none-eabi/10.3.1/../../../../arm-none-eabi/lib/thumb/v7e-m+fp/hard\libc_nano.a(lib_a-readr.o)
                0x0800e874                _read_r
 *(.glue_7)
 .glue_7        0x0800e898        0x0 linker stubs
 *(.glue_7t)
 .glue_7t       0x0800e898        0x0 linker stubs
 *(.eh_frame)
 .eh_frame      0x0800e898        0x0 f:/stm32/win-dev-tools/gcc-arm-none-eabi/bin/../lib/gcc/arm-none-eabi/10.3.1/thumb/v7e-m+fp/hard/crtbegin.o
 *(.init)
 .init          0x0800e898        0x4 f:/stm32/win-dev-tools/gcc-arm-none-eabi/bin/../lib/gcc/arm-none-eabi/10.3.1/thumb/v7e-m+fp/hard/crti.o
                0x0800e898                _init
 .init          0x0800e89c        0x8 f:/stm32/win-dev-tools/gcc-arm-none-eabi/bin/../lib/gcc/arm-none-eabi/10.3.1/thumb/v7e-m+fp/hard/crtn.o
 *(.fini)
 .fini          0x0800e8a4        0x4 f:/stm32/win-dev-tools/gcc-arm-none-eabi/bin/../lib/gcc/arm-none-eabi/10.3.1/thumb/v7e-m+fp/hard/crti.o
                0x0800e8a4                _fini
 .fini          0x0800e8a8        0x8 f:/stm32/win-dev-tools/gcc-arm-none-eabi/bin/../lib/gcc/arm-none-eabi/10.3.1/thumb/v7e-m+fp/hard/crtn.o
                0x0800e8b0                . = ALIGN (0x8)
                0x0800e8b0                _etext = .

.vfp11_veneer   0x0800e8b0        0x0
 .vfp11_veneer  0x0800e8b0        0x0 linker stubs

.v4_bx          0x0800e8b0        0x0
 .v4_bx         0x0800e8b0        0x0 linker stubs

.iplt           0x0800e8b0        0x0
 .iplt          0x0800e8b0        0x0 f:/stm32/win-dev-tools/gcc-arm-none-eabi/bin/../lib/gcc/arm-none-eabi/10.3.1/thumb/v7e-m+fp/hard/crtbegin.o

.rodata         0x0800e8b0     0x1f38
                0x0800e8b0                . = ALIGN (0x8)
 *(.rodata)
 .rodata        0x0800e8b0        0x3 build/hdc1000.o
 *fill*         0x0800e8b3        0x1 
 .rodata        0x0800e8b4        0x3 build/opt3001.o
 *(.rodata*)
 *fill*         0x0800e8b7        0x1 
 .rodata.str1.4
                0x0800e8b8       0x38 build/freertos.o
 .rodata.LEDTask_attributes
                0x0800e8f0       0x24 build/freertos.o
                0x0800e8f0                LEDTask_attributes
 .rodata.LoraWTask_attributes
                0x0800e914       0x24 build/freertos.o
                0x0800e914                LoraWTask_attributes
 .rodata.QueueUart1_attributes
                0x0800e938       0x18 build/freertos.o
                0x0800e938                QueueUart1_attributes
 .rodata.TempTask_attributes
                0x0800e950       0x24 build/freertos.o
                0x0800e950                TempTask_attributes
 .rodata.defaultTask_attributes
                0x0800e974       0x24 build/freertos.o
                0x0800e974                defaultTask_attributes
 .rodata.node_hard_reset.str1.4
                0x0800e998       0x12 build/lorawan_node_driver.o
 *fill*         0x0800e9aa        0x2 
 .rodata.commResultPrint.str1.4
                0x0800e9ac       0xe4 build/lorawan_node_driver.o
 .rodata.transfer_configure_command.str1.4
                0x0800ea90       0x23 build/lorawan_node_driver.o
                                 0x27 (size before relaxing)
 *fill*         0x0800eab3        0x1 
 .rodata.transfer_inquire_command.str1.4
                0x0800eab4        0x7 build/lorawan_node_driver.o
 *fill*         0x0800eabb        0x1 
 .rodata.node_block_join.str1.4
                0x0800eabc       0x38 build/lorawan_node_driver.o
 .rodata.down_data_process.str1.4
                0x0800eaf4       0x86 build/lorawan_node_driver.o
 *fill*         0x0800eb7a        0x2 
 .rodata.node_block_send.str1.4
                0x0800eb7c       0x2a build/lorawan_node_driver.o
 *fill*         0x0800eba6        0x2 
 .rodata.nodeDataCommunicate.str1.4
                0x0800eba8       0x1f build/lorawan_node_driver.o
 *fill*         0x0800ebc7        0x1 
 .rodata.LCD_Init.str1.4
                0x0800ebc8       0x16 build/ST7789v.o
 *fill*         0x0800ebde        0x2 
 .rodata.asc2_1608
                0x0800ebe0      0x5f0 build/ST7789v.o
                0x0800ebe0                asc2_1608
 .rodata.gImage_lsd
                0x0800f1d0      0xb9a build/ST7789v.o
                0x0800f1d0                gImage_lsd
 *fill*         0x0800fd6a        0x2 
 .rodata.FreeRTOS_CLIProcessCommand.str1.4
                0x0800fd6c       0xa8 build/FreeRTOS_CLI.o
 .rodata.str1.4
                0x0800fe14       0x38 build/FreeRTOS_CLI.o
 .rodata.xHelpCommand
                0x0800fe4c       0x10 build/FreeRTOS_CLI.o
 .rodata.prvParameterEchoCommand.str1.4
                0x0800fe5c       0x1d build/Sample-CLI-commands.o
                                 0x23 (size before relaxing)
 *fill*         0x0800fe79        0x3 
 .rodata.prvThreeParameterEchoCommand.str1.4
                0x0800fe7c       0x1d build/Sample-CLI-commands.o
 *fill*         0x0800fe99        0x3 
 .rodata.prvTaskStatsCommand.str1.4
                0x0800fe9c       0x56 build/Sample-CLI-commands.o
                                 0x5e (size before relaxing)
 *fill*         0x0800fef2        0x2 
 .rodata.str1.4
                0x0800fef4      0x133 build/Sample-CLI-commands.o
 *fill*         0x08010027        0x1 
 .rodata.xParameterEcho