Archive member included to satisfy reference by file (symbol)

f:/stm32/win-dev-tools/gcc-arm-none-eabi/bin/../lib/gcc/arm-none-eabi/10.3.1/../../../../arm-none-eabi/lib/thumb/v7e-m+fp/hard\libc_nano.a(lib_a-errno.o)
                              build/syscalls.o (__errno)
f:/stm32/win-dev-tools/gcc-arm-none-eabi/bin/../lib/gcc/arm-none-eabi/10.3.1/../../../../arm-none-eabi/lib/thumb/v7e-m+fp/hard\libc_nano.a(lib_a-exit.o)
                              f:/stm32/win-dev-tools/gcc-arm-none-eabi/bin/../lib/gcc/arm-none-eabi/10.3.1/../../../../arm-none-eabi/lib/thumb/v7e-m+fp/hard/crt0.o (exit)
f:/stm32/win-dev-tools/gcc-arm-none-eabi/bin/../lib/gcc/arm-none-eabi/10.3.1/../../../../arm-none-eabi/lib/thumb/v7e-m+fp/hard\libc_nano.a(lib_a-impure.o)
                              f:/stm32/win-dev-tools/gcc-arm-none-eabi/bin/../lib/gcc/arm-none-eabi/10.3.1/../../../../arm-none-eabi/lib/thumb/v7e-m+fp/hard\libc_nano.a(lib_a-exit.o) (_global_impure_ptr)
f:/stm32/win-dev-tools/gcc-arm-none-eabi/bin/../lib/gcc/arm-none-eabi/10.3.1/../../../../arm-none-eabi/lib/thumb/v7e-m+fp/hard\libc_nano.a(lib_a-init.o)
                              f:/stm32/win-dev-tools/gcc-arm-none-eabi/bin/../lib/gcc/arm-none-eabi/10.3.1/../../../../arm-none-eabi/lib/thumb/v7e-m+fp/hard/crt0.o (__libc_init_array)
f:/stm32/win-dev-tools/gcc-arm-none-eabi/bin/../lib/gcc/arm-none-eabi/10.3.1/../../../../arm-none-eabi/lib/thumb/v7e-m+fp/hard\libc_nano.a(lib_a-malloc.o)
                              build/lorawan_node_driver.o (malloc)
f:/stm32/win-dev-tools/gcc-arm-none-eabi/bin/../lib/gcc/arm-none-eabi/10.3.1/../../../../arm-none-eabi/lib/thumb/v7e-m+fp/hard\libc_nano.a(lib_a-memcpy-stub.o)
                              build/lorawan_node_driver.o (memcpy)
f:/stm32/win-dev-tools/gcc-arm-none-eabi/bin/../lib/gcc/arm-none-eabi/10.3.1/../../../../arm-none-eabi/lib/thumb/v7e-m+fp/hard\libc_nano.a(lib_a-memset.o)
                              f:/stm32/win-dev-tools/gcc-arm-none-eabi/bin/../lib/gcc/arm-none-eabi/10.3.1/../../../../arm-none-eabi/lib/thumb/v7e-m+fp/hard/crt0.o (memset)
f:/stm32/win-dev-tools/gcc-arm-none-eabi/bin/../lib/gcc/arm-none-eabi/10.3.1/../../../../arm-none-eabi/lib/thumb/v7e-m+fp/hard\libc_nano.a(lib_a-nano-freer.o)
                              f:/stm32/win-dev-tools/gcc-arm-none-eabi/bin/../lib/gcc/arm-none-eabi/10.3.1/../../../../arm-none-eabi/lib/thumb/v7e-m+fp/hard\libc_nano.a(lib_a-malloc.o) (_free_r)
f:/stm32/win-dev-tools/gcc-arm-none-eabi/bin/../lib/gcc/arm-none-eabi/10.3.1/../../../../arm-none-eabi/lib/thumb/v7e-m+fp/hard\libc_nano.a(lib_a-nano-mallocr.o)
                              f:/stm32/win-dev-tools/gcc-arm-none-eabi/bin/../lib/gcc/arm-none-eabi/10.3.1/../../../../arm-none-eabi/lib/thumb/v7e-m+fp/hard\libc_nano.a(lib_a-malloc.o) (_malloc_r)
f:/stm32/win-dev-tools/gcc-arm-none-eabi/bin/../lib/gcc/arm-none-eabi/10.3.1/../../../../arm-none-eabi/lib/thumb/v7e-m+fp/hard\libc_nano.a(lib_a-nano-vfprintf_float.o)
                              (_printf_float)
f:/stm32/win-dev-tools/gcc-arm-none-eabi/bin/../lib/gcc/arm-none-eabi/10.3.1/../../../../arm-none-eabi/lib/thumb/v7e-m+fp/hard\libc_nano.a(lib_a-nano-vfprintf_i.o)
                              f:/stm32/win-dev-tools/gcc-arm-none-eabi/bin/../lib/gcc/arm-none-eabi/10.3.1/../../../../arm-none-eabi/lib/thumb/v7e-m+fp/hard\libc_nano.a(lib_a-nano-vfprintf_float.o) (_printf_common)
f:/stm32/win-dev-tools/gcc-arm-none-eabi/bin/../lib/gcc/arm-none-eabi/10.3.1/../../../../arm-none-eabi/lib/thumb/v7e-m+fp/hard\libc_nano.a(lib_a-nano-vfscanf_float.o)
                              (_scanf_float)
f:/stm32/win-dev-tools/gcc-arm-none-eabi/bin/../lib/gcc/arm-none-eabi/10.3.1/../../../../arm-none-eabi/lib/thumb/v7e-m+fp/hard\libc_nano.a(lib_a-sbrkr.o)
                              f:/stm32/win-dev-tools/gcc-arm-none-eabi/bin/../lib/gcc/arm-none-eabi/10.3.1/../../../../arm-none-eabi/lib/thumb/v7e-m+fp/hard\libc_nano.a(lib_a-nano-mallocr.o) (_sbrk_r)
f:/stm32/win-dev-tools/gcc-arm-none-eabi/bin/../lib/gcc/arm-none-eabi/10.3.1/../../../../arm-none-eabi/lib/thumb/v7e-m+fp/hard\libc_nano.a(lib_a-sf_nan.o)
                              f:/stm32/win-dev-tools/gcc-arm-none-eabi/bin/../lib/gcc/arm-none-eabi/10.3.1/../../../../arm-none-eabi/lib/thumb/v7e-m+fp/hard\libc_nano.a(lib_a-nano-vfscanf_float.o) (nanf)
f:/stm32/win-dev-tools/gcc-arm-none-eabi/bin/../lib/gcc/arm-none-eabi/10.3.1/../../../../arm-none-eabi/lib/thumb/v7e-m+fp/hard\libc_nano.a(lib_a-sprintf.o)
                              f:/stm32/win-dev-tools/gcc-arm-none-eabi/bin/../lib/gcc/arm-none-eabi/10.3.1/../../../../arm-none-eabi/lib/thumb/v7e-m+fp/hard\libc_nano.a(lib_a-nano-vfscanf_float.o) (sprintf)
f:/stm32/win-dev-tools/gcc-arm-none-eabi/bin/../lib/gcc/arm-none-eabi/10.3.1/../../../../arm-none-eabi/lib/thumb/v7e-m+fp/hard\libc_nano.a(lib_a-strlen.o)
                              build/lorawan_node_driver.o (strlen)
[...]
Memory Configuration

Name             Origin             Length             Attributes
RAM              0x20000000         0x00018000         xrw
RAM2             0x10000000         0x00008000         xrw
FLASH            0x08000000         0x00100000         xr
*default*        0x00000000         0xffffffff

Linker script and memory map

LOAD f:/stm32/win-dev-tools/gcc-arm-none-eabi/bin/../lib/gcc/arm-none-eabi/10.3.1/thumb/v7e-m+fp/hard/crti.o
LOAD f:/stm32/win-dev-tools/gcc-arm-none-eabi/bin/../lib/gcc/arm-none-eabi/10.3.1/thumb/v7e-m+fp/hard/crtbegin.o
LOAD f:/stm32/win-dev-tools/gcc-arm-none-eabi/bin/../lib/gcc/arm-none-eabi/10.3.1/../../../../arm-none-eabi/lib/thumb/v7e-m+fp/hard/crt0.o
LOAD build/main.o
LOAD build/gpio.o
LOAD build/freertos.o
LOAD build/dma.o
LOAD build/i2c.o
LOAD build/usart.o
LOAD build/rtc.o
LOAD build/tim.o
LOAD build/stm32l4xx_it.o
LOAD build/stm32l4xx_hal_msp.o
LOAD build/printf.o
LOAD build/syscalls.o
LOAD build/common.o
LOAD build/key.o
LOAD build/lorawan_node_driver.o
LOAD build/sensors_test.o
LOAD build/hdc1000.o
LOAD build/max7q.o
LOAD build/mma8451.o
LOAD build/mpl3115.o
LOAD build/MX25L128.o
LOAD build/opt3001.o
LOAD build/ST7789v.o
LOAD build/XPT2046.o
LOAD build/app.o
LOAD build/stm32l4xx_hal.o
LOAD build/stm32l4xx_hal_rcc.o
LOAD build/stm32l4xx_hal_rcc_ex.o
LOAD build/stm32l4xx_hal_flash.o
LOAD build/stm32l4xx_hal_flash_ex.o
LOAD build/stm32l4xx_hal_flash_ramfunc.o
LOAD build/stm32l4xx_hal_gpio.o
LOAD build/stm32l4xx_hal_i2c.o
LOAD build/stm32l4xx_hal_i2c_ex.o
LOAD build/stm32l4xx_hal_dma.o
LOAD build/stm32l4xx_hal_dma_ex.o
LOAD build/stm32l4xx_hal_pwr.o
LOAD build/stm32l4xx_hal_pwr_ex.o
LOAD build/stm32l4xx_hal_cortex.o
LOAD build/stm32l4xx_hal_exti.o
LOAD build/stm32l4xx_hal_uart.o
LOAD build/stm32l4xx_hal_uart_ex.o
LOAD build/stm32l4xx_hal_rtc.o
LOAD build/stm32l4xx_hal_rtc_ex.o
LOAD build/stm32l4xx_hal_tim.o
LOAD build/stm32l4xx_hal_tim_ex.o
LOAD build/system_stm32l4xx.o
LOAD build/croutine.o
LOAD build/event_groups.o
LOAD build/list.o
LOAD build/queue.o
LOAD build/stream_buffer.o
LOAD build/tasks.o
LOAD build/timers.o
LOAD build/cmsis_os2.o
LOAD build/heap_4.o
LOAD build/port.o
LOAD build/stm32l4xx_hal_timebase_tim.o
LOAD build/startup_stm32l476xx.o
LOAD f:/stm32/win-dev-tools/gcc-arm-none-eabi/bin/../lib/gcc/arm-none-eabi/10.3.1/../../../../arm-none-eabi/lib/thumb/v7e-m+fp/hard\libc_nano.a
LOAD f:/stm32/win-dev-tools/gcc-arm-none-eabi/bin/../lib/gcc/arm-none-eabi/10.3.1/../../../../arm-none-eabi/lib/thumb/v7e-m+fp/hard\libm.a
LOAD f:/stm32/win-dev-tools/gcc-arm-none-eabi/bin/../lib/gcc/arm-none-eabi/10.3.1/../../../../arm-none-eabi/lib/thumb/v7e-m+fp/hard\libnosys.a
START GROUP
LOAD f:/stm32/win-dev-tools/gcc-arm-none-eabi/bin/../lib/gcc/arm-none-eabi/10.3.1/thumb/v7e-m+fp/hard\libgcc.a
LOAD f:/stm32/win-dev-tools/gcc-arm-none-eabi/bin/../lib/gcc/arm-none-eabi/10.3.1/../../../../arm-none-eabi/lib/thumb/v7e-m+fp/hard\libc_nano.a
END GROUP
START GROUP
LOAD f:/stm32/win-dev-tools/gcc-arm-none-eabi/bin/../lib/gcc/arm-none-eabi/10.3.1/thumb/v7e-m+fp/hard\libgcc.a
LOAD f:/stm32/win-dev-tools/gcc-arm-none-eabi/bin/../lib/gcc/arm-none-eabi/10.3.1/../../../../arm-none-eabi/lib/thumb/v7e-m+fp/hard\libc_nano.a
END GROUP
LOAD f:/stm32/win-dev-tools/gcc-arm-none-eabi/bin/../lib/gcc/arm-none-eabi/10.3.1/thumb/v7e-m+fp/hard/crtend.o
LOAD f:/stm32/win-dev-tools/gcc-arm-none-eabi/bin/../lib/gcc/arm-none-eabi/10.3.1/thumb/v7e-m+fp/hard/crtn.o
                0x20018000                _estack = (ORIGIN (RAM) + LENGTH (RAM))
                0x00001000                _Min_Heap_Size = 0x1000
                0x00002000                _Min_Stack_Size = 0x2000

.isr_vector     0x08000000      0x188
                0x08000000                . = ALIGN (0x8)
 *(.isr_vector)
 .isr_vector    0x08000000      0x188 build/startup_stm32l476xx.o
                0x08000000                g_pfnVectors
                0x08000188                . = ALIGN (0x8)

.text           0x08000190     0xe3d0
                0x08000190                . = ALIGN (0x8)
 *(.text)
 .text          0x08000190       0x40 f:/stm32/win-dev-tools/gcc-arm-none-eabi/bin/../lib/gcc/arm-none-eabi/10.3.1/thumb/v7e-m+fp/hard/crtbegin.o
 .text          0x080001d0       0x10 f:/stm32/win-dev-tools/gcc-arm-none-eabi/bin/../lib/gcc/arm-none-eabi/10.3.1/../../../../arm-none-eabi/lib/thumb/v7e-m+fp/hard\libc_nano.a(lib_a-strlen.o)
                0x080001d0                strlen
 .text          0x080001e0       0xa0 f:/stm32/win-dev-tools/gcc-arm-none-eabi/bin/../lib/gcc/arm-none-eabi/10.3.1/../../../../arm-none-eabi/lib/thumb/v7e-m+fp/hard\libc_nano.a(lib_a-memchr.o)
                0x080001e0                memchr
 .text          0x08000280      0x378 f:/stm32/win-dev-tools/gcc-arm-none-eabi/bin/../lib/gcc/arm-none-eabi/10.3.1/thumb/v7e-m+fp/hard\libgcc.a(_arm_addsubdf3.o)
                0x08000280                __aeabi_drsub
                0x08000288                __aeabi_dsub
                0x08000288                __subdf3
                0x0800028c                __aeabi_dadd
                0x0800028c                __adddf3
                0x08000504                __floatunsidf
                0x08000504                __aeabi_ui2d
                0x08000524                __floatsidf
                0x08000524                __aeabi_i2d
                0x08000548                __aeabi_f2d
                0x08000548                __extendsfdf2
                0x0800058c                __floatundidf
                0x0800058c                __aeabi_ul2d
                0x0800059c                __floatdidf
                0x0800059c                __aeabi_l2d
 .text          0x080005f8      0x424 f:/stm32/win-dev-tools/gcc-arm-none-eabi/bin/../lib/gcc/arm-none-eabi/10.3.1/thumb/v7e-m+fp/hard\libgcc.a(_arm_muldivdf3.o)
                0x080005f8                __aeabi_dmul
                0x080005f8                __muldf3
                0x0800084c                __divdf3
                0x0800084c                __aeabi_ddiv
 .text          0x08000a1c      0x110 f:/stm32/win-dev-tools/gcc-arm-none-eabi/bin/../lib/gcc/arm-none-eabi/10.3.1/thumb/v7e-m+fp/hard\libgcc.a(_arm_cmpdf2.o)
                0x08000a1c                __gtdf2
                0x08000a1c                __gedf2
                0x08000a24                __ltdf2
                0x08000a24                __ledf2
                0x08000a2c                __nedf2
                0x08000a2c                __eqdf2
                0x08000a2c                __cmpdf2
                0x08000aa8                __aeabi_cdrcmple
                0x08000ab8                __aeabi_cdcmpeq
                0x08000ab8                __aeabi_cdcmple
                0x08000ac8                __aeabi_dcmpeq
                0x08000adc                __aeabi_dcmplt
                0x08000af0                __aeabi_dcmple
                0x08000b04                __aeabi_dcmpge
                0x08000b18                __aeabi_dcmpgt
 .text          0x08000b2c       0x2c f:/stm32/win-dev-tools/gcc-arm-none-eabi/bin/../lib/gcc/arm-none-eabi/10.3.1/thumb/v7e-m+fp/hard\libgcc.a(_arm_unorddf2.o)
                0x08000b2c                __unorddf2
                0x08000b2c                __aeabi_dcmpun
 .text          0x08000b58       0x50 f:/stm32/win-dev-tools/gcc-arm-none-eabi/bin/../lib/gcc/arm-none-eabi/10.3.1/thumb/v7e-m+fp/hard\libgcc.a(_arm_fixdfsi.o)
                0x08000b58                __aeabi_d2iz
                0x08000b58                __fixdfsi
 .text          0x08000ba8       0x40 f:/stm32/win-dev-tools/gcc-arm-none-eabi/bin/../lib/gcc/arm-none-eabi/10.3.1/thumb/v7e-m+fp/hard\libgcc.a(_arm_fixunsdfsi.o)
                0x08000ba8                __aeabi_d2uiz
                0x08000ba8                __fixunsdfsi
 .text          0x08000be8       0xa0 f:/stm32/win-dev-tools/gcc-arm-none-eabi/bin/../lib/gcc/arm-none-eabi/10.3.1/thumb/v7e-m+fp/hard\libgcc.a(_arm_truncdfsf2.o)
                0x08000be8                __truncdfsf2
                0x08000be8                __aeabi_d2f
 .text          0x08000c88       0x30 f:/stm32/win-dev-tools/gcc-arm-none-eabi/bin/../lib/gcc/arm-none-eabi/10.3.1/thumb/v7e-m+fp/hard\libgcc.a(_aeabi_uldivmod.o)
                0x08000c88                __aeabi_uldivmod
 .text          0x08000cb8       0x30 f:/stm32/win-dev-tools/gcc-arm-none-eabi/bin/../lib/gcc/arm-none-eabi/10.3.1/thumb/v7e-m+fp/hard\libgcc.a(_fixdfdi.o)
                0x08000cb8                __fixdfdi
                0x08000cb8                __aeabi_d2lz
 .text          0x08000ce8       0x3c f:/stm32/win-dev-tools/gcc-arm-none-eabi/bin/../lib/gcc/arm-none-eabi/10.3.1/thumb/v7e-m+fp/hard\libgcc.a(_fixunsdfdi.o)
                0x08000ce8                __fixunsdfdi
                0x08000ce8                __aeabi_d2ulz
 .text          0x08000d24      0x2d0 f:/stm32/win-dev-tools/gcc-arm-none-eabi/bin/../lib/gcc/arm-none-eabi/10.3.1/thumb/v7e-m+fp/hard\libgcc.a(_udivmoddi4.o)
                0x08000d24                __udivmoddi4
 .text          0x08000ff4        0x4 f:/stm32/win-dev-tools/gcc-arm-none-eabi/bin/../lib/gcc/arm-none-eabi/10.3.1/thumb/v7e-m+fp/hard\libgcc.a(_dvmd_tls.o)
                0x08000ff4                __aeabi_idiv0
                0x08000ff4                __aeabi_ldiv0
 *(.text*)
 .text.HAL_TIM_PeriodElapsedCallback
                0x08000ff8       0x18 build/main.o
                0x08000ff8                HAL_TIM_PeriodElapsedCallback
 .text.Error_Handler
                0x08001010        0x4 build/main.o
                0x08001010                Error_Handler
 .text.SystemClock_Config
                0x08001014       0xb4 build/main.o
                0x08001014                SystemClock_Config
 .text.main     0x080010c8       0x6c build/main.o
                0x080010c8                main
 .text.MX_GPIO_Init
                0x08001134      0x30c build/gpio.o
                0x08001134                MX_GPIO_Init
 .text.StartDefaultTask
                0x08001440        0xe build/freertos.o
                0x08001440                StartDefaultTask
 .text.StartLoraWTask
                0x0800144e        0xa build/freertos.o
                0x0800144e                StartLoraWTask
 .text.StartTempTask
                0x08001458        0xa build/freertos.o
                0x08001458                StartTempTask
 .text.StartLEDTask
                0x08001462        0xa build/freertos.o
                0x08001462                StartLEDTask
 .text.MX_FREERTOS_Init
                0x0800146c       0x6c build/freertos.o
                0x0800146c                MX_FREERTOS_Init
 .text.MX_DMA_Init
                0x080014d8       0x64 build/dma.o
                0x080014d8                MX_DMA_Init
 .text.MX_I2C1_Init
                0x0800153c       0x50 build/i2c.o
                0x0800153c                MX_I2C1_Init
 .text.HAL_I2C_MspInit
                0x0800158c       0x60 build/i2c.o
                0x0800158c                HAL_I2C_MspInit
 .text.MX_LPUART1_Init
                0x080015ec       0x34 build/usart.o
                0x080015ec                MX_LPUART1_Init
 .text.MX_USART2_Init
                0x08001620       0x38 build/usart.o
                0x08001620                MX_USART2_Init
 .text.HAL_UART_MspInit
                0x08001658      0x1f8 build/usart.o
                0x08001658                HAL_UART_MspInit
 .text.usart2_send_byte
                0x08001850       0x20 build/usart.o
                0x08001850                usart2_send_byte
 .text.usart2_send_data
                0x08001870       0x18 build/usart.o
                0x08001870                usart2_send_data
 .text.usart2_send_string
                0x08001888       0x2c build/usart.o
                0x08001888                usart2_send_string
 .text.USART2_Clear_IT
                0x080018b4       0x38 build/usart.o
                0x080018b4                USART2_Clear_IT
 .text.usart2_receive_idle
                0x080018ec       0x44 build/usart.o
                0x080018ec                usart2_receive_idle
 .text.Usart1Receive_IDLE
                0x08001930       0x44 build/usart.o
                0x08001930                Usart1Receive_IDLE
 .text.lpusart1_send_byte
                0x08001974       0x20 build/usart.o
                0x08001974                lpusart1_send_byte
 .text.lpusart1_send_data
                0x08001994       0x18 build/usart.o
                0x08001994                lpusart1_send_data
 .text.lpusart1_send_string
                0x080019ac       0x14 build/usart.o
                0x080019ac                lpusart1_send_string
 .text.lpusart1_receive_idle
                0x080019c0       0x4c build/usart.o
                0x080019c0                lpusart1_receive_idle
 .text.LPUART1_Clear_IT
                0x08001a0c       0x38 build/usart.o
                0x08001a0c                LPUART1_Clear_IT
 .text.debug_printf
                0x08001a44       0x2e build/usart.o
                0x08001a44                debug_printf
 *fill*         0x08001a72        0x2 
 .text.MX_RTC_Init
                0x08001a74       0x88 build/rtc.o
                0x08001a74                MX_RTC_Init
 .text.HAL_RTC_MspInit
                0x08001afc       0x60 build/rtc.o
                0x08001afc                HAL_RTC_MspInit
 .text.HAL_TIM_Base_MspInit
                0x08001b5c       0x40 build/tim.o
                0x08001b5c                HAL_TIM_Base_MspInit
 .text.HAL_TIM_MspPostInit
                0x08001b9c       0x54 build/tim.o
                0x08001b9c                HAL_TIM_MspPostInit
 .text.MX_TIM15_Init
                0x08001bf0       0xb4 build/tim.o
                0x08001bf0                MX_TIM15_Init
 .text.NMI_Handler
                0x08001ca4        0x2 build/stm32l4xx_it.o
                0x08001ca4                NMI_Handler
 .text.HardFault_Handler
                0x08001ca6        0x2 build/stm32l4xx_it.o
                0x08001ca6                HardFault_Handler
 .text.MemManage_Handler
                0x08001ca8        0x2 build/stm32l4xx_it.o
                0x08001ca8                MemManage_Handler
 .text.BusFault_Handler
                0x08001caa        0x2 build/stm32l4xx_it.o
                0x08001caa                BusFault_Handler
 .text.UsageFault_Handler
                0x08001cac        0x2 build/stm32l4xx_it.o
                0x08001cac                UsageFault_Handler
 .text.DebugMon_Handler
                0x08001cae        0x2 build/stm32l4xx_it.o
                0x08001cae                DebugMon_Handler
 .text.RTC_WKUP_IRQHandler
                0x08001cb0       0x10 build/stm32l4xx_it.o
                0x08001cb0                RTC_WKUP_IRQHandler
 .text.FLASH_IRQHandler
                0x08001cc0        0x8 build/stm32l4xx_it.o
                0x08001cc0                FLASH_IRQHandler
 .text.EXTI0_IRQHandler
                0x08001cc8        0xa build/stm32l4xx_it.o
                0x08001cc8                EXTI0_IRQHandler
 .text.EXTI4_IRQHandler
                0x08001cd2        0xa build/stm32l4xx_it.o
                0x08001cd2                EXTI4_IRQHandler
 .text.DMA1_Channel5_IRQHandler
                0x08001cdc       0x10 build/stm32l4xx_it.o
                0x08001cdc                DMA1_Channel5_IRQHandler
 .text.DMA1_Channel6_IRQHandler
                0x08001cec       0x10 build/stm32l4xx_it.o
                0x08001cec                DMA1_Channel6_IRQHandler
 .text.EXTI9_5_IRQHandler
                0x08001cfc       0x10 build/stm32l4xx_it.o
                0x08001cfc                EXTI9_5_IRQHandler
 .text.USART1_IRQHandler
                0x08001d0c       0x14 build/stm32l4xx_it.o
                0x08001d0c                USART1_IRQHandler
 .text.USART2_IRQHandler
                0x08001d20       0x14 build/stm32l4xx_it.o
                0x08001d20                USART2_IRQHandler
 .text.EXTI15_10_IRQHandler
                0x08001d34        0xc build/stm32l4xx_it.o
                0x08001d34                EXTI15_10_IRQHandler
 .text.TIM6_DAC_IRQHandler
                0x08001d40       0x10 build/stm32l4xx_it.o
                0x08001d40                TIM6_DAC_IRQHandler
 .text.TIM7_IRQHandler
                0x08001d50       0x10 build/stm32l4xx_it.o
                0x08001d50                TIM7_IRQHandler
 .text.DMA2_Channel7_IRQHandler
                0x08001d60       0x10 build/stm32l4xx_it.o
                0x08001d60                DMA2_Channel7_IRQHandler
 .text.LPUART1_IRQHandler
                0x08001d70       0x14 build/stm32l4xx_it.o
                0x08001d70                LPUART1_IRQHandler
 .text.HAL_MspInit
                0x08001d84       0x50 build/stm32l4xx_hal_msp.o
                0x08001d84                HAL_MspInit
 .text._getpid  0x08001dd4        0x4 build/syscalls.o
                0x08001dd4                _getpid
 .text._kill    0x08001dd8       0x10 build/syscalls.o
                0x08001dd8                _kill
 .text._exit    0x08001de8        0xc build/syscalls.o
                0x08001de8                _exit
 .text._read    0x08001df4       0x20 build/syscalls.o
                0x08001df4                _read
 .text._write   0x08001e14       0x46 build/syscalls.o
                0x08001e14                _write
 *fill*         0x08001e5a        0x2 
 .text._sbrk    0x08001e5c       0x3c build/syscalls.o
                0x08001e5c                _sbrk
 .text._close   0x08001e98        0x6 build/syscalls.o
                0x08001e98                _close
 .text._fstat   0x08001e9e        0xa build/syscalls.o
                0x08001e9e                _fstat
 .text._isatty  0x08001ea8        0x4 build/syscalls.o
                0x08001ea8                _isatty
 .text._lseek   0x08001eac        0x4 build/syscalls.o
                0x08001eac                _lseek
 .text.system_delay_ms
                0x08001eb0       0x16 build/common.o
                0x08001eb0                system_delay_ms
 *fill*         0x08001ec6        0x2 
 .text.time_out_break_ms
                0x08001ec8       0x54 build/common.o
                0x08001ec8                time_out_break_ms
 .text.lower2upper_and_remove_spaces
                0x08001f1c       0x26 build/common.o
                0x08001f1c                lower2upper_and_remove_spaces
 .text.find_string
                0x08001f42       0x30 build/common.o
                0x08001f42                find_string
 .text.match_string
                0x08001f72       0x66 build/common.o
                0x08001f72                match_string
 .text.htoi     0x08001fd8       0x5a build/common.o
                0x08001fd8                htoi
 .text.KEY_DO   0x08002032       0x5c build/key.o
                0x08002032                KEY_DO
 *fill*         0x0800208e        0x2 
 .text.HAL_GPIO_EXTI_Callback
                0x08002090      0x120 build/key.o
                0x08002090                HAL_GPIO_EXTI_Callback
 .text.node_gpio_read
                0x080021b0       0x28 build/lorawan_node_driver.o
 .text.node_gpio_set
                0x080021d8       0x98 build/lorawan_node_driver.o
 .text.node_hard_reset
                0x08002270       0x3c build/lorawan_node_driver.o
 .text.commResultPrint
                0x080022ac       0x9c build/lorawan_node_driver.o
 .text.nodePinBusyStatusHolding
                0x08002348       0x2c build/lorawan_node_driver.o
 .text.transfer_inquire_command
                0x08002374       0xf0 build/lorawan_node_driver.o
 .text.node_block_join
                0x08002464       0xe0 build/lorawan_node_driver.o
 .text.free_down_info_list
                0x08002544       0x64 build/lorawan_node_driver.o
 .text.transfer_node_data
                0x080025a8       0x14 build/lorawan_node_driver.o
 .text.down_data_process
                0x080025bc       0x84 build/lorawan_node_driver.o
 .text.handle_cmd_return_data
                0x08002640       0x2c build/lorawan_node_driver.o
 .text.nodeGpioConfig
                0x0800266c        0x8 build/lorawan_node_driver.o
                0x0800266c                nodeGpioConfig
 .text.Node_Hard_Reset
                0x08002674        0x8 build/lorawan_node_driver.o
                0x08002674                Node_Hard_Reset
 .text.nodeJoinNet
                0x0800267c        0x8 build/lorawan_node_driver.o
                0x0800267c                nodeJoinNet
 .text.nodeResetJoin
                0x08002684       0x2c build/lorawan_node_driver.o
                0x08002684                nodeResetJoin
 .text.node_block_send
                0x080026b0      0x190 build/lorawan_node_driver.o
 .text.nodeDataCommunicate
                0x08002840       0x44 build/lorawan_node_driver.o
                0x08002840                nodeDataCommunicate
 .text.I2Cx_Init
                0x08002884       0x40 build/hdc1000.o
                0x08002884                I2Cx_Init
 .text.HDC1000_IO_Init
                0x080028c4       0x10 build/hdc1000.o
                0x080028c4                HDC1000_IO_Init
 .text.Get_HDC1000_Handler
                0x080028d4        0x8 build/hdc1000.o
                0x080028d4                Get_HDC1000_Handler
 .text.HDC1000_Write_Buffer
                0x080028dc       0x7c build/hdc1000.o
 .text.HDC1000_Soft_Reset
                0x08002958       0x20 build/hdc1000.o
 .text.HDC1000_Set_Mode
                0x08002978       0x1e build/hdc1000.o
 .text.HDC1000_Init
                0x08002996       0x1c build/hdc1000.o
                0x08002996                HDC1000_Init
 *fill*         0x080029b2        0x2 
 .text.HDC1000_Read_Buffer
                0x080029b4       0x90 build/hdc1000.o
 .text.HDC1000_Read_Temper
                0x08002a44       0x20 build/hdc1000.o
                0x08002a44                HDC1000_Read_Temper
 .text.MMA8451_IO_Init
                0x08002a64       0x10 build/mma8451.o
                0x08002a64                MMA8451_IO_Init
 .text.Get_MMA8451_Handler
                0x08002a74        0x8 build/mma8451.o
                0x08002a74                Get_MMA8451_Handler
 .text.MMA8451_Read_Buffer
                0x08002a7c       0x54 build/mma8451.o
 .text.MMA8451_Write_Buffer
                0x08002ad0       0x58 build/mma8451.o
 .text.MMA8451_Init
                0x08002b28       0x7a build/mma8451.o
                0x08002b28                MMA8451_Init
 *fill*         0x08002ba2        0x2 
 .text.MPL3115_IO_Init
                0x08002ba4       0x10 build/mpl3115.o
                0x08002ba4                MPL3115_IO_Init
 .text.Get_MPL3115_Handler
                0x08002bb4        0x8 build/mpl3115.o
                0x08002bb4                Get_MPL3115_Handler
 .text.MPL3115_Write_Buffer
                0x08002bbc       0x58 build/mpl3115.o
 .text.MPL3115_SetMode
                0x08002c14       0x7a build/mpl3115.o
                0x08002c14                MPL3115_SetMode
 .text.MPL3115_Init
                0x08002c8e       0x18 build/mpl3115.o
                0x08002c8e                MPL3115_Init
 *fill*         0x08002ca6        0x2 
 .text.OPT3001_IO_Init
                0x08002ca8       0x10 build/opt3001.o
                0x08002ca8                OPT3001_IO_Init
 .text.Get_OPT3001_Handler
                0x08002cb8        0x8 build/opt3001.o
                0x08002cb8                Get_OPT3001_Handler
 .text.OPT3001_Read_Buffer
                0x08002cc0       0x78 build/opt3001.o
 .text.OPT3001_Write_Buffer
                0x08002d38       0x4c build/opt3001.o
 .text.OPT3001_Configure
                0x08002d84       0x50 build/opt3001.o
 .text.OPT3001_Init
                0x08002dd4       0x14 build/opt3001.o
                0x08002dd4                OPT3001_Init
 .text.LCD_WriteCommand
                0x08002de8       0x68 build/ST7789v.o
                0x08002de8                LCD_WriteCommand
 .text.LCD_WriteData_8bit
                0x08002e50       0x68 build/ST7789v.o
                0x08002e50                LCD_WriteData_8bit
 .text.ST7789V_INIT
                0x08002eb8      0x250 build/ST7789v.o
                0x08002eb8                ST7789V_INIT
 .text.LCDOpenWindows
                0x08003108       0x86 build/ST7789v.o
                0x08003108                LCDOpenWindows
 *fill*         0x0800318e        0x2 
 .text.LCD_WriteData_16bit
                0x08003190       0x88 build/ST7789v.o
                0x08003190                LCD_WriteData_16bit
 .text.LCD_DrawPoint
                0x08003218       0x4c build/ST7789v.o
                0x08003218                LCD_DrawPoint
 .text.LCD_DrawLine
                0x08003264       0xa8 build/ST7789v.o
                0x08003264                LCD_DrawLine
 .text.Draw_Circle
                0x0800330c      0x10a build/ST7789v.o
                0x0800330c                Draw_Circle
 *fill*         0x08003416        0x2 
 .text.LCD_ShowChar
                0x08003418       0x58 build/ST7789v.o
                0x08003418                LCD_ShowChar
 .text.LCD_Clear
                0x08003470       0x54 build/ST7789v.o
                0x08003470                LCD_Clear
 .text.LCD_ShowString
                0x080034c4       0x44 build/ST7789v.o
                0x080034c4                LCD_ShowString
 .text.LCD_Fill
                0x08003508       0x5c build/ST7789v.o
                0x08003508                LCD_Fill
 .text.delay_10ms
                0x08003564       0x1a build/ST7789v.o
                0x08003564                delay_10ms
 .text.LCD_ST7789_DrawPicture
                0x0800357e       0xd4 build/ST7789v.o
                0x0800357e                LCD_ST7789_DrawPicture
 *fill*         0x08003652        0x2 
 .text.LCD_Test
                0x08003654       0x3c build/ST7789v.o
                0x08003654                LCD_Test
 .text.LCD_Init
                0x08003690       0x6c build/ST7789v.o
                0x08003690                LCD_Init
 .text.XPT2046_init
                0x080036fc       0x28 build/XPT2046.o
                0x080036fc                XPT2046_init
 .text.XPT2046_write
                0x08003724       0x4e build/XPT2046.o
                0x08003724                XPT2046_write
 .text.Delay_us
                0x08003772       0x1c build/XPT2046.o
                0x08003772                Delay_us
 .text.XPT2046_read
                0x0800378e       0x90 build/XPT2046.o
                0x0800378e                XPT2046_read
 *fill*         0x0800381e        0x2 
 .text.ADS_Read_XY
                0x08003820       0x98 build/XPT2046.o
                0x08003820                ADS_Read_XY
 .text.Read_ADS
                0x080038b8       0x2c build/XPT2046.o
                0x080038b8                Read_ADS
 .text.Read_ADS2
                0x080038e4       0x8c build/XPT2046.o
                0x080038e4                Read_ADS2
 .text.Drow_Touch_Point
                0x08003970       0x8c build/XPT2046.o
                0x08003970                Drow_Touch_Point
 *fill*         0x080039fc        0x4 
 .text.Touch_Adjust
                0x08003a00      0x44c build/XPT2046.o
                0x08003a00                Touch_Adjust
 .text.LoRaWAN_Func_Process
                0x08003e4c      0x14c build/app.o
                0x08003e4c                LoRaWAN_Func_Process
 .text.LoRaWAN_Borad_Info_Print
                0x08003f98       0x6c build/app.o
                0x08003f98                LoRaWAN_Borad_Info_Print
 .text.HAL_Init
                0x08004004       0x1e build/stm32l4xx_hal.o
                0x08004004                HAL_Init
 *fill*         0x08004022        0x2 
 .text.HAL_IncTick
                0x08004024       0x18 build/stm32l4xx_hal.o
                0x08004024                HAL_IncTick
 .text.HAL_GetTick
                0x0800403c        0xc build/stm32l4xx_hal.o
                0x0800403c                HAL_GetTick
 .text.HAL_Delay
                0x08004048       0x28 build/stm32l4xx_hal.o
                0x08004048                HAL_Delay
 .text.RCC_SetFlashLatencyFromMSIRange
                0x08004070       0x90 build/stm32l4xx_hal_rcc.o
 .text.HAL_RCC_GetSysClockFreq
                0x08004100       0xb4 build/stm32l4xx_hal_rcc.o
                0x08004100                HAL_RCC_GetSysClockFreq
 .text.HAL_RCC_OscConfig
                0x080041b4      0x61c build/stm32l4xx_hal_rcc.o
                0x080041b4                HAL_RCC_OscConfig
 .text.HAL_RCC_ClockConfig
                0x080047d0      0x188 build/stm32l4xx_hal_rcc.o
                0x080047d0                HAL_RCC_ClockConfig
 .text.HAL_RCC_GetHCLKFreq
                0x08004958        0xc build/stm32l4xx_hal_rcc.o
                0x08004958                HAL_RCC_GetHCLKFreq
 .text.HAL_RCC_GetPCLK1Freq
                0x08004964       0x24 build/stm32l4xx_hal_rcc.o
                0x08004964                HAL_RCC_GetPCLK1Freq
 .text.HAL_RCC_GetPCLK2Freq
                0x08004988       0x24 build/stm32l4xx_hal_rcc.o
                0x08004988                HAL_RCC_GetPCLK2Freq
 .text.HAL_RCC_GetClockConfig
                0x080049ac       0x3c build/stm32l4xx_hal_rcc.o
                0x080049ac                HAL_RCC_GetClockConfig
 .text.RCCEx_PLLSAI1_Config
                0x080049e8      0x170 build/stm32l4xx_hal_rcc_ex.o
 .text.RCCEx_PLLSAI2_Config
                0x08004b58      0x14c build/stm32l4xx_hal_rcc_ex.o
 .text.HAL_RCCEx_PeriphCLKConfig
                0x08004ca4      0x454 build/stm32l4xx_hal_rcc_ex.o
                0x08004ca4                HAL_RCCEx_PeriphCLKConfig
 .text.HAL_FLASH_EndOfOperationCallback
                0x080050f8        0x2 build/stm32l4xx_hal_flash.o
                0x080050f8                HAL_FLASH_EndOfOperationCallback
 .text.HAL_FLASH_OperationErrorCallback
                0x080050fa        0x2 build/stm32l4xx_hal_flash.o
                0x080050fa                HAL_FLASH_OperationErrorCallback
 .text.HAL_FLASH_IRQHandler
                0x080050fc      0x130 build/stm32l4xx_hal_flash.o
                0x080050fc                HAL_FLASH_IRQHandler
 .text.FLASH_PageErase
                0x0800522c       0x44 build/stm32l4xx_hal_flash_ex.o
                0x0800522c                FLASH_PageErase
 .text.FLASH_FlushCaches
                0x08005270       0x64 build/stm32l4xx_hal_flash_ex.o
                0x08005270                FLASH_FlushCaches
 .text.HAL_GPIO_Init
                0x080052d4      0x200 build/stm32l4xx_hal_gpio.o
                0x080052d4                HAL_GPIO_Init
 .text.HAL_GPIO_ReadPin
                0x080054d4        0xe build/stm32l4xx_hal_gpio.o
                0x080054d4                HAL_GPIO_ReadPin
 .text.HAL_GPIO_WritePin
                0x080054e2        0xa build/stm32l4xx_hal_gpio.o
                0x080054e2                HAL_GPIO_WritePin
 .text.HAL_GPIO_EXTI_IRQHandler
                0x080054ec       0x1c build/stm32l4xx_hal_gpio.o
                0x080054ec                HAL_GPIO_EXTI_IRQHandler
 .text.I2C_Flush_TXDR
                0x08005508       0x22 build/stm32l4xx_hal_i2c.o
 .text.I2C_TransferConfig
                0x0800552a       0x3c build/stm32l4xx_hal_i2c.o
 .text.I2C_IsErrorOccurred
                0x08005566      0x114 build/stm32l4xx_hal_i2c.o
 .text.I2C_WaitOnTXISFlagUntilTimeout
                0x0800567a       0x60 build/stm32l4xx_hal_i2c.o
 .text.I2C_WaitOnFlagUntilTimeout
                0x080056da       0x7c build/stm32l4xx_hal_i2c.o
 *fill*         0x08005756        0x2 
 .text.I2C_RequestMemoryRead
                0x08005758       0x78 build/stm32l4xx_hal_i2c.o
 .text.I2C_WaitOnSTOPFlagUntilTimeout
                0x080057d0       0x5e build/stm32l4xx_hal_i2c.o
 .text.I2C_WaitOnRXNEFlagUntilTimeout
                0x0800582e       0xaa build/stm32l4xx_hal_i2c.o
 .text.HAL_I2C_Init
                0x080058d8       0xc8 build/stm32l4xx_hal_i2c.o
                0x080058d8                HAL_I2C_Init
 .text.HAL_I2C_Master_Transmit
                0x080059a0      0x1a4 build/stm32l4xx_hal_i2c.o
                0x080059a0                HAL_I2C_Master_Transmit
 .text.HAL_I2C_Master_Receive
                0x08005b44      0x17c build/stm32l4xx_hal_i2c.o
                0x08005b44                HAL_I2C_Master_Receive
 .text.HAL_I2C_Mem_Read
                0x08005cc0      0x1b0 build/stm32l4xx_hal_i2c.o
                0x08005cc0                HAL_I2C_Mem_Read
 .text.HAL_I2C_GetState
                0x08005e70        0x6 build/stm32l4xx_hal_i2c.o
                0x08005e70                HAL_I2C_GetState
 .text.HAL_I2C_GetError
                0x08005e76        0x4 build/stm32l4xx_hal_i2c.o
                0x08005e76                HAL_I2C_GetError
 .text.HAL_I2CEx_ConfigAnalogFilter
                0x08005e7a       0x5c build/stm32l4xx_hal_i2c_ex.o
                0x08005e7a                HAL_I2CEx_ConfigAnalogFilter
 .text.DMA_SetConfig
                0x08005ed6       0x32 build/stm32l4xx_hal_dma.o
 .text.HAL_DMA_Init
                0x08005f08      0x108 build/stm32l4xx_hal_dma.o
                0x08005f08                HAL_DMA_Init
 .text.HAL_DMA_Start_IT
                0x08006010       0x76 build/stm32l4xx_hal_dma.o
                0x08006010                HAL_DMA_Start_IT
 .text.HAL_DMA_Abort
                0x08006086       0x4a build/stm32l4xx_hal_dma.o
                0x08006086                HAL_DMA_Abort
 .text.HAL_DMA_Abort_IT
                0x080060d0       0x50 build/stm32l4xx_hal_dma.o
                0x080060d0                HAL_DMA_Abort_IT
 .text.HAL_DMA_IRQHandler
                0x08006120       0xc4 build/stm32l4xx_hal_dma.o
                0x08006120                HAL_DMA_IRQHandler
 .text.HAL_DMA_GetError
                0x080061e4        0x4 build/stm32l4xx_hal_dma.o
                0x080061e4                HAL_DMA_GetError
 .text.HAL_PWREx_GetVoltageRange
                0x080061e8       0x10 build/stm32l4xx_hal_pwr_ex.o
                0x080061e8                HAL_PWREx_GetVoltageRange
 .text.HAL_PWREx_ControlVoltageScaling
                0x080061f8       0x90 build/stm32l4xx_hal_pwr_ex.o
                0x080061f8                HAL_PWREx_ControlVoltageScaling
 .text.HAL_NVIC_SetPriorityGrouping
                0x08006288       0x24 build/stm32l4xx_hal_cortex.o
                0x08006288                HAL_NVIC_SetPriorityGrouping
 .text.HAL_NVIC_SetPriority
                0x080062ac       0x70 build/stm32l4xx_hal_cortex.o
                0x080062ac                HAL_NVIC_SetPriority
 .text.HAL_NVIC_EnableIRQ
                0x0800631c       0x1c build/stm32l4xx_hal_cortex.o
                0x0800631c                HAL_NVIC_EnableIRQ
 .text.HAL_NVIC_DisableIRQ
                0x08006338       0x24 build/stm32l4xx_hal_cortex.o
                0x08006338                HAL_NVIC_DisableIRQ
 .text.UART_EndTxTransfer
                0x0800635c       0x18 build/stm32l4xx_hal_uart.o
 .text.UART_EndRxTransfer
                0x08006374       0x52 build/stm32l4xx_hal_uart.o
 .text.HAL_UART_DMAStop
                0x080063c6       0xac build/stm32l4xx_hal_uart.o
                0x080063c6                HAL_UART_DMAStop
 .text.HAL_UART_TxCpltCallback
                0x08006472        0x2 build/stm32l4xx_hal_uart.o
                0x08006472                HAL_UART_TxCpltCallback
 .text.UART_EndTransmit_IT
                0x08006474       0x22 build/stm32l4xx_hal_uart.o
 .text.HAL_UART_RxCpltCallback
                0x08006496        0x2 build/stm32l4xx_hal_uart.o
                0x08006496                HAL_UART_RxCpltCallback
 .text.HAL_UART_RxHalfCpltCallback
                0x08006498        0x2 build/stm32l4xx_hal_uart.o
                0x08006498                HAL_UART_RxHalfCpltCallback
 .text.HAL_UART_ErrorCallback
                0x0800649a        0x2 build/stm32l4xx_hal_uart.o
                0x0800649a                HAL_UART_ErrorCallback
 .text.UART_DMAError
                0x0800649c       0x56 build/stm32l4xx_hal_uart.o
 .text.UART_DMAAbortOnError
                0x080064f2       0x14 build/stm32l4xx_hal_uart.o
 .text.HAL_UARTEx_RxEventCallback
                0x08006506        0x2 build/stm32l4xx_hal_uart.o
                0x08006506                HAL_UARTEx_RxEventCallback
 .text.HAL_UART_IRQHandler
                0x08006508      0x30c build/stm32l4xx_hal_uart.o
                0x08006508                HAL_UART_IRQHandler
 .text.UART_DMARxHalfCplt
                0x08006814       0x20 build/stm32l4xx_hal_uart.o
 .text.UART_DMAReceiveCplt
                0x08006834       0x92 build/stm32l4xx_hal_uart.o
 *fill*         0x080068c6        0x2 
 .text.UART_SetConfig
                0x080068c8      0x328 build/stm32l4xx_hal_uart.o
                0x080068c8                UART_SetConfig
 .text.UART_AdvFeatureConfig
                0x08006bf0       0xca build/stm32l4xx_hal_uart.o
                0x08006bf0                UART_AdvFeatureConfig
 .text.UART_WaitOnFlagUntilTimeout
                0x08006cba       0xa2 build/stm32l4xx_hal_uart.o
                0x08006cba                UART_WaitOnFlagUntilTimeout
 .text.UART_CheckIdleState
                0x08006d5c       0xc6 build/stm32l4xx_hal_uart.o
                0x08006d5c                UART_CheckIdleState
 .text.HAL_UART_Init
                0x08006e22       0x62 build/stm32l4xx_hal_uart.o
                0x08006e22                HAL_UART_Init
 .text.UART_Start_Receive_DMA
                0x08006e84       0xa8 build/stm32l4xx_hal_uart.o
                0x08006e84                UART_Start_Receive_DMA
 .text.HAL_UART_Receive_DMA
                0x08006f2c       0x4c build/stm32l4xx_hal_uart.o
                0x08006f2c                HAL_UART_Receive_DMA
 .text.HAL_UARTEx_WakeupCallback
                0x08006f78        0x2 build/stm32l4xx_hal_uart_ex.o
                0x08006f78                HAL_UARTEx_WakeupCallback
 *fill*         0x08006f7a        0x2 
 .text.HAL_RTC_WaitForSynchro
                0x08006f7c       0x34 build/stm32l4xx_hal_rtc.o
                0x08006f7c                HAL_RTC_WaitForSynchro
 .text.RTC_EnterInitMode
                0x08006fb0       0x44 build/stm32l4xx_hal_rtc.o
                0x08006fb0                RTC_EnterInitMode
 .text.RTC_ExitInitMode
                0x08006ff4       0x50 build/stm32l4xx_hal_rtc.o
                0x08006ff4                RTC_ExitInitMode
 .text.HAL_RTC_Init
                0x08007044       0xa6 build/stm32l4xx_hal_rtc.o
                0x08007044                HAL_RTC_Init
 .text.HAL_RTCEx_WakeUpTimerEventCallback
                0x080070ea        0x2 build/stm32l4xx_hal_rtc_ex.o
                0x080070ea                HAL_RTCEx_WakeUpTimerEventCallback
 .text.HAL_RTCEx_WakeUpTimerIRQHandler
                0x080070ec       0x34 build/stm32l4xx_hal_rtc_ex.o
                0x080070ec                HAL_RTCEx_WakeUpTimerIRQHandler
 .text.HAL_RTCEx_BKUPWrite
                0x08007120       0x18 build/stm32l4xx_hal_rtc_ex.o
                0x08007120                HAL_RTCEx_BKUPWrite
 .text.HAL_RTCEx_BKUPRead
                0x08007138        0xa build/stm32l4xx_hal_rtc_ex.o
                0x08007138                HAL_RTCEx_BKUPRead
 *fill*         0x08007142        0x2 
 .text.TIM_OC1_SetConfig
                0x08007144       0xa0 build/stm32l4xx_hal_tim.o
 .text.TIM_OC3_SetConfig
                0x080071e4       0x8c build/stm32l4xx_hal_tim.o
 .text.TIM_OC4_SetConfig
                0x08007270       0x6c build/stm32l4xx_hal_tim.o
 .text.TIM_OC5_SetConfig
                0x080072dc       0x68 build/stm32l4xx_hal_tim.o
 .text.TIM_OC6_SetConfig
                0x08007344       0x6c build/stm32l4xx_hal_tim.o
 .text.HAL_TIM_Base_Start_IT
                0x080073b0       0x8c build/stm32l4xx_hal_tim.o
                0x080073b0                HAL_TIM_Base_Start_IT
 .text.HAL_TIM_PWM_MspInit
                0x0800743c        0x2 build/stm32l4xx_hal_tim.o
                0x0800743c                HAL_TIM_PWM_MspInit
 .text.HAL_TIM_OC_DelayElapsedCallback
                0x0800743e        0x2 build/stm32l4xx_hal_tim.o
                0x0800743e                HAL_TIM_OC_DelayElapsedCallback
 .text.HAL_TIM_IC_CaptureCallback
                0x08007440        0x2 build/stm32l4xx_hal_tim.o
                0x08007440                HAL_TIM_IC_CaptureCallback
 .text.HAL_TIM_PWM_PulseFinishedCallback
                0x08007442        0x2 build/stm32l4xx_hal_tim.o
                0x08007442                HAL_TIM_PWM_PulseFinishedCallback
 .text.HAL_TIM_TriggerCallback
                0x08007444        0x2 build/stm32l4xx_hal_tim.o
                0x08007444                HAL_TIM_TriggerCallback
 .text.HAL_TIM_IRQHandler
                0x08007446      0x17a build/stm32l4xx_hal_tim.o
                0x08007446                HAL_TIM_IRQHandler
 .text.TIM_Base_SetConfig
                0x080075c0       0xd8 build/stm32l4xx_hal_tim.o
                0x080075c0                TIM_Base_SetConfig
 .text.HAL_TIM_Base_Init
                0x08007698       0x60 build/stm32l4xx_hal_tim.o
                0x08007698                HAL_TIM_Base_Init
 .text.HAL_TIM_PWM_Init
                0x080076f8       0x60 build/stm32l4xx_hal_tim.o
                0x080076f8                HAL_TIM_PWM_Init
 .text.TIM_OC2_SetConfig
                0x08007758       0x8c build/stm32l4xx_hal_tim.o
                0x08007758                TIM_OC2_SetConfig
 .text.HAL_TIM_PWM_ConfigChannel
                0x080077e4      0x13a build/stm32l4xx_hal_tim.o
                0x080077e4                HAL_TIM_PWM_ConfigChannel
 .text.TIM_CCxChannelCmd
                0x0800791e       0x1e build/stm32l4xx_hal_tim.o
                0x0800791e                TIM_CCxChannelCmd
 .text.HAL_TIM_PWM_Start
                0x0800793c      0x160 build/stm32l4xx_hal_tim.o
                0x0800793c                HAL_TIM_PWM_Start
 .text.HAL_TIMEx_MasterConfigSynchronization
                0x08007a9c       0x98 build/stm32l4xx_hal_tim_ex.o
                0x08007a9c                HAL_TIMEx_MasterConfigSynchronization
 .text.HAL_TIMEx_ConfigBreakDeadTime
                0x08007b34       0x90 build/stm32l4xx_hal_tim_ex.o
                0x08007b34                HAL_TIMEx_ConfigBreakDeadTime
 .text.HAL_TIMEx_CommutCallback
                0x08007bc4        0x2 build/stm32l4xx_hal_tim_ex.o
                0x08007bc4                HAL_TIMEx_CommutCallback
 .text.HAL_TIMEx_BreakCallback
                0x08007bc6        0x2 build/stm32l4xx_hal_tim_ex.o
                0x08007bc6                HAL_TIMEx_BreakCallback
 .text.HAL_TIMEx_Break2Callback
                0x08007bc8        0x2 build/stm32l4xx_hal_tim_ex.o
                0x08007bc8                HAL_TIMEx_Break2Callback
 *fill*         0x08007bca        0x2 
 .text.SystemInit
                0x08007bcc       0x14 build/system_stm32l4xx.o
                0x08007bcc                SystemInit
 .text.vListInitialise
                0x08007be0       0x16 build/list.o
                0x08007be0                vListInitialise
 .text.vListInitialiseItem
                0x08007bf6        0x6 build/list.o
                0x08007bf6                vListInitialiseItem
 .text.vListInsertEnd
                0x08007bfc       0x16 build/list.o
                0x08007bfc                vListInsertEnd
 .text.vListInsert
                0x08007c12       0x32 build/list.o
                0x08007c12                vListInsert
 .text.uxListRemove
                0x08007c44       0x26 build/list.o
                0x08007c44                uxListRemove
 .text.prvIsQueueFull
                0x08007c6a       0x1e build/queue.o
 .text.prvIsQueueEmpty
                0x08007c88       0x1a build/queue.o
 .text.prvCopyDataToQueue
                0x08007ca2       0x76 build/queue.o
 .text.prvCopyDataFromQueue
                0x08007d18       0x24 build/queue.o
 .text.prvUnlockQueue
                0x08007d3c       0x6e build/queue.o
 .text.xQueueGenericReset
                0x08007daa       0x84 build/queue.o
                0x08007daa                xQueueGenericReset
 .text.prvInitialiseNewQueue
                0x08007e2e       0x22 build/queue.o
 .text.xQueueGenericCreateStatic
                0x08007e50       0x94 build/queue.o
                0x08007e50                xQueueGenericCreateStatic
 .text.xQueueGenericSend
                0x08007ee4      0x188 build/queue.o
                0x08007ee4                xQueueGenericSend
 .text.xQueueGenericSendFromISR
                0x0800806c       0xce build/queue.o
                0x0800806c                xQueueGenericSendFromISR
 .text.xQueueReceive
                0x0800813a      0x15e build/queue.o
                0x0800813a                xQueueReceive
 .text.vQueueAddToRegistry
                0x08008298       0x28 build/queue.o
                0x08008298                vQueueAddToRegistry
 .text.vQueueWaitForMessageRestricted
                0x080082c0       0x52 build/queue.o
                0x080082c0                vQueueWaitForMessageRestricted
 *fill*         0x08008312        0x2 
 .text.prvResetNextTaskUnblockTime
                0x08008314       0x2c build/tasks.o
 .text.prvInitialiseNewTask
                0x08008340       0xa6 build/tasks.o
 *fill*         0x080083e6        0x2 
 .text.prvInitialiseTaskLists
                0x080083e8       0x68 build/tasks.o
 .text.prvAddNewTaskToReadyList
                0x08008450       0xac build/tasks.o
 .text.prvDeleteTCB
                0x080084fc       0x38 build/tasks.o
 .text.prvCheckTasksWaitingTermination
                0x08008534       0x4c build/tasks.o
 .text.prvIdleTask
                0x08008580       0x28 build/tasks.o
 .text.prvAddCurrentTaskToDelayedList
                0x080085a8       0x7c build/tasks.o
 .text.xTaskCreateStatic
                0x08008624       0x76 build/tasks.o
                0x08008624                xTaskCreateStatic
 .text.xTaskCreate
                0x0800869a       0x68 build/tasks.o
                0x0800869a                xTaskCreate
 *fill*         0x08008702        0x2 
 .text.vTaskStartScheduler
                0x08008704       0x9c build/tasks.o
                0x08008704                vTaskStartScheduler
 .text.vTaskSuspendAll
                0x080087a0       0x10 build/tasks.o
                0x080087a0                vTaskSuspendAll
 .text.xTaskGetTickCount
                0x080087b0        0xc build/tasks.o
                0x080087b0                xTaskGetTickCount
 .text.xTaskIncrementTick
                0x080087bc      0x118 build/tasks.o
                0x080087bc                xTaskIncrementTick
 .text.xTaskResumeAll
                0x080088d4       0xf8 build/tasks.o
                0x080088d4                xTaskResumeAll
 .text.vTaskDelay
                0x080089cc       0x4c build/tasks.o
                0x080089cc                vTaskDelay
 .text.vTaskSwitchContext
                0x08008a18       0x94 build/tasks.o
                0x08008a18                vTaskSwitchContext
 .text.vTaskPlaceOnEventList
                0x08008aac       0x30 build/tasks.o
                0x08008aac                vTaskPlaceOnEventList
 .text.vTaskPlaceOnEventListRestricted
                0x08008adc       0x38 build/tasks.o
                0x08008adc                vTaskPlaceOnEventListRestricted
 .text.xTaskRemoveFromEventList
                0x08008b14       0x8c build/tasks.o
                0x08008b14                xTaskRemoveFromEventList
 .text.vTaskInternalSetTimeOutState
                0x08008ba0       0x18 build/tasks.o
                0x08008ba0                vTaskInternalSetTimeOutState
 .text.xTaskCheckForTimeOut
                0x08008bb8       0x84 build/tasks.o
                0x08008bb8                xTaskCheckForTimeOut
 .text.vTaskMissedYield
                0x08008c3c        0xc build/tasks.o
                0x08008c3c                vTaskMissedYield
 .text.xTaskGetSchedulerState
                0x08008c48       0x20 build/tasks.o
                0x08008c48                xTaskGetSchedulerState
 .text.xTaskPriorityDisinherit
                0x08008c68       0x90 build/tasks.o
                0x08008c68                xTaskPriorityDisinherit
 .text.prvGetNextExpireTime
                0x08008cf8       0x20 build/timers.o
 .text.prvInsertTimerInActiveList
                0x08008d18       0x48 build/timers.o
 .text.prvCheckForValidListAndQueue
                0x08008d60       0x70 build/timers.o
 .text.xTimerCreateTimerTask
                0x08008dd0       0x64 build/timers.o
                0x08008dd0                xTimerCreateTimerTask
 .text.xTimerGenericCommand
                0x08008e34       0x6c build/timers.o
                0x08008e34                xTimerGenericCommand
 .text.prvSwitchTimerLists
                0x08008ea0       0x7c build/timers.o
 .text.prvSampleTimeNow
                0x08008f1c       0x2c build/timers.o
 .text.prvProcessExpiredTimer
                0x08008f48       0x6c build/timers.o
 .text.prvProcessTimerOrBlockTask
                0x08008fb4       0x74 build/timers.o
 .text.prvProcessReceivedCommands
                0x08009028      0x10c build/timers.o
 .text.prvTimerTask
                0x08009134       0x16 build/timers.o
 .text.SysTick_Handler
                0x0800914a       0x18 build/cmsis_os2.o
                0x0800914a                SysTick_Handler
 *fill*         0x08009162        0x2 
 .text.osKernelInitialize
                0x08009164       0x24 build/cmsis_os2.o
                0x08009164                osKernelInitialize
 .text.osKernelStart
                0x08009188       0x38 build/cmsis_os2.o
                0x08009188                osKernelStart
 .text.osThreadNew
                0x080091c0       0xbc build/cmsis_os2.o
                0x080091c0                osThreadNew
 .text.osDelay  0x0800927c       0x1c build/cmsis_os2.o
                0x0800927c                osDelay
 .text.vApplicationGetIdleTaskMemory
                0x08009298       0x18 build/cmsis_os2.o
                0x08009298                vApplicationGetIdleTaskMemory
 .text.vApplicationGetTimerTaskMemory
                0x080092b0       0x18 build/cmsis_os2.o
                0x080092b0                vApplicationGetTimerTaskMemory
 .text.prvHeapInit
                0x080092c8       0x68 build/heap_4.o
 .text.prvInsertBlockIntoFreeList
                0x08009330       0x64 build/heap_4.o
 .text.pvPortMalloc
                0x08009394       0xfc build/heap_4.o
                0x08009394                pvPortMalloc
 .text.vPortFree
                0x08009490       0x7c build/heap_4.o
                0x08009490                vPortFree
 .text.prvTaskExitError
                0x0800950c       0x40 build/port.o
 .text.prvPortStartFirstTask
                0x0800954c       0x28 build/port.o
 .text.vPortEnableVFP
                0x08009574       0x14 build/port.o
 .text.pxPortInitialiseStack
                0x08009588       0x2c build/port.o
                0x08009588                pxPortInitialiseStack
 *fill*         0x080095b4        0xc 
 .text.SVC_Handler
                0x080095c0       0x24 build/port.o
                0x080095c0                SVC_Handler
 .text.vPortEnterCritical
                0x080095e4       0x44 build/port.o
                0x080095e4                vPortEnterCritical
 .text.vPortExitCritical
                0x08009628       0x2c build/port.o
                0x08009628                vPortExitCritical
 *fill*         0x08009654        0xc 
 .text.PendSV_Handler
                0x08009660       0x64 build/port.o
                0x08009660                PendSV_Handler
 .text.xPortSysTickHandler
                0x080096c4       0x2c build/port.o
                0x080096c4                xPortSysTickHandler
 .text.vPortSetupTimerInterrupt
                0x080096f0       0x28 build/port.o
                0x080096f0                vPortSetupTimerInterrupt
 .text.xPortStartScheduler
                0x08009718      0x118 build/port.o
                0x08009718                xPortStartScheduler
 .text.vPortValidateInterruptPriority
                0x08009830       0x5c build/port.o
                0x08009830                vPortValidateInterruptPriority
 .text.HAL_InitTick
                0x0800988c       0xa0 build/stm32l4xx_hal_timebase_tim.o
                0x0800988c                HAL_InitTick
 .text.Reset_Handler
                0x0800992c       0x50 build/startup_stm32l476xx.o
                0x0800992c                Reset_Handler
 .text.Default_Handler
                0x0800997c        0x2 build/startup_stm32l476xx.o
                0x0800997c                RTC_Alarm_IRQHandler
                0x0800997c                EXTI2_IRQHandler
                0x0800997c                TIM8_TRG_COM_IRQHandler
                0x0800997c                TIM8_CC_IRQHandler
                0x0800997c                TIM1_CC_IRQHandler
                0x0800997c                TSC_IRQHandler
                0x0800997c                TAMP_STAMP_IRQHandler
                0x0800997c                EXTI3_IRQHandler
                0x0800997c                LPTIM2_IRQHandler
                0x0800997c                DFSDM1_FLT1_IRQHandler
                0x0800997c                I2C3_ER_IRQHandler
                0x0800997c                DFSDM1_FLT2_IRQHandler
                0x0800997c                I2C2_EV_IRQHandler
                0x0800997c                CAN1_RX0_IRQHandler
                0x0800997c                FPU_IRQHandler
                0x0800997c                TIM1_UP_TIM16_IRQHandler
                0x0800997c                ADC1_2_IRQHandler
                0x0800997c                SPI1_IRQHandler
                0x0800997c                TIM8_UP_IRQHandler
                0x0800997c                DMA2_Channel2_IRQHandler
                0x0800997c                DMA1_Channel4_IRQHandler
                0x0800997c                SAI2_IRQHandler
                0x0800997c                DFSDM1_FLT3_IRQHandler
                0x0800997c                USART3_IRQHandler
                0x0800997c                DMA1_Channel7_IRQHandler
                0x0800997c                CAN1_RX1_IRQHandler
                0x0800997c                LCD_IRQHandler
                0x0800997c                UART5_IRQHandler
                0x0800997c                ADC3_IRQHandler
                0x0800997c                TIM4_IRQHandler
                0x0800997c                DMA2_Channel1_IRQHandler
                0x0800997c                QUADSPI_IRQHandler
                0x0800997c                I2C1_EV_IRQHandler
                0x0800997c                UART4_IRQHandler
                0x0800997c                DMA2_Channel4_IRQHandler
                0x0800997c                TIM3_IRQHandler
                0x0800997c                RCC_IRQHandler
                0x0800997c                DMA1_Channel1_IRQHandler
                0x0800997c                Default_Handler
                0x0800997c                SDMMC1_IRQHandler
                0x0800997c                TIM5_IRQHandler
                0x0800997c                I2C3_EV_IRQHandler
                0x0800997c                PVD_PVM_IRQHandler
                0x0800997c                SPI2_IRQHandler
                0x0800997c                CAN1_TX_IRQHandler
                0x0800997c                DMA2_Channel5_IRQHandler
                0x0800997c                RNG_IRQHandler
                0x0800997c                TIM1_TRG_COM_TIM17_IRQHandler
                0x0800997c                DMA1_Channel3_IRQHandler
                0x0800997c                COMP_IRQHandler
                0x0800997c                WWDG_IRQHandler
                0x0800997c                DMA2_Channel6_IRQHandler
                0x0800997c                TIM2_IRQHandler
                0x0800997c                EXTI1_IRQHandler
                0x0800997c                DFSDM1_FLT0_IRQHandler
                0x0800997c                I2C2_ER_IRQHandler
                0x0800997c                DMA1_Channel2_IRQHandler
                0x0800997c                TIM8_BRK_IRQHandler
                0x0800997c                CAN1_SCE_IRQHandler
                0x0800997c                OTG_FS_IRQHandler
                0x0800997c                SPI3_IRQHandler
                0x0800997c                I2C1_ER_IRQHandler
                0x0800997c                FMC_IRQHandler
                0x0800997c                SWPMI1_IRQHandler
                0x0800997c                LPTIM1_IRQHandler
                0x0800997c                SAI1_IRQHandler
                0x0800997c                DMA2_Channel3_IRQHandler
                0x0800997c                TIM1_BRK_TIM15_IRQHandler
 *fill*         0x0800997e        0x2 
 .text.__errno  0x08009980        0xc f:/stm32/win-dev-tools/gcc-arm-none-eabi/bin/../lib/gcc/arm-none-eabi/10.3.1/../../../../arm-none-eabi/lib/thumb/v7e-m+fp/hard\libc_nano.a(lib_a-errno.o)
                0x08009980                __errno
 .text.__libc_init_array
                0x0800998c       0x48 f:/stm32/win-dev-tools/gcc-arm-none-eabi/bin/../lib/gcc/arm-none-eabi/10.3.1/../../../../arm-none-eabi/lib/thumb/v7e-m+fp/hard\libc_nano.a(lib_a-init.o)
                0x0800998c                __libc_init_array
 .text.malloc   0x080099d4       0x10 f:/stm32/win-dev-tools/gcc-arm-none-eabi/bin/../lib/gcc/arm-none-eabi/10.3.1/../../../../arm-none-eabi/lib/thumb/v7e-m+fp/hard\libc_nano.a(lib_a-malloc.o)
                0x080099d4                malloc
 .text.free     0x080099e4       0x10 f:/stm32/win-dev-tools/gcc-arm-none-eabi/bin/../lib/gcc/arm-none-eabi/10.3.1/../../../../arm-none-eabi/lib/thumb/v7e-m+fp/hard\libc_nano.a(lib_a-malloc.o)
                0x080099e4                free
 .text.memcpy   0x080099f4       0x1c f:/stm32/win-dev-tools/gcc-arm-none-eabi/bin/../lib/gcc/arm-none-eabi/10.3.1/../../../../arm-none-eabi/lib/thumb/v7e-m+fp/hard\libc_nano.a(lib_a-memcpy-stub.o)
                0x080099f4                memcpy
 .text.memset   0x08009a10       0x10 f:/stm32/win-dev-tools/gcc-arm-none-eabi/bin/../lib/gcc/arm-none-eabi/10.3.1/../../../../arm-none-eabi/lib/thumb/v7e-m+fp/hard\libc_nano.a(lib_a-memset.o)
                0x08009a10                memset
 .text._free_r  0x08009a20       0x98 f:/stm32/win-dev-tools/gcc-arm-none-eabi/bin/../lib/gcc/arm-none-eabi/10.3.1/../../../../arm-none-eabi/lib/thumb/v7e-m+fp/hard\libc_nano.a(lib_a-nano-freer.o)
                0x08009a20                _free_r
 .text.sbrk_aligned
                0x08009ab8       0x40 f:/stm32/win-dev-tools/gcc-arm-none-eabi/bin/../lib/gcc/arm-none-eabi/10.3.1/../../../../arm-none-eabi/lib/thumb/v7e-m+fp/hard\libc_nano.a(lib_a-nano-mallocr.o)
 .text._malloc_r
                0x08009af8       0xe8 f:/stm32/win-dev-tools/gcc-arm-none-eabi/bin/../lib/gcc/arm-none-eabi/10.3.1/../../../../arm-none-eabi/lib/thumb/v7e-m+fp/hard\libc_nano.a(lib_a-nano-mallocr.o)
                0x08009af8                _malloc_r
 .text.__cvt    0x08009be0       0xc4 f:/stm32/win-dev-tools/gcc-arm-none-eabi/bin/../lib/gcc/arm-none-eabi/10.3.1/../../../../arm-none-eabi/lib/thumb/v7e-m+fp/hard\libc_nano.a(lib_a-nano-vfprintf_float.o)
                0x08009be0                __cvt
 .text.__exponent
                0x08009ca4       0x7c f:/stm32/win-dev-tools/gcc-arm-none-eabi/bin/../lib/gcc/arm-none-eabi/10.3.1/../../../../arm-none-eabi/lib/thumb/v7e-m+fp/hard\libc_nano.a(lib_a-nano-vfprintf_float.o)
                0x08009ca4                __exponent
 .text._printf_float
                0x08009d20      0x46c f:/stm32/win-dev-tools/gcc-arm-none-eabi/bin/../lib/gcc/arm-none-eabi/10.3.1/../../../../arm-none-eabi/lib/thumb/v7e-m+fp/hard\libc_nano.a(lib_a-nano-vfprintf_float.o)
                0x08009d20                _printf_float
 .text._printf_common
                0x0800a18c       0xda f:/stm32/win-dev-tools/gcc-arm-none-eabi/bin/../lib/gcc/arm-none-eabi/10.3.1/../../../../arm-none-eabi/lib/thumb/v7e-m+fp/hard\libc_nano.a(lib_a-nano-vfprintf_i.o)
                0x0800a18c                _printf_common
 *fill*         0x0800a266        0x2 
 .text._printf_i
                0x0800a268      0x24c f:/stm32/win-dev-tools/gcc-arm-none-eabi/bin/../lib/gcc/arm-none-eabi/10.3.1/../../../../arm-none-eabi/lib/thumb/v7e-m+fp/hard\libc_nano.a(lib_a-nano-vfprintf_i.o)
                0x0800a268                _printf_i
 .text._scanf_float
                0x0800a4b4      0x420 f:/stm32/win-dev-tools/gcc-arm-none-eabi/bin/../lib/gcc/arm-none-eabi/10.3.1/../../../../arm-none-eabi/lib/thumb/v7e-m+fp/hard\libc_nano.a(lib_a-nano-vfscanf_float.o)
                0x0800a4b4                _scanf_float
 .text._sbrk_r  0x0800a8d4       0x20 f:/stm32/win-dev-tools/gcc-arm-none-eabi/bin/../lib/gcc/arm-none-eabi/10.3.1/../../../../arm-none-eabi/lib/thumb/v7e-m+fp/hard\libc_nano.a(lib_a-sbrkr.o)
                0x0800a8d4                _sbrk_r
 .text.nanf     0x0800a8f4        0xc f:/stm32/win-dev-tools/gcc-arm-none-eabi/bin/../lib/gcc/arm-none-eabi/10.3.1/../../../../arm-none-eabi/lib/thumb/v7e-m+fp/hard\libc_nano.a(lib_a-sf_nan.o)
                0x0800a8f4                nanf
 .text.sprintf  0x0800a900       0x40 f:/stm32/win-dev-tools/gcc-arm-none-eabi/bin/../lib/gcc/arm-none-eabi/10.3.1/../../../../arm-none-eabi/lib/thumb/v7e-m+fp/hard\libc_nano.a(lib_a-sprintf.o)
                0x0800a900                siprintf
                0x0800a900                sprintf
 .text.sulp     0x0800a940       0x38 f:/stm32/win-dev-tools/gcc-arm-none-eabi/bin/../lib/gcc/arm-none-eabi/10.3.1/../../../../arm-none-eabi/lib/thumb/v7e-m+fp/hard\libc_nano.a(lib_a-strtod.o)
 .text._strtod_l
                0x0800a978      0xc0c f:/stm32/win-dev-tools/gcc-arm-none-eabi/bin/../lib/gcc/arm-none-eabi/10.3.1/../../../../arm-none-eabi/lib/thumb/v7e-m+fp/hard\libc_nano.a(lib_a-strtod.o)
                0x0800a978                _strtod_l
 .text._strtod_r
                0x0800b584        0xc f:/stm32/win-dev-tools/gcc-arm-none-eabi/bin/../lib/gcc/arm-none-eabi/10.3.1/../../../../arm-none-eabi/lib/thumb/v7e-m+fp/hard\libc_nano.a(lib_a-strtod.o)
                0x0800b584                _strtod_r
 .text._strtol_l.constprop.0
                0x0800b590      0x104 f:/stm32/win-dev-tools/gcc-arm-none-eabi/bin/../lib/gcc/arm-none-eabi/10.3.1/../../../../arm-none-eabi/lib/thumb/v7e-m+fp/hard\libc_nano.a(lib_a-strtol.o)
 .text._strtol_r
                0x0800b694        0x4 f:/stm32/win-dev-tools/gcc-arm-none-eabi/bin/../lib/gcc/arm-none-eabi/10.3.1/../../../../arm-none-eabi/lib/thumb/v7e-m+fp/hard\libc_nano.a(lib_a-strtol.o)
                0x0800b694                _strtol_r
 .text._vsnprintf_r
                0x0800b698       0x56 f:/stm32/win-dev-tools/gcc-arm-none-eabi/bin/../lib/gcc/arm-none-eabi/10.3.1/../../../../arm-none-eabi/lib/thumb/v7e-m+fp/hard\libc_nano.a(lib_a-vsnprintf.o)
                0x0800b698                _vsniprintf_r
                0x0800b698                _vsnprintf_r
 *fill*         0x0800b6ee        0x2 
 .text.vsnprintf
                0x0800b6f0       0x1c f:/stm32/win-dev-tools/gcc-arm-none-eabi/bin/../lib/gcc/arm-none-eabi/10.3.1/../../../../arm-none-eabi/lib/thumb/v7e-m+fp/hard\libc_nano.a(lib_a-vsnprintf.o)
                0x0800b6f0                vsniprintf
                0x0800b6f0                vsnprintf
 .text.quorem   0x0800b70c      0x116 f:/stm32/win-dev-tools/gcc-arm-none-eabi/bin/../lib/gcc/arm-none-eabi/10.3.1/../../../../arm-none-eabi/lib/thumb/v7e-m+fp/hard\libc_nano.a(lib_a-dtoa.o)
 *fill*         0x0800b822        0x6 
 .text._dtoa_r  0x0800b828      0xbdc f:/stm32/win-dev-tools/gcc-arm-none-eabi/bin/../lib/gcc/arm-none-eabi/10.3.1/../../../../arm-none-eabi/lib/thumb/v7e-m+fp/hard\libc_nano.a(lib_a-dtoa.o)
                0x0800b828                _dtoa_r
 .text.rshift   0x0800c404       0xa4 f:/stm32/win-dev-tools/gcc-arm-none-eabi/bin/../lib/gcc/arm-none-eabi/10.3.1/../../../../arm-none-eabi/lib/thumb/v7e-m+fp/hard\libc_nano.a(lib_a-gdtoa-gethex.o)
 .text.__hexdig_fun
                0x0800c4a8       0x2a f:/stm32/win-dev-tools/gcc-arm-none-eabi/bin/../lib/gcc/arm-none-eabi/10.3.1/../../../../arm-none-eabi/lib/thumb/v7e-m+fp/hard\libc_nano.a(lib_a-gdtoa-gethex.o)
                0x0800c4a8                __hexdig_fun
 *fill*         0x0800c4d2        0x2 
 .text.__gethex
                0x0800c4d4      0x48c f:/stm32/win-dev-tools/gcc-arm-none-eabi/bin/../lib/gcc/arm-none-eabi/10.3.1/../../../../arm-none-eabi/lib/thumb/v7e-m+fp/hard\libc_nano.a(lib_a-gdtoa-gethex.o)
                0x0800c4d4                __gethex
 .text.L_shift  0x0800c960       0x24 f:/stm32/win-dev-tools/gcc-arm-none-eabi/bin/../lib/gcc/arm-none-eabi/10.3.1/../../../../arm-none-eabi/lib/thumb/v7e-m+fp/hard\libc_nano.a(lib_a-gdtoa-hexnan.o)
 .text.__match  0x0800c984       0x28 f:/stm32/win-dev-tools/gcc-arm-none-eabi/bin/../lib/gcc/arm-none-eabi/10.3.1/../../../../arm-none-eabi/lib/thumb/v7e-m+fp/hard\libc_nano.a(lib_a-gdtoa-hexnan.o)
                0x0800c984                __match
 .text.__hexnan
                0x0800c9ac      0x138 f:/stm32/win-dev-tools/gcc-arm-none-eabi/bin/../lib/gcc/arm-none-eabi/10.3.1/../../../../arm-none-eabi/lib/thumb/v7e-m+fp/hard\libc_nano.a(lib_a-gdtoa-hexnan.o)
                0x0800c9ac                __hexnan
 .text._localeconv_r
                0x0800cae4        0x8 f:/stm32/win-dev-tools/gcc-arm-none-eabi/bin/../lib/gcc/arm-none-eabi/10.3.1/../../../../arm-none-eabi/lib/thumb/v7e-m+fp/hard\libc_nano.a(lib_a-localeconv.o)
                0x0800cae4                _localeconv_r
 .text.__ascii_mbtowc
                0x0800caec       0x24 f:/stm32/win-dev-tools/gcc-arm-none-eabi/bin/../lib/gcc/arm-none-eabi/10.3.1/../../../../arm-none-eabi/lib/thumb/v7e-m+fp/hard\libc_nano.a(lib_a-mbtowc_r.o)
                0x0800caec                __ascii_mbtowc
 .text.__malloc_lock
                0x0800cb10        0xc f:/stm32/win-dev-tools/gcc-arm-none-eabi/bin/../lib/gcc/arm-none-eabi/10.3.1/../../../../arm-none-eabi/lib/thumb/v7e-m+fp/hard\libc_nano.a(lib_a-mlock.o)
                0x0800cb10                __malloc_lock
 .text.__malloc_unlock
                0x0800cb1c        0xc f:/stm32/win-dev-tools/gcc-arm-none-eabi/bin/../lib/gcc/arm-none-eabi/10.3.1/../../../../arm-none-eabi/lib/thumb/v7e-m+fp/hard\libc_nano.a(lib_a-mlock.o)
                0x0800cb1c                __malloc_unlock
 .text._Balloc  0x0800cb28       0x80 f:/stm32/win-dev-tools/gcc-arm-none-eabi/bin/../lib/gcc/arm-none-eabi/10.3.1/../../../../arm-none-eabi/lib/thumb/v7e-m+fp/hard\libc_nano.a(lib_a-mprec.o)
                0x0800cb28                _Balloc
 .text._Bfree   0x0800cba8       0x44 f:/stm32/win-dev-tools/gcc-arm-none-eabi/bin/../lib/gcc/arm-none-eabi/10.3.1/../../../../arm-none-eabi/lib/thumb/v7e-m+fp/hard\libc_nano.a(lib_a-mprec.o)
                0x0800cba8                _Bfree
 .text.__multadd
                0x0800cbec       0x8c f:/stm32/win-dev-tools/gcc-arm-none-eabi/bin/../lib/gcc/arm-none-eabi/10.3.1/../../../../arm-none-eabi/lib/thumb/v7e-m+fp/hard\libc_nano.a(lib_a-mprec.o)
                0x0800cbec                __multadd
 .text.__s2b    0x0800cc78       0x94 f:/stm32/win-dev-tools/gcc-arm-none-eabi/bin/../lib/gcc/arm-none-eabi/10.3.1/../../../../arm-none-eabi/lib/thumb/v7e-m+fp/hard\libc_nano.a(lib_a-mprec.o)
                0x0800cc78                __s2b
 .text.__hi0bits
                0x0800cd0c       0x40 f:/stm32/win-dev-tools/gcc-arm-none-eabi/bin/../lib/gcc/arm-none-eabi/10.3.1/../../../../arm-none-eabi/lib/thumb/v7e-m+fp/hard\libc_nano.a(lib_a-mprec.o)
                0x0800cd0c                __hi0bits
 .text.__lo0bits
                0x0800cd4c       0x5e f:/stm32/win-dev-tools/gcc-arm-none-eabi/bin/../lib/gcc/arm-none-eabi/10.3.1/../../../../arm-none-eabi/lib/thumb/v7e-m+fp/hard\libc_nano.a(lib_a-mprec.o)
                0x0800cd4c                __lo0bits
 *fill*         0x0800cdaa        0x2 
 .text.__i2b    0x0800cdac       0x2c f:/stm32/win-dev-tools/gcc-arm-none-eabi/bin/../lib/gcc/arm-none-eabi/10.3.1/../../../../arm-none-eabi/lib/thumb/v7e-m+fp/hard\libc_nano.a(lib_a-mprec.o)
                0x0800cdac                __i2b
 .text.__multiply
                0x0800cdd8      0x154 f:/stm32/win-dev-tools/gcc-arm-none-eabi/bin/../lib/gcc/arm-none-eabi/10.3.1/../../../../arm-none-eabi/lib/thumb/v7e-m+fp/hard\libc_nano.a(lib_a-mprec.o)
                0x0800cdd8                __multiply
 .text.__pow5mult
                0x0800cf2c       0xb4 f:/stm32/win-dev-tools/gcc-arm-none-eabi/bin/../lib/gcc/arm-none-eabi/10.3.1/../../../../arm-none-eabi/lib/thumb/v7e-m+fp/hard\libc_nano.a(lib_a-mprec.o)
                0x0800cf2c                __pow5mult
 .text.__lshift
                0x0800cfe0       0xe0 f:/stm32/win-dev-tools/gcc-arm-none-eabi/bin/../lib/gcc/arm-none-eabi/10.3.1/../../../../arm-none-eabi/lib/thumb/v7e-m+fp/hard\libc_nano.a(lib_a-mprec.o)
                0x0800cfe0                __lshift
 .text.__mcmp   0x0800d0c0       0x38 f:/stm32/win-dev-tools/gcc-arm-none-eabi/bin/../lib/gcc/arm-none-eabi/10.3.1/../../../../arm-none-eabi/lib/thumb/v7e-m+fp/hard\libc_nano.a(lib_a-mprec.o)
                0x0800d0c0                __mcmp
 .text.__mdiff  0x0800d0f8      0x114 f:/stm32/win-dev-tools/gcc-arm-none-eabi/bin/../lib/gcc/arm-none-eabi/10.3.1/../../../../arm-none-eabi/lib/thumb/v7e-m+fp/hard\libc_nano.a(lib_a-mprec.o)
                0x0800d0f8                __mdiff
 .text.__ulp    0x0800d20c       0x58 f:/stm32/win-dev-tools/gcc-arm-none-eabi/bin/../lib/gcc/arm-none-eabi/10.3.1/../../../../arm-none-eabi/lib/thumb/v7e-m+fp/hard\libc_nano.a(lib_a-mprec.o)
                0x0800d20c                __ulp
 .text.__b2d    0x0800d264       0xa0 f:/stm32/win-dev-tools/gcc-arm-none-eabi/bin/../lib/gcc/arm-none-eabi/10.3.1/../../../../arm-none-eabi/lib/thumb/v7e-m+fp/hard\libc_nano.a(lib_a-mprec.o)
                0x0800d264                __b2d
 .text.__d2b    0x0800d304       0xb8 f:/stm32/win-dev-tools/gcc-arm-none-eabi/bin/../lib/gcc/arm-none-eabi/10.3.1/../../../../arm-none-eabi/lib/thumb/v7e-m+fp/hard\libc_nano.a(lib_a-mprec.o)
                0x0800d304                __d2b
 .text.__ratio  0x0800d3bc       0x66 f:/stm32/win-dev-tools/gcc-arm-none-eabi/bin/../lib/gcc/arm-none-eabi/10.3.1/../../../../arm-none-eabi/lib/thumb/v7e-m+fp/hard\libc_nano.a(lib_a-mprec.o)
                0x0800d3bc                __ratio
 .text.__copybits
                0x0800d422       0x46 f:/stm32/win-dev-tools/gcc-arm-none-eabi/bin/../lib/gcc/arm-none-eabi/10.3.1/../../../../arm-none-eabi/lib/thumb/v7e-m+fp/hard\libc_nano.a(lib_a-mprec.o)
                0x0800d422                __copybits
 .text.__any_on
                0x0800d468       0x42 f:/stm32/win-dev-tools/gcc-arm-none-eabi/bin/../lib/gcc/arm-none-eabi/10.3.1/../../../../arm-none-eabi/lib/thumb/v7e-m+fp/hard\libc_nano.a(lib_a-mprec.o)
                0x0800d468                __any_on
 .text._calloc_r
                0x0800d4aa       0x2c f:/stm32/win-dev-tools/gcc-arm-none-eabi/bin/../lib/gcc/arm-none-eabi/10.3.1/../../../../arm-none-eabi/lib/thumb/v7e-m+fp/hard\libc_nano.a(lib_a-nano-callocr.o)
                0x0800d4aa                _calloc_r
 .text.__ssputs_r
                0x0800d4d6       0xb6 f:/stm32/win-dev-tools/gcc-arm-none-eabi/bin/../lib/gcc/arm-none-eabi/10.3.1/../../../../arm-none-eabi/lib/thumb/v7e-m+fp/hard\libc_nano.a(lib_a-nano-svfprintf.o)
                0x0800d4d6                __ssputs_r
 .text._svfprintf_r
                0x0800d58c      0x200 f:/stm32/win-dev-tools/gcc-arm-none-eabi/bin/../lib/gcc/arm-none-eabi/10.3.1/../../../../arm-none-eabi/lib/thumb/v7e-m+fp/hard\libc_nano.a(lib_a-nano-svfprintf.o)
                0x0800d58c                _svfiprintf_r
                0x0800d58c                _svfprintf_r
 *fill*         0x0800d78c        0x4 
 .text.nan      0x0800d790       0x10 f:/stm32/win-dev-tools/gcc-arm-none-eabi/bin/../lib/gcc/arm-none-eabi/10.3.1/../../../../arm-none-eabi/lib/thumb/v7e-m+fp/hard\libc_nano.a(lib_a-s_nan.o)
                0x0800d790                nan
 .text.strncmp  0x0800d7a0       0x28 f:/stm32/win-dev-tools/gcc-arm-none-eabi/bin/../lib/gcc/arm-none-eabi/10.3.1/../../../../arm-none-eabi/lib/thumb/v7e-m+fp/hard\libc_nano.a(lib_a-strncmp.o)
                0x0800d7a0                strncmp
 .text.__ascii_wctomb
                0x0800d7c8       0x1a f:/stm32/win-dev-tools/gcc-arm-none-eabi/bin/../lib/gcc/arm-none-eabi/10.3.1/../../../../arm-none-eabi/lib/thumb/v7e-m+fp/hard\libc_nano.a(lib_a-wctomb_r.o)
                0x0800d7c8                __ascii_wctomb
 *fill*         0x0800d7e2        0x2 
 .text.__assert_func
                0x0800d7e4       0x3c f:/stm32/win-dev-tools/gcc-arm-none-eabi/bin/../lib/gcc/arm-none-eabi/10.3.1/../../../../arm-none-eabi/lib/thumb/v7e-m+fp/hard\libc_nano.a(lib_a-assert.o)
                0x0800d7e4                __assert_func
 .text.fprintf  0x0800d820       0x24 f:/stm32/win-dev-tools/gcc-arm-none-eabi/bin/../lib/gcc/arm-none-eabi/10.3.1/../../../../arm-none-eabi/lib/thumb/v7e-m+fp/hard\libc_nano.a(lib_a-fprintf.o)
                0x0800d820                fiprintf
                0x0800d820                fprintf
 .text.__retarget_lock_init_recursive
                0x0800d844        0x2 f:/stm32/win-dev-tools/gcc-arm-none-eabi/bin/../lib/gcc/arm-none-eabi/10.3.1/../../../../arm-none-eabi/lib/thumb/v7e-m+fp/hard\libc_nano.a(lib_a-lock.o)
                0x0800d844                __retarget_lock_init_recursive
 .text.__retarget_lock_acquire_recursive
                0x0800d846        0x2 f:/stm32/win-dev-tools/gcc-arm-none-eabi/bin/../lib/gcc/arm-none-eabi/10.3.1/../../../../arm-none-eabi/lib/thumb/v7e-m+fp/hard\libc_nano.a(lib_a-lock.o)
                0x0800d846                __retarget_lock_acquire_recursive
 .text.__retarget_lock_release_recursive
                0x0800d848        0x2 f:/stm32/win-dev-tools/gcc-arm-none-eabi/bin/../lib/gcc/arm-none-eabi/10.3.1/../../../../arm-none-eabi/lib/thumb/v7e-m+fp/hard\libc_nano.a(lib_a-lock.o)
                0x0800d848                __retarget_lock_release_recursive
 .text.memmove  0x0800d84a       0x34 f:/stm32/win-dev-tools/gcc-arm-none-eabi/bin/../lib/gcc/arm-none-eabi/10.3.1/../../../../arm-none-eabi/lib/thumb/v7e-m+fp/hard\libc_nano.a(lib_a-memmove.o)
                0x0800d84a                memmove
 .text._realloc_r
                0x0800d87e       0x5e f:/stm32/win-dev-tools/gcc-arm-none-eabi/bin/../lib/gcc/arm-none-eabi/10.3.1/../../../../arm-none-eabi/lib/thumb/v7e-m+fp/hard\libc_nano.a(lib_a-nano-reallocr.o)
                0x0800d87e                _realloc_r
 .text.__sfputc_r
                0x0800d8dc       0x2e f:/stm32/win-dev-tools/gcc-arm-none-eabi/bin/../lib/gcc/arm-none-eabi/10.3.1/../../../../arm-none-eabi/lib/thumb/v7e-m+fp/hard\libc_nano.a(lib_a-nano-vfprintf.o)
 .text.__sfputs_r
                0x0800d90a       0x24 f:/stm32/win-dev-tools/gcc-arm-none-eabi/bin/../lib/gcc/arm-none-eabi/10.3.1/../../../../arm-none-eabi/lib/thumb/v7e-m+fp/hard\libc_nano.a(lib_a-nano-vfprintf.o)
                0x0800d90a                __sfputs_r
 *fill*         0x0800d92e        0x2 
 .text._vfprintf_r
                0x0800d930      0x260 f:/stm32/win-dev-tools/gcc-arm-none-eabi/bin/../lib/gcc/arm-none-eabi/10.3.1/../../../../arm-none-eabi/lib/thumb/v7e-m+fp/hard\libc_nano.a(lib_a-nano-vfprintf.o)
                0x0800d930                _vfprintf_r
                0x0800d930                _vfiprintf_r
 .text.__swbuf_r
                0x0800db90       0xa4 f:/stm32/win-dev-tools/gcc-arm-none-eabi/bin/../lib/gcc/arm-none-eabi/10.3.1/../../../../arm-none-eabi/lib/thumb/v7e-m+fp/hard\libc_nano.a(lib_a-wbuf.o)
                0x0800db90                __swbuf_r
 .text.__swsetup_r
                0x0800dc34       0xdc f:/stm32/win-dev-tools/gcc-arm-none-eabi/bin/../lib/gcc/arm-none-eabi/10.3.1/../../../../arm-none-eabi/lib/thumb/v7e-m+fp/hard\libc_nano.a(lib_a-wsetup.o)
                0x0800dc34                __swsetup_r
 .text.abort    0x0800dd10        0xe f:/stm32/win-dev-tools/gcc-arm-none-eabi/bin/../lib/gcc/arm-none-eabi/10.3.1/../../../../arm-none-eabi/lib/thumb/v7e-m+fp/hard\libc_nano.a(lib_a-abort.o)
                0x0800dd10                abort
 *fill*         0x0800dd1e        0x2 
 .text.__sflush_r
                0x0800dd20      0x10c f:/stm32/win-dev-tools/gcc-arm-none-eabi/bin/../lib/gcc/arm-none-eabi/10.3.1/../../../../arm-none-eabi/lib/thumb/v7e-m+fp/hard\libc_nano.a(lib_a-fflush.o)
                0x0800dd20                __sflush_r
 .text._fflush_r
                0x0800de2c       0x78 f:/stm32/win-dev-tools/gcc-arm-none-eabi/bin/../lib/gcc/arm-none-eabi/10.3.1/../../../../arm-none-eabi/lib/thumb/v7e-m+fp/hard\libc_nano.a(lib_a-fflush.o)
                0x0800de2c                _fflush_r
 .text.std      0x0800dea4       0x48 f:/stm32/win-dev-tools/gcc-arm-none-eabi/bin/../lib/gcc/arm-none-eabi/10.3.1/../../../../arm-none-eabi/lib/thumb/v7e-m+fp/hard\libc_nano.a(lib_a-findfp.o)
 .text._cleanup_r
                0x0800deec        0xc f:/stm32/win-dev-tools/gcc-arm-none-eabi/bin/../lib/gcc/arm-none-eabi/10.3.1/../../../../arm-none-eabi/lib/thumb/v7e-m+fp/hard\libc_nano.a(lib_a-findfp.o)
                0x0800deec                _cleanup_r
 .text.__sfmoreglue
                0x0800def8       0x2c f:/stm32/win-dev-tools/gcc-arm-none-eabi/bin/../lib/gcc/arm-none-eabi/10.3.1/../../../../arm-none-eabi/lib/thumb/v7e-m+fp/hard\libc_nano.a(lib_a-findfp.o)
                0x0800def8                __sfmoreglue
 .text.__sfp_lock_acquire
                0x0800df24        0xc f:/stm32/win-dev-tools/gcc-arm-none-eabi/bin/../lib/gcc/arm-none-eabi/10.3.1/../../../../arm-none-eabi/lib/thumb/v7e-m+fp/hard\libc_nano.a(lib_a-findfp.o)
                0x0800df24                __sfp_lock_acquire
 .text.__sfp_lock_release
                0x0800df30        0xc f:/stm32/win-dev-tools/gcc-arm-none-eabi/bin/../lib/gcc/arm-none-eabi/10.3.1/../../../../arm-none-eabi/lib/thumb/v7e-m+fp/hard\libc_nano.a(lib_a-findfp.o)
                0x0800df30                __sfp_lock_release
 .text.__sinit_lock_acquire
                0x0800df3c        0xc f:/stm32/win-dev-tools/gcc-arm-none-eabi/bin/../lib/gcc/arm-none-eabi/10.3.1/../../../../arm-none-eabi/lib/thumb/v7e-m+fp/hard\libc_nano.a(lib_a-findfp.o)
                0x0800df3c                __sinit_lock_acquire
 .text.__sinit_lock_release
                0x0800df48        0xc f:/stm32/win-dev-tools/gcc-arm-none-eabi/bin/../lib/gcc/arm-none-eabi/10.3.1/../../../../arm-none-eabi/lib/thumb/v7e-m+fp/hard\libc_nano.a(lib_a-findfp.o)
                0x0800df48                __sinit_lock_release
 .text.__sinit  0x0800df54       0x70 f:/stm32/win-dev-tools/gcc-arm-none-eabi/bin/../lib/gcc/arm-none-eabi/10.3.1/../../../../arm-none-eabi/lib/thumb/v7e-m+fp/hard\libc_nano.a(lib_a-findfp.o)
                0x0800df54                __sinit
 .text.__sfp    0x0800dfc4       0x8c f:/stm32/win-dev-tools/gcc-arm-none-eabi/bin/../lib/gcc/arm-none-eabi/10.3.1/../../../../arm-none-eabi/lib/thumb/v7e-m+fp/hard\libc_nano.a(lib_a-findfp.o)
                0x0800dfc4                __sfp
 .text._fwalk_reent
                0x0800e050       0x3e f:/stm32/win-dev-tools/gcc-arm-none-eabi/bin/../lib/gcc/arm-none-eabi/10.3.1/../../../../arm-none-eabi/lib/thumb/v7e-m+fp/hard\libc_nano.a(lib_a-fwalk.o)
                0x0800e050                _fwalk_reent
 .text.__swhatbuf_r
                0x0800e08e       0x4a f:/stm32/win-dev-tools/gcc-arm-none-eabi/bin/../lib/gcc/arm-none-eabi/10.3.1/../../../../arm-none-eabi/lib/thumb/v7e-m+fp/hard\libc_nano.a(lib_a-makebuf.o)
                0x0800e08e                __swhatbuf_r
 .text.__smakebuf_r
                0x0800e0d8       0x80 f:/stm32/win-dev-tools/gcc-arm-none-eabi/bin/../lib/gcc/arm-none-eabi/10.3.1/../../../../arm-none-eabi/lib/thumb/v7e-m+fp/hard\libc_nano.a(lib_a-makebuf.o)
                0x0800e0d8                __smakebuf_r
 .text._malloc_usable_size_r
                0x0800e158       0x10 f:/stm32/win-dev-tools/gcc-arm-none-eabi/bin/../lib/gcc/arm-none-eabi/10.3.1/../../../../arm-none-eabi/lib/thumb/v7e-m+fp/hard\libc_nano.a(lib_a-nano-msizer.o)
                0x0800e158                _malloc_usable_size_r
 .text._raise_r
                0x0800e168       0x50 f:/stm32/win-dev-tools/gcc-arm-none-eabi/bin/../lib/gcc/arm-none-eabi/10.3.1/../../../../arm-none-eabi/lib/thumb/v7e-m+fp/hard\libc_nano.a(lib_a-signal.o)
                0x0800e168                _raise_r
 .text.raise    0x0800e1b8       0x10 f:/stm32/win-dev-tools/gcc-arm-none-eabi/bin/../lib/gcc/arm-none-eabi/10.3.1/../../../../arm-none-eabi/lib/thumb/v7e-m+fp/hard\libc_nano.a(lib_a-signal.o)
                0x0800e1b8                raise
 .text._kill_r  0x0800e1c8       0x24 f:/stm32/win-dev-tools/gcc-arm-none-eabi/bin/../lib/gcc/arm-none-eabi/10.3.1/../../../../arm-none-eabi/lib/thumb/v7e-m+fp/hard\libc_nano.a(lib_a-signalr.o)
                0x0800e1c8                _kill_r
 .text._getpid_r
                0x0800e1ec        0x4 f:/stm32/win-dev-tools/gcc-arm-none-eabi/bin/../lib/gcc/arm-none-eabi/10.3.1/../../../../arm-none-eabi/lib/thumb/v7e-m+fp/hard\libc_nano.a(lib_a-signalr.o)
                0x0800e1ec                _getpid_r
 .text.__sread  0x0800e1f0       0x22 f:/stm32/win-dev-tools/gcc-arm-none-eabi/bin/../lib/gcc/arm-none-eabi/10.3.1/../../../../arm-none-eabi/lib/thumb/v7e-m+fp/hard\libc_nano.a(lib_a-stdio.o)
                0x0800e1f0                __sread
 .text.__swrite
                0x0800e212       0x38 f:/stm32/win-dev-tools/gcc-arm-none-eabi/bin/../lib/gcc/arm-none-eabi/10.3.1/../../../../arm-none-eabi/lib/thumb/v7e-m+fp/hard\libc_nano.a(lib_a-stdio.o)
                0x0800e212                __swrite
 .text.__sseek  0x0800e24a       0x24 f:/stm32/win-dev-tools/gcc-arm-none-eabi/bin/../lib/gcc/arm-none-eabi/10.3.1/../../../../arm-none-eabi/lib/thumb/v7e-m+fp/hard\libc_nano.a(lib_a-stdio.o)
                0x0800e24a                __sseek
 .text.__sclose
                0x0800e26e        0x8 f:/stm32/win-dev-tools/gcc-arm-none-eabi/bin/../lib/gcc/arm-none-eabi/10.3.1/../../../../arm-none-eabi/lib/thumb/v7e-m+fp/hard\libc_nano.a(lib_a-stdio.o)
                0x0800e26e                __sclose
 *fill*         0x0800e276        0x2 
 .text._write_r
                0x0800e278       0x24 f:/stm32/win-dev-tools/gcc-arm-none-eabi/bin/../lib/gcc/arm-none-eabi/10.3.1/../../../../arm-none-eabi/lib/thumb/v7e-m+fp/hard\libc_nano.a(lib_a-writer.o)
                0x0800e278                _write_r
 .text._close_r
                0x0800e29c       0x20 f:/stm32/win-dev-tools/gcc-arm-none-eabi/bin/../lib/gcc/arm-none-eabi/10.3.1/../../../../arm-none-eabi/lib/thumb/v7e-m+fp/hard\libc_nano.a(lib_a-closer.o)
                0x0800e29c                _close_r
 .text._fstat_r
                0x0800e2bc       0x24 f:/stm32/win-dev-tools/gcc-arm-none-eabi/bin/../lib/gcc/arm-none-eabi/10.3.1/../../../../arm-none-eabi/lib/thumb/v7e-m+fp/hard\libc_nano.a(lib_a-fstatr.o)
                0x0800e2bc                _fstat_r
 .text._isatty_r
                0x0800e2e0       0x20 f:/stm32/win-dev-tools/gcc-arm-none-eabi/bin/../lib/gcc/arm-none-eabi/10.3.1/../../../../arm-none-eabi/lib/thumb/v7e-m+fp/hard\libc_nano.a(lib_a-isattyr.o)
                0x0800e2e0                _isatty_r
 .text._lseek_r
                0x0800e300       0x24 f:/stm32/win-dev-tools/gcc-arm-none-eabi/bin/../lib/gcc/arm-none-eabi/10.3.1/../../../../arm-none-eabi/lib/thumb/v7e-m+fp/hard\libc_nano.a(lib_a-lseekr.o)
                0x0800e300                _lseek_r
 .text._read_r  0x0800e324       0x24 f:/stm32/win-dev-tools/gcc-arm-none-eabi/bin/../lib/gcc/arm-none-eabi/10.3.1/../../../../arm-none-eabi/lib/thumb/v7e-m+fp/hard\libc_nano.a(lib_a-readr.o)
                0x0800e324                _read_r
 .text.sqrt     0x0800e348       0x68 f:/stm32/win-dev-tools/gcc-arm-none-eabi/bin/../lib/gcc/arm-none-eabi/10.3.1/../../../../arm-none-eabi/lib/thumb/v7e-m+fp/hard\libm.a(lib_a-w_sqrt.o)
                0x0800e348                sqrt
 .text.__ieee754_sqrt
                0x0800e3b0      0x198 f:/stm32/win-dev-tools/gcc-arm-none-eabi/bin/../lib/gcc/arm-none-eabi/10.3.1/../../../../arm-none-eabi/lib/thumb/v7e-m+fp/hard\libm.a(lib_a-e_sqrt.o)
                0x0800e3b0                __ieee754_sqrt
 *(.glue_7)
 .glue_7        0x0800e548        0x0 linker stubs
 *(.glue_7t)
 .glue_7t       0x0800e548        0x0 linker stubs
 *(.eh_frame)
 .eh_frame      0x0800e548        0x0 f:/stm32/win-dev-tools/gcc-arm-none-eabi/bin/../lib/gcc/arm-none-eabi/10.3.1/thumb/v7e-m+fp/hard/crtbegin.o
 *(.init)
 .init          0x0800e548        0x4 f:/stm32/win-dev-tools/gcc-arm-none-eabi/bin/../lib/gcc/arm-none-eabi/10.3.1/thumb/v7e-m+fp/hard/crti.o
                0x0800e548                _init
 .init          0x0800e54c        0x8 f:/stm32/win-dev-tools/gcc-arm-none-eabi/bin/../lib/gcc/arm-none-eabi/10.3.1/thumb/v7e-m+fp/hard/crtn.o
 *(.fini)
 .fini          0x0800e554        0x4 f:/stm32/win-dev-tools/gcc-arm-none-eabi/bin/../lib/gcc/arm-none-eabi/10.3.1/thumb/v7e-m+fp/hard/crti.o
                0x0800e554                _fini
 .fini          0x0800e558        0x8 f:/stm32/win-dev-tools/gcc-arm-none-eabi/bin/../lib/gcc/arm-none-eabi/10.3.1/thumb/v7e-m+fp/hard/crtn.o
                0x0800e560                . = ALIGN (0x8)
                0x0800e560                _etext = .

.vfp11_veneer   0x0800e560        0x0
 .vfp11_veneer  0x0800e560        0x0 linker stubs

.v4_bx          0x0800e560        0x0
 .v4_bx         0x0800e560        0x0 linker stubs

.iplt           0x0800e560        0x0
 .iplt          0x0800e560        0x0 f:/stm32/win-dev-tools/gcc-arm-none-eabi/bin/../lib/gcc/arm-none-eabi/10.3.1/thumb/v7e-m+fp/hard/crtbegin.o

.rodata         0x0800e560     0x1c00
                0x0800e560                . = ALIGN (0x8)
 *(.rodata)
 .rodata        0x0800e560        0x3 build/hdc1000.o
 *fill*         0x0800e563        0x1 
 .rodata        0x0800e564        0x3 build/opt3001.o
 *(.rodata*)
 *fill*         0x0800e567        0x1 
 .rodata.str1.4
                0x0800e568       0x2c build/freertos.o
 .rodata.LEDTask_attributes
                0x0800e594       0x24 build/freertos.o
                0x0800e594                LEDTask_attributes
 .rodata.LoraWTask_attributes
                0x0800e5b8       0x24 build/freertos.o
                0x0800e5b8                LoraWTask_attributes
 .rodata.TempTask_attributes
                0x0800e5dc       0x24 build/freertos.o
                0x0800e5dc                TempTask_attributes
 .rodata.defaultTask_attributes
                0x0800e600       0x24 build/freertos.o
                0x0800e600                defaultTask_attributes
 .rodata.node_hard_reset.str1.4
                0x0800e624       0x12 build/lorawan_node_driver.o
 *fill*         0x0800e636        0x2 
 .rodata.commResultPrint.str1.4
                0x0800e638       0xe4 build/lorawan_node_driver.o
 .rodata.transfer_configure_command.str1.4
                0x0800e71c       0x23 build/lorawan_node_driver.o
                                 0x27 (size before relaxing)
 *fill*         0x0800e73f        0x1 
 .rodata.transfer_inquire_command.str1.4
                0x0800e740        0x7 build/lorawan_node_driver.o
 *fill*         0x0800e747        0x1 
 .rodata.node_block_join.str1.4
                0x0800e748       0x38 build/lorawan_node_driver.o
 .rodata.down_data_process.str1.4
                0x0800e780       0x86 build/lorawan_node_driver.o
 *fill*         0x0800e806        0x2 
 .rodata.node_block_send.str1.4
                0x0800e808       0x2a build/lorawan_node_driver.o
 *fill*         0x0800e832        0x2 
 .rodata.nodeDataCommunicate.str1.4
                0x0800e834       0x1f build/lorawan_node_driver.o
 *fill*         0x0800e853        0x1 
 .rodata.LCD_Init.str1.4
                0x0800e854       0x16 build/ST7789v.o
 *fill*         0x0800e86a        0x2 
 .rodata.asc2_1608
                0x0800e86c      0x5f0 build/ST7789v.o
                0x0800e86c                asc2_1608
 .rodata.gImage_lsd
                0x0800ee5c      0xb9a build/ST7789v.o
                0x0800ee5c                gImage_lsd
 *fill*         0x0800f9f6        0x2 
 .rodata.Touch_Adjust.str1.4
                0x0800f9f8       0x68 build/XPT2046.o
 .rodata.LoRaWAN_Func_Process.str1.4
                0x0800fa60       0x73 build/app.o
 *fill*         0x0800fad3        0x1 
 .rodata.LoRaWAN_Borad_Info_Print.str1.4
                0x0800fad4      0x116 build/app.o
                                0x11a (size before relaxing)
 *fill*         0x0800fbea        0x2 
 .rodata.AHBPrescTable
                0x0800fbec       0x10 build/system_stm32l4xx.o
                0x0800fbec                AHBPrescTable
 .rodata.APBPrescTable
                0x0800fbfc        0x8 build/system_stm32l4xx.o
                0x0800fbfc                APBPrescTable
 .rodata.MSIRangeTable
                0x0800fc04       0x30 build/system_stm32l4xx.o
                0x0800fc04                MSIRangeTable
 .rodata.vTaskStartScheduler.str1.4
                0x0800fc34        0x5 build/tasks.o
 *fill*         0x0800fc39        0x3 
 .rodata.prvCheckForValidListAndQueue.str1.4
                0x0800fc3c        0x5 build/timers.o
 *fill*         0x0800fc41        0x3 
 .rodata.xTimerCreateTimerTask.str1.4
                0x0800fc44        0x8 build/timers.o
 .rodata._global_impure_ptr
                0x0800fc4c        0x4 f:/stm32/win-dev-tools/gcc-arm-none-eabi/bin/../lib/gcc/arm-none-eabi/10.3.1/../../../../arm-none-eabi/lib/thumb/v7e-m+fp/hard\libc_nano.a(lib_a-impure.o)
                0x0800fc4c                _global_impure_ptr
 .rodata._printf_float.str1.1
                0x0800fc50       0x12 f:/stm32/win-dev-tools/gcc-arm-none-eabi/bin/../lib/gcc/arm-none-eabi/10.3.1/../../../../arm-none-eabi/lib/thumb/v7e-m+fp/hard\libc_nano.a(lib_a-nano-vfprintf_float.o)
 .rodata._printf_i.str1.1
                0x0800fc62       0x22 f:/stm32/win-dev-tools/gcc-arm-none-eabi/bin/../lib/gcc/arm-none-eabi/10.3.1/../../../../arm-none-eabi/lib/thumb/v7e-m+fp/hard\libc_nano.a(lib_a-nano-vfprintf_i.o)
 .rodata._scanf_float.str1.1
                0x0800fc84        0x5 f:/stm32/win-dev-tools/gcc-arm-none-eabi/bin/../lib/gcc/arm-none-eabi/10.3.1/../../../../arm-none-eabi/lib/thumb/v7e-m+fp/hard\libc_nano.a(lib_a-nano-vfscanf_float.o)
                                  0x6 (size before relaxing)
 .rodata._strtod_l.str1.1
                0x0800fc89        0x5 f:/stm32/win-dev-tools/gcc-arm-none-eabi/bin/../lib/gcc/arm-none-eabi/10.3.1/../../../../arm-none-eabi/lib/thumb/v7e-m+fp/hard\libc_nano.a(lib_a-strtod.o)
                                  0xd (size before relaxing)
 *fill*         0x0800fc89        0x3 
 .rodata.fpi.1  0x0800fc8c       0x14 f:/stm32/win-dev-tools/gcc-arm-none-eabi/bin/../lib/gcc/arm-none-eabi/10.3.1/../../../../arm-none-eabi/lib/thumb/v7e-m+fp/hard\libc_nano.a(lib_a-strtod.o)
 .rodata.fpinan.0
                0x0800fca0       0x14 f:/stm32/win-dev-tools/gcc-arm-none-eabi/bin/../lib/gcc/arm-none-eabi/10.3.1/../../../../arm-none-eabi/lib/thumb/v7e-m+fp/hard\libc_nano.a(lib_a-strtod.o)
 *fill*         0x0800fcb4        0x4 
 .rodata.tinytens
                0x0800fcb8       0x28 f:/stm32/win-dev-tools/gcc-arm-none-eabi/bin/../lib/gcc/arm-none-eabi/10.3.1/../../../../arm-none-eabi/lib/thumb/v7e-m+fp/hard\libc_nano.a(lib_a-strtod.o)
 .rodata._ctype_
                0x0800fce0      0x101 f:/stm32/win-dev-tools/gcc-arm-none-eabi/bin/../lib/gcc/arm-none-eabi/10.3.1/../../../../arm-none-eabi/lib/thumb/v7e-m+fp/hard\libc_nano.a(lib_a-ctype_.o)
                0x0800fce0                _ctype_
 .rodata._dtoa_r.str1.1
                0x0800fde1       0xb3 f:/stm32/win-dev-tools/gcc-arm-none-eabi/bin/../lib/gcc/arm-none-eabi/10.3.1/../../../../arm-none-eabi/lib/thumb/v7e-m+fp/hard\libc_nano.a(lib_a-dtoa.o)
                                 0xb5 (size before relaxing)
 .rodata.__gethex.str1.1
                0x0800fe94       0x86 f:/stm32/win-dev-tools/gcc-arm-none-eabi/bin/../lib/gcc/arm-none-eabi/10.3.1/../../../../arm-none-eabi/lib/thumb/v7e-m+fp/hard\libc_nano.a(lib_a-gdtoa-gethex.o)
                                 0x97 (size before relaxing)
 .rodata.str1.1
                0x0800ff1a        0x2 f:/stm32/win-dev-tools/gcc-arm-none-eabi/bin/../lib/gcc/arm-none-eabi/10.3.1/../../../../arm-none-eabi/lib/thumb/v7e-m+fp/hard\libc_nano.a(lib_a-lnumeric.o)
                                  0x3 (size before relaxing)
 .rodata._C_numeric_locale
                0x0800ff1c        0xc f:/stm32/win-dev-tools/gcc-arm-none-eabi/bin/../lib/gcc/arm-none-eabi/10.3.1/../../../../arm-none-eabi/lib/thumb/v7e-m+fp/hard\libc_nano.a(lib_a-lnumeric.o)
                0x0800ff1c                _C_numeric_locale
 .rodata._setlocale_r.str1.1
                0x0800ff28        0x8 f:/stm32/win-dev-tools/gcc-arm-none-eabi/bin/../lib/gcc/arm-none-eabi/10.3.1/../../../../arm-none-eabi/lib/thumb/v7e-m+fp/hard\libc_nano.a(lib_a-locale.o)
                                  0x9 (size before relaxing)
 .rodata.str1.1